<html>
<body>
<pre>
<h1>µVision Build Log</h1>
<h2>Tool Versions:</h2>
IDE-Version: ¦ÌVision V5.29.0.0
Copyright (C) 2019 ARM Ltd and ARM Germany GmbH. All rights reserved.
License Information: min label, min, LIC=Q7GU5-G86BT-AWK2F-67PH0-L02Q6-L2NQP
 
Tool Versions:
Toolchain:       MDK-ARM Professional  Version: 5.29.0.0
Toolchain Path:  D:\project software\keil5\ARM\ARMCC\Bin
C Compiler:      Armcc.exe V5.06 update 6 (build 750)
Assembler:       Armasm.exe V5.06 update 6 (build 750)
Linker/Locator:  ArmLink.exe V5.06 update 6 (build 750)
Library Manager: ArmAr.exe V5.06 update 6 (build 750)
Hex Converter:   FromElf.exe V5.06 update 6 (build 750)
CPU DLL:         SARMCM3.DLL V5.29.0.0
Dialog DLL:      DCM.DLL V1.17.3.0
Target DLL:      STLink\ST-LINKIII-KEIL_SWO.dll V3.0.7.0
Dialog DLL:      TCM.DLL V1.36.5.0
 
<h2>Project:</h2>
E:\STM32project\project2\project2.uvprojx
Project File Date:  12/11/2024

<h2>Output:</h2>
*** Using Compiler 'V5.06 update 6 (build 750)', folder: 'D:\project software\keil5\ARM\ARMCC\Bin'
Rebuild target 'Target 1'
compiling flash.c...
compiling delay.c...
compiling key.c...
compiling rtc.c...
compiling core_cm3.c...
compiling nvic.c...
compiling adc.c...
compiling sys.c...
compiling encoder.c...
compiling led.c...
compiling bkp.c...
compiling buzzer.c...
compiling usart.c...
Basic\usart\usart.c(28): warning:  #260-D: explicit type is missing ("int" assumed)
  _sys_exit(int x){
Basic\usart\usart.c: 1 warning, 0 errors
compiling i2c.c...
compiling system_stm32f10x.c...
compiling lm75a.c...
compiling touch_key.c...
compiling tm1640.c...
compiling oled0561.c...
compiling dht11.c...
compiling misc.c...
compiling stm32f10x_bkp.c...
compiling stm32f10x_exti.c...
compiling stm32f10x_gpio.c...
compiling stm32f10x_pwr.c...
compiling stm32f10x_i2c.c...
compiling stm32f10x_flash.c...
assembling startup_stm32f10x_md.s...
compiling stm32f10x_rcc.c...
compiling stm32f10x_rtc.c...
compiling stm32f10x_usart.c...
compiling stm32f10x_adc.c...
compiling stm32f10x_dma.c...
compiling stm32f10x_it.c...
compiling main.c...
User\main.c(33): warning:  #177-D: variable "dht11_data"  was declared but never referenced
  	u8 dht11_data[2];
User\main.c: 1 warning, 0 errors
linking...
Program Size: Code=12464 RO-data=3588 RW-data=48 ZI-data=1896  
FromELF: creating hex file...
".\Objects\project2.axf" - 0 Error(s), 2 Warning(s).

<h2>Software Packages used:</h2>

Package Vendor: Keil
                http://www.keil.com/pack/Keil.STM32F1xx_DFP.2.3.0.pack
                Keil.STM32F1xx_DFP.2.3.0
                STMicroelectronics STM32F1 Series Device Support, Drivers and Examples

<h2>Collection of Component include folders:</h2>
  .\RTE\_Target_1
  D:\project software\keil5\Packs\Keil\STM32F1xx_DFP\2.3.0\Device\Include

<h2>Collection of Component Files used:</h2>
Build Time Elapsed:  00:00:02
</pre>
</body>
</html>
