Component: ARM Compiler 5.06 update 6 (build 750) Tool: armlink [4d35ed]

==============================================================================

Section Cross References

    delay.o(i.delay_ms) refers to delay.o(i.delay_us) for delay_us
    delay.o(i.delay_s) refers to delay.o(i.delay_ms) for delay_ms
    flash.o(i.FLASH_W) refers to stm32f10x_flash.o(i.FLASH_Unlock) for FLASH_Unlock
    flash.o(i.FLASH_W) refers to stm32f10x_flash.o(i.FLASH_ClearFlag) for FLASH_ClearFlag
    flash.o(i.FLASH_W) refers to stm32f10x_flash.o(i.FLASH_ErasePage) for FLASH_ErasePage
    flash.o(i.FLASH_W) refers to stm32f10x_flash.o(i.FLASH_ProgramHalfWord) for FLASH_ProgramHalfWord
    flash.o(i.FLASH_W) refers to stm32f10x_flash.o(i.FLASH_Lock) for FLASH_Lock
    i2c.o(i.I2C_Configuration) refers to i2c.o(i.I2C_GPIO_Init) for I2C_GPIO_Init
    i2c.o(i.I2C_Configuration) refers to stm32f10x_i2c.o(i.I2C_Init) for I2C_Init
    i2c.o(i.I2C_Configuration) refers to stm32f10x_i2c.o(i.I2C_Cmd) for I2C_Cmd
    i2c.o(i.I2C_GPIO_Init) refers to stm32f10x_rcc.o(i.RCC_APB2PeriphClockCmd) for RCC_APB2PeriphClockCmd
    i2c.o(i.I2C_GPIO_Init) refers to stm32f10x_rcc.o(i.RCC_APB1PeriphClockCmd) for RCC_APB1PeriphClockCmd
    i2c.o(i.I2C_GPIO_Init) refers to stm32f10x_gpio.o(i.GPIO_Init) for GPIO_Init
    i2c.o(i.I2C_READ_BUFFER) refers to stm32f10x_i2c.o(i.I2C_GetFlagStatus) for I2C_GetFlagStatus
    i2c.o(i.I2C_READ_BUFFER) refers to stm32f10x_i2c.o(i.I2C_GenerateSTART) for I2C_GenerateSTART
    i2c.o(i.I2C_READ_BUFFER) refers to stm32f10x_i2c.o(i.I2C_CheckEvent) for I2C_CheckEvent
    i2c.o(i.I2C_READ_BUFFER) refers to stm32f10x_i2c.o(i.I2C_Send7bitAddress) for I2C_Send7bitAddress
    i2c.o(i.I2C_READ_BUFFER) refers to stm32f10x_i2c.o(i.I2C_Cmd) for I2C_Cmd
    i2c.o(i.I2C_READ_BUFFER) refers to stm32f10x_i2c.o(i.I2C_SendData) for I2C_SendData
    i2c.o(i.I2C_READ_BUFFER) refers to stm32f10x_i2c.o(i.I2C_AcknowledgeConfig) for I2C_AcknowledgeConfig
    i2c.o(i.I2C_READ_BUFFER) refers to stm32f10x_i2c.o(i.I2C_GenerateSTOP) for I2C_GenerateSTOP
    i2c.o(i.I2C_READ_BUFFER) refers to stm32f10x_i2c.o(i.I2C_ReceiveData) for I2C_ReceiveData
    i2c.o(i.I2C_READ_BYTE) refers to stm32f10x_i2c.o(i.I2C_GetFlagStatus) for I2C_GetFlagStatus
    i2c.o(i.I2C_READ_BYTE) refers to stm32f10x_i2c.o(i.I2C_GenerateSTART) for I2C_GenerateSTART
    i2c.o(i.I2C_READ_BYTE) refers to stm32f10x_i2c.o(i.I2C_CheckEvent) for I2C_CheckEvent
    i2c.o(i.I2C_READ_BYTE) refers to stm32f10x_i2c.o(i.I2C_Send7bitAddress) for I2C_Send7bitAddress
    i2c.o(i.I2C_READ_BYTE) refers to stm32f10x_i2c.o(i.I2C_Cmd) for I2C_Cmd
    i2c.o(i.I2C_READ_BYTE) refers to stm32f10x_i2c.o(i.I2C_SendData) for I2C_SendData
    i2c.o(i.I2C_READ_BYTE) refers to stm32f10x_i2c.o(i.I2C_AcknowledgeConfig) for I2C_AcknowledgeConfig
    i2c.o(i.I2C_READ_BYTE) refers to stm32f10x_i2c.o(i.I2C_GenerateSTOP) for I2C_GenerateSTOP
    i2c.o(i.I2C_READ_BYTE) refers to stm32f10x_i2c.o(i.I2C_ReceiveData) for I2C_ReceiveData
    i2c.o(i.I2C_Read_Buffer) refers to stm32f10x_i2c.o(i.I2C_GetFlagStatus) for I2C_GetFlagStatus
    i2c.o(i.I2C_Read_Buffer) refers to stm32f10x_i2c.o(i.I2C_GenerateSTART) for I2C_GenerateSTART
    i2c.o(i.I2C_Read_Buffer) refers to stm32f10x_i2c.o(i.I2C_CheckEvent) for I2C_CheckEvent
    i2c.o(i.I2C_Read_Buffer) refers to stm32f10x_i2c.o(i.I2C_Send7bitAddress) for I2C_Send7bitAddress
    i2c.o(i.I2C_Read_Buffer) refers to stm32f10x_i2c.o(i.I2C_Cmd) for I2C_Cmd
    i2c.o(i.I2C_Read_Buffer) refers to stm32f10x_i2c.o(i.I2C_SendData) for I2C_SendData
    i2c.o(i.I2C_Read_Buffer) refers to stm32f10x_i2c.o(i.I2C_AcknowledgeConfig) for I2C_AcknowledgeConfig
    i2c.o(i.I2C_Read_Buffer) refers to stm32f10x_i2c.o(i.I2C_GenerateSTOP) for I2C_GenerateSTOP
    i2c.o(i.I2C_Read_Buffer) refers to stm32f10x_i2c.o(i.I2C_ReceiveData) for I2C_ReceiveData
    i2c.o(i.I2C_Read_Byte) refers to stm32f10x_i2c.o(i.I2C_GetFlagStatus) for I2C_GetFlagStatus
    i2c.o(i.I2C_Read_Byte) refers to stm32f10x_i2c.o(i.I2C_GenerateSTART) for I2C_GenerateSTART
    i2c.o(i.I2C_Read_Byte) refers to stm32f10x_i2c.o(i.I2C_CheckEvent) for I2C_CheckEvent
    i2c.o(i.I2C_Read_Byte) refers to stm32f10x_i2c.o(i.I2C_Send7bitAddress) for I2C_Send7bitAddress
    i2c.o(i.I2C_Read_Byte) refers to stm32f10x_i2c.o(i.I2C_Cmd) for I2C_Cmd
    i2c.o(i.I2C_Read_Byte) refers to stm32f10x_i2c.o(i.I2C_SendData) for I2C_SendData
    i2c.o(i.I2C_Read_Byte) refers to stm32f10x_i2c.o(i.I2C_AcknowledgeConfig) for I2C_AcknowledgeConfig
    i2c.o(i.I2C_Read_Byte) refers to stm32f10x_i2c.o(i.I2C_GenerateSTOP) for I2C_GenerateSTOP
    i2c.o(i.I2C_Read_Byte) refers to stm32f10x_i2c.o(i.I2C_ReceiveData) for I2C_ReceiveData
    i2c.o(i.I2C_SEND_BUFFER) refers to stm32f10x_i2c.o(i.I2C_GenerateSTART) for I2C_GenerateSTART
    i2c.o(i.I2C_SEND_BUFFER) refers to stm32f10x_i2c.o(i.I2C_CheckEvent) for I2C_CheckEvent
    i2c.o(i.I2C_SEND_BUFFER) refers to stm32f10x_i2c.o(i.I2C_Send7bitAddress) for I2C_Send7bitAddress
[...]
    i.RCC_PLLConfig                          0x080035c0   Section        0  stm32f10x_rcc.o(i.RCC_PLLConfig)
    i.RCC_RTCCLKCmd                          0x080035dc   Section        0  stm32f10x_rcc.o(i.RCC_RTCCLKCmd)
    i.RCC_RTCCLKConfig                       0x080035e8   Section        0  stm32f10x_rcc.o(i.RCC_RTCCLKConfig)
    i.RCC_SYSCLKConfig                       0x080035f8   Section        0  stm32f10x_rcc.o(i.RCC_SYSCLKConfig)
    i.RCC_WaitForHSEStartUp                  0x08003610   Section        0  stm32f10x_rcc.o(i.RCC_WaitForHSEStartUp)
    i.RTC_Config                             0x08003648   Section        0  rtc.o(i.RTC_Config)
    i.RTC_EnterConfigMode                    0x08003688   Section        0  stm32f10x_rtc.o(i.RTC_EnterConfigMode)
    i.RTC_ExitConfigMode                     0x0800369c   Section        0  stm32f10x_rtc.o(i.RTC_ExitConfigMode)
    i.RTC_First_Config                       0x080036b0   Section        0  rtc.o(i.RTC_First_Config)
    i.RTC_Get                                0x080036fc   Section        0  rtc.o(i.RTC_Get)
    i.RTC_GetCounter                         0x0800381c   Section        0  stm32f10x_rtc.o(i.RTC_GetCounter)
    i.RTC_SetPrescaler                       0x08003830   Section        0  stm32f10x_rtc.o(i.RTC_SetPrescaler)
    i.RTC_WaitForLastTask                    0x08003850   Section        0  stm32f10x_rtc.o(i.RTC_WaitForLastTask)
    i.RTC_WaitForSynchro                     0x08003864   Section        0  stm32f10x_rtc.o(i.RTC_WaitForSynchro)
    i.RTC_Zeller_Week                        0x08003888   Section        0  rtc.o(i.RTC_Zeller_Week)
    i.SVC_Handler                            0x080038fa   Section        0  stm32f10x_it.o(i.SVC_Handler)
    i.SetSysClock                            0x080038fc   Section        0  system_stm32f10x.o(i.SetSysClock)
    SetSysClock                              0x080038fd   Thumb Code     8  system_stm32f10x.o(i.SetSysClock)
    i.SetSysClockTo72                        0x08003904   Section        0  system_stm32f10x.o(i.SetSysClockTo72)
    SetSysClockTo72                          0x08003905   Thumb Code   214  system_stm32f10x.o(i.SetSysClockTo72)
    i.SysTick_Handler                        0x080039e4   Section        0  stm32f10x_it.o(i.SysTick_Handler)
    i.SystemInit                             0x080039e8   Section        0  system_stm32f10x.o(i.SystemInit)
    i.USART3_IRQHandler                      0x08003a48   Section        0  usart.o(i.USART3_IRQHandler)
    i.USART3_Init                            0x08003a80   Section        0  usart.o(i.USART3_Init)
    i.USART3_printf                          0x08003b24   Section        0  usart.o(i.USART3_printf)
    i.USART_Cmd                              0x08003b7c   Section        0  stm32f10x_usart.o(i.USART_Cmd)
    i.USART_GetFlagStatus                    0x08003b94   Section        0  stm32f10x_usart.o(i.USART_GetFlagStatus)
    i.USART_GetITStatus                      0x08003bae   Section        0  stm32f10x_usart.o(i.USART_GetITStatus)
    i.USART_ITConfig                         0x08003c02   Section        0  stm32f10x_usart.o(i.USART_ITConfig)
    i.USART_Init                             0x08003c4c   Section        0  stm32f10x_usart.o(i.USART_Init)
    i.USART_ReceiveData                      0x08003d24   Section        0  stm32f10x_usart.o(i.USART_ReceiveData)
    i.USART_SendData                         0x08003d2e   Section        0  stm32f10x_usart.o(i.USART_SendData)
    i.UsageFault_Handler                     0x08003d36   Section        0  stm32f10x_it.o(i.UsageFault_Handler)
    i.__ARM_fpclassify                       0x08003d3a   Section        0  fpclassify.o(i.__ARM_fpclassify)
    i._is_digit                              0x08003d62   Section        0  __printf_wp.o(i._is_digit)
    i._sys_exit                              0x08003d70   Section        0  usart.o(i._sys_exit)
    i.delay_ms                               0x08003d76   Section        0  delay.o(i.delay_ms)
    i.delay_us                               0x08003d90   Section        0  delay.o(i.delay_us)
    i.main                                   0x08003dc0   Section        0  main.o(i.main)
    locale$$code                             0x08005c2c   Section       44  lc_numeric_c.o(locale$$code)
    locale$$code                             0x08005c58   Section       44  lc_ctype_c.o(locale$$code)
    x$fpl$printf1                            0x08005c84   Section        4  printf1.o(x$fpl$printf1)
    x$fpl$printf2                            0x08005c88   Section        4  printf2.o(x$fpl$printf2)
    .constdata                               0x08005c8c   Section       24  rtc.o(.constdata)
    x$fpl$usenofp                            0x08005c8c   Section        0  usenofp.o(x$fpl$usenofp)
    .constdata                               0x08005ca4   Section     4096  oled0561.o(.constdata)
    .constdata                               0x08006ca4   Section        8  _printf_wctomb.o(.constdata)
    initial_mbstate                          0x08006ca4   Data           8  _printf_wctomb.o(.constdata)
    .constdata                               0x08006cac   Section       40  _printf_hex_int_ll_ptr.o(.constdata)
    uc_hextab                                0x08006cac   Data          20  _printf_hex_int_ll_ptr.o(.constdata)
    lc_hextab                                0x08006cc0   Data          20  _printf_hex_int_ll_ptr.o(.constdata)
    .constdata                               0x08006cd4   Section       17  __printf_flags_ss_wp.o(.constdata)
    maptable                                 0x08006cd4   Data          17  __printf_flags_ss_wp.o(.constdata)
    .constdata                               0x08006ce5   Section       38  _printf_fp_hex.o(.constdata)
    lc_hextab                                0x08006ce5   Data          19  _printf_fp_hex.o(.constdata)
    uc_hextab                                0x08006cf8   Data          19  _printf_fp_hex.o(.constdata)
    .constdata                               0x08006d0c   Section      148  bigflt0.o(.constdata)
    tenpwrs_x                                0x08006d0c   Data          60  bigflt0.o(.constdata)
    tenpwrs_i                                0x08006d48   Data          64  bigflt0.o(.constdata)
    locale$$data                             0x08006dc0   Section       28  lc_numeric_c.o(locale$$data)
    __lcnum_c_name                           0x08006dc4   Data           2  lc_numeric_c.o(locale$$data)
    __lcnum_c_start                          0x08006dcc   Data           0  lc_numeric_c.o(locale$$data)
    __lcnum_c_point                          0x08006dd8   Data           0  lc_numeric_c.o(locale$$data)
    __lcnum_c_thousands                      0x08006dda   Data           0  lc_numeric_c.o(locale$$data)
    __lcnum_c_grouping                       0x08006ddb   Data           0  lc_numeric_c.o(locale$$data)
    locale$$data                             0x08006ddc   Section      272  lc_ctype_c.o(locale$$data)
    __lcnum_c_end                            0x08006ddc   Data           0  lc_numeric_c.o(locale$$data)
    __lcctype_c_name                         0x08006de0   Data           2  lc_ctype_c.o(locale$$data)
    __lcctype_c_start                        0x08006de8   Data           0  lc_ctype_c.o(locale$$data)
    __lcctype_c_end                          0x08006eec   Data           0  lc_ctype_c.o(locale$$data)
    .data                                    0x20000000   Section       10  rtc.o(.data)
    daycnt                                   0x20000008   Data           2  rtc.o(.data)
    .data                                    0x2000000c   Section        6  usart.o(.data)
    .data                                    0x20000012   Section        6  adc.o(.data)
    .data                                    0x20000018   Section        2  nvic.o(.data)
    .data                                    0x2000001a   Section       20  stm32f10x_rcc.o(.data)
    APBAHBPrescTable                         0x2000001a   Data          16  stm32f10x_rcc.o(.data)
    ADCPrescTable                            0x2000002a   Data           4  stm32f10x_rcc.o(.data)
    .bss                                     0x20000030   Section       60  main.o(.bss)
    .bss                                     0x2000006c   Section       96  libspace.o(.bss)
    HEAP                                     0x200000d0   Section      512  startup_stm32f10x_md.o(HEAP)
    Heap_Mem                                 0x200000d0   Data         512  startup_stm32f10x_md.o(HEAP)
    STACK                                    0x200002d0   Section     1024  startup_stm32f10x_md.o(STACK)
    Stack_Mem                                0x200002d0   Data        1024  startup_stm32f10x_md.o(STACK)
    __initial_sp                             0x200006d0   Data           0  startup_stm32f10x_md.o(STACK)

    Global Symbols

    Symbol Name                              Value     Ov Type        Size  Object(Section)

    BuildAttributes$$THM_ISAv4$P$D$K$B$S$PE$A:L22UL41UL21$X:L11$S22US41US21$IEEE1$IW$USESV6$~STKCKD$USESV7$~SHL$OTIME$ROPI$IEEEJ$EBA8$UX$STANDARDLIB$REQ8$PRES8$EABIv2 0x00000000   Number         0  anon$$obj.o ABSOLUTE
    __ARM_use_no_argv                        0x00000000   Number         0  main.o ABSOLUTE
    _printf_flags                            0x00000000   Number         0  printf_stubs.o ABSOLUTE
    _printf_return_value                     0x00000000   Number         0  printf_stubs.o ABSOLUTE
    _printf_sizespec                         0x00000000   Number         0  printf_stubs.o ABSOLUTE
    _printf_widthprec                        0x00000000   Number         0  printf_stubs.o ABSOLUTE
    __ARM_exceptions_init                     - Undefined Weak Reference
    __alloca_initialize                       - Undefined Weak Reference
    __arm_preinit_                            - Undefined Weak Reference
    __cpp_initialize__aeabi_                  - Undefined Weak Reference
    __cxa_finalize                            - Undefined Weak Reference
    __sigvec_lookup                           - Undefined Weak Reference
    _atexit_init                              - Undefined Weak Reference
    _call_atexit_fns                          - Undefined Weak Reference
    _clock_init                               - Undefined Weak Reference
    _fp_trap_init                             - Undefined Weak Reference
    _fp_trap_shutdown                         - Undefined Weak Reference
    _get_lc_collate                           - Undefined Weak Reference
    _get_lc_monetary                          - Undefined Weak Reference
    _get_lc_time                              - Undefined Weak Reference
    _getenv_init                              - Undefined Weak Reference
    _handle_redirection                       - Undefined Weak Reference
    _init_alloc                               - Undefined Weak Reference
    _init_user_alloc                          - Undefined Weak Reference
    _initio                                   - Undefined Weak Reference
    _printf_mbtowc                            - Undefined Weak Reference
    _printf_wc                                - Undefined Weak Reference
    _rand_init                                - Undefined Weak Reference
    _signal_finish                            - Undefined Weak Reference
    _signal_init                              - Undefined Weak Reference
    _terminate_alloc                          - Undefined Weak Reference
    _terminate_user_alloc                     - Undefined Weak Reference
    _terminateio                              - Undefined Weak Reference
    __Vectors_Size                           0x000000ec   Number         0  startup_stm32f10x_md.o ABSOLUTE
    __Vectors                                0x08000000   Data           4  startup_stm32f10x_md.o(RESET)
    __Vectors_End                            0x080000ec   Data           0  startup_stm32f10x_md.o(RESET)
    __main                                   0x080000ed   Thumb Code     8  __main.o(!!!main)
    __scatterload                            0x080000f5   Thumb Code     0  __scatter.o(!!!scatter)
    __scatterload_rt2                        0x080000f5   Thumb Code    44  __scatter.o(!!!scatter)
    __scatterload_rt2_thumb_only             0x080000f5   Thumb Code     0  __scatter.o(!!!scatter)
    __scatterload_null                       0x08000103   Thumb Code     0  __scatter.o(!!!scatter)
    __scatterload_copy                       0x08000129   Thumb Code    26  __scatter_copy.o(!!handler_copy)
    __scatterload_zeroinit                   0x08000145   Thumb Code    28  __scatter_zi.o(!!handler_zi)
    _printf_n                                0x08000161   Thumb Code     0  _printf_n.o(.ARM.Collect$$_printf_percent$$00000001)
    _printf_percent                          0x08000161   Thumb Code     0  _printf_percent.o(.ARM.Collect$$_printf_percent$$00000000)
    _printf_p                                0x08000167   Thumb Code     0  _printf_p.o(.ARM.Collect$$_printf_percent$$00000002)
    _printf_f                                0x0800016d   Thumb Code     0  _printf_f.o(.ARM.Collect$$_printf_percent$$00000003)
    _printf_e                                0x08000173   Thumb Code     0  _printf_e.o(.ARM.Collect$$_printf_percent$$00000004)
    _printf_g                                0x08000179   Thumb Code     0  _printf_g.o(.ARM.Collect$$_printf_percent$$00000005)
    _printf_a                                0x0800017f   Thumb Code     0  _printf_a.o(.ARM.Collect$$_printf_percent$$00000006)
    _printf_ll                               0x08000185   Thumb Code     0  _printf_ll.o(.ARM.Collect$$_printf_percent$$00000007)
    _printf_i                                0x0800018f   Thumb Code     0  _printf_i.o(.ARM.Collect$$_printf_percent$$00000008)
    _printf_d                                0x08000195   Thumb Code     0  _printf_d.o(.ARM.Collect$$_printf_percent$$00000009)
    _printf_u                                0x0800019b   Thumb Code     0  _printf_u.o(.ARM.Collect$$_printf_percent$$0000000A)
    _printf_o                                0x080001a1   Thumb Code     0  _printf_o.o(.ARM.Collect$$_printf_percent$$0000000B)
    _printf_x                                0x080001a7   Thumb Code     0  _printf_x.o(.ARM.Collect$$_printf_percent$$0000000C)
    _printf_lli                              0x080001ad   Thumb Code     0  _printf_lli.o(.ARM.Collect$$_printf_percent$$0000000D)
    _printf_lld                              0x080001b3   Thumb Code     0  _printf_lld.o(.ARM.Collect$$_printf_percent$$0000000E)
    _printf_llu                              0x080001b9   Thumb Code     0  _printf_llu.o(.ARM.Collect$$_printf_percent$$0000000F)
    _printf_llo                              0x080001bf   Thumb Code     0  _printf_llo.o(.ARM.Collect$$_printf_percent$$00000010)
    _printf_llx                              0x080001c5   Thumb Code     0  _printf_llx.o(.ARM.Collect$$_printf_percent$$00000011)
    _printf_l                                0x080001cb   Thumb Code     0  _printf_l.o(.ARM.Collect$$_printf_percent$$00000012)
    _printf_c                                0x080001d5   Thumb Code     0  _printf_c.o(.ARM.Collect$$_printf_percent$$00000013)
    _printf_s                                0x080001db   Thumb Code     0  _printf_s.o(.ARM.Collect$$_printf_percent$$00000014)
    _printf_lc                               0x080001e1   Thumb Code     0  _printf_lc.o(.ARM.Collect$$_printf_percent$$00000015)
    _printf_ls                               0x080001e7   Thumb Code     0  _printf_ls.o(.ARM.Collect$$_printf_percent$$00000016)
    _printf_percent_end                      0x080001ed   Thumb Code     0  _printf_percent_end.o(.ARM.Collect$$_printf_percent$$00000017)
    __rt_lib_init                            0x080001f1   Thumb Code     0  libinit.o(.ARM.Collect$$libinit$$00000000)
    __rt_lib_init_fp_1                       0x080001f3   Thumb Code     0  libinit2.o(.ARM.Collect$$libinit$$00000002)
    __rt_lib_init_heap_1                     0x080001f3   Thumb Code     0  libinit2.o(.ARM.Collect$$libinit$$0000000A)
    __rt_lib_init_lc_common                  0x080001f3   Thumb Code     0  libinit2.o(.ARM.Collect$$libinit$$0000000F)
    __rt_lib_init_preinit_1                  0x080001f3   Thumb Code     0  libinit2.o(.ARM.Collect$$libinit$$00000004)
    __rt_lib_init_rand_1                     0x080001f3   Thumb Code     0  libinit2.o(.ARM.Collect$$libinit$$0000000E)
    __rt_lib_init_user_alloc_1               0x080001f3   Thumb Code     0  libinit2.o(.ARM.Collect$$libinit$$0000000C)
    __rt_lib_init_lc_collate_1               0x080001f9   Thumb Code     0  libinit2.o(.ARM.Collect$$libinit$$00000011)
    __rt_lib_init_lc_ctype_2                 0x080001f9   Thumb Code     0  libinit2.o(.ARM.Collect$$libinit$$00000012)
    __rt_lib_init_lc_ctype_1                 0x08000205   Thumb Code     0  libinit2.o(.ARM.Collect$$libinit$$00000013)
    __rt_lib_init_lc_monetary_1              0x08000205   Thumb Code     0  libinit2.o(.ARM.Collect$$libinit$$00000015)
    __rt_lib_init_lc_numeric_2               0x08000205   Thumb Code     0  libinit2.o(.ARM.Collect$$libinit$$00000016)
    __rt_lib_init_alloca_1                   0x0800020f   Thumb Code     0  libinit2.o(.ARM.Collect$$libinit$$0000002E)
    __rt_lib_init_argv_1                     0x0800020f   Thumb Code     0  libinit2.o(.ARM.Collect$$libinit$$0000002C)
    __rt_lib_init_atexit_1                   0x0800020f   Thumb Code     0  libinit2.o(.ARM.Collect$$libinit$$0000001B)
    __rt_lib_init_clock_1                    0x0800020f   Thumb Code     0  libinit2.o(.ARM.Collect$$libinit$$00000021)
    __rt_lib_init_cpp_1                      0x0800020f   Thumb Code     0  libinit2.o(.ARM.Collect$$libinit$$00000032)
    __rt_lib_init_exceptions_1               0x0800020f   Thumb Code     0  libinit2.o(.ARM.Collect$$libinit$$00000030)
    __rt_lib_init_fp_trap_1                  0x0800020f   Thumb Code     0  libinit2.o(.ARM.Collect$$libinit$$0000001F)
    __rt_lib_init_getenv_1                   0x0800020f   Thumb Code     0  libinit2.o(.ARM.Collect$$libinit$$00000023)
    __rt_lib_init_lc_numeric_1               0x0800020f   Thumb Code     0  libinit2.o(.ARM.Collect$$libinit$$00000017)
    __rt_lib_init_lc_time_1                  0x0800020f   Thumb Code     0  libinit2.o(.ARM.Collect$$libinit$$00000019)
    __rt_lib_init_return                     0x0800020f   Thumb Code     0  libinit2.o(.ARM.Collect$$libinit$$00000033)
    __rt_lib_init_signal_1                   0x0800020f   Thumb Code     0  libinit2.o(.ARM.Collect$$libinit$$0000001D)
    __rt_lib_init_stdio_1                    0x0800020f   Thumb Code     0  libinit2.o(.ARM.Collect$$libinit$$00000025)
    __rt_lib_shutdown                        0x08000211   Thumb Code     0  libshutdown.o(.ARM.Collect$$libshutdown$$00000000)
    __rt_lib_shutdown_cpp_1                  0x08000213   Thumb Code     0  libshutdown2.o(.ARM.Collect$$libshutdown$$00000002)
    __rt_lib_shutdown_fp_trap_1              0x08000213   Thumb Code     0  libshutdown2.o(.ARM.Collect$$libshutdown$$00000007)
    __rt_lib_shutdown_heap_1                 0x08000213   Thumb Code     0  libshutdown2.o(.ARM.Collect$$libshutdown$$0000000F)
    __rt_lib_shutdown_return                 0x08000213   Thumb Code     0  libshutdown2.o(.ARM.Collect$$libshutdown$$00000010)
    __rt_lib_shutdown_signal_1               0x08000213   Thumb Code     0  libshutdown2.o(.ARM.Collect$$libshutdown$$0000000A)
    __rt_lib_shutdown_stdio_1                0x08000213   Thumb Code     0  libshutdown2.o(.ARM.Collect$$libshutdown$$00000004)
    __rt_lib_shutdown_user_alloc_1           0x08000213   Thumb Code     0  libshutdown2.o(.ARM.Collect$$libshutdown$$0000000C)
    __rt_entry                               0x08000215   Thumb Code     0  __rtentry.o(.ARM.Collect$$rtentry$$00000000)
    __rt_entry_presh_1                       0x08000215   Thumb Code     0  __rtentry2.o(.ARM.Collect$$rtentry$$00000002)
    __rt_entry_sh                            0x08000215   Thumb Code     0  __rtentry4.o(.ARM.Collect$$rtentry$$00000004)
    __rt_entry_li                            0x0800021b   Thumb Code     0  __rtentry2.o(.ARM.Collect$$rtentry$$0000000A)
    __rt_entry_postsh_1                      0x0800021b   Thumb Code     0  __rtentry2.o(.ARM.Collect$$rtentry$$00000009)
    __rt_entry_main                          0x0800021f   Thumb Code     0  __rtentry2.o(.ARM.Collect$$rtentry$$0000000D)
    __rt_entry_postli_1                      0x0800021f   Thumb Code     0  __rtentry2.o(.ARM.Collect$$rtentry$$0000000C)
    __rt_exit                                0x08000227   Thumb Code     0  rtexit.o(.ARM.Collect$$rtexit$$00000000)
    __rt_exit_ls                             0x08000229   Thumb Code     0  rtexit2.o(.ARM.Collect$$rtexit$$00000003)
    __rt_exit_prels_1                        0x08000229   Thumb Code     0  rtexit2.o(.ARM.Collect$$rtexit$$00000002)
    __rt_exit_exit                           0x0800022d   Thumb Code     0  rtexit2.o(.ARM.Collect$$rtexit$$00000004)
    Reset_Handler                            0x08000235   Thumb Code     8  startup_stm32f10x_md.o(.text)
    ADC1_2_IRQHandler                        0x0800024f   Thumb Code     0  startup_stm32f10x_md.o(.text)
    CAN1_RX1_IRQHandler                      0x0800024f   Thumb Code     0  startup_stm32f10x_md.o(.text)
    CAN1_SCE_IRQHandler                      0x0800024f   Thumb Code     0  startup_stm32f10x_md.o(.text)
    DMA1_Channel1_IRQHandler                 0x0800024f   Thumb Code     0  startup_stm32f10x_md.o(.text)
    DMA1_Channel2_IRQHandler                 0x0800024f   Thumb Code     0  startup_stm32f10x_md.o(.text)
    DMA1_Channel3_IRQHandler                 0x0800024f   Thumb Code     0  startup_stm32f10x_md.o(.text)
    DMA1_Channel4_IRQHandler                 0x0800024f   Thumb Code     0  startup_stm32f10x_md.o(.text)
    DMA1_Channel5_IRQHandler                 0x0800024f   Thumb Code     0  startup_stm32f10x_md.o(.text)
    DMA1_Channel6_IRQHandler                 0x0800024f   Thumb Code     0  startup_stm32f10x_md.o(.text)
    DMA1_Channel7_IRQHandler                 0x0800024f   Thumb Code     0  startup_stm32f10x_md.o(.text)
    EXTI0_IRQHandler                         0x0800024f   Thumb Code     0  startup_stm32f10x_md.o(.text)
    EXTI15_10_IRQHandler                     0x0800024f   Thumb Code     0  startup_stm32f10x_md.o(.text)
    EXTI1_IRQHandler                         0x0800024f   Thumb Code     0  startup_stm32f10x_md.o(.text)
    EXTI2_IRQHandler                         0x0800024f   Thumb Code     0  startup_stm32f10x_md.o(.text)
    EXTI3_IRQHandler                         0x0800024f   Thumb Code     0  startup_stm32f10x_md.o(.text)
    EXTI4_IRQHandler                         0x0800024f   Thumb Code     0  startup_stm32f10x_md.o(.text)
    FLASH_IRQHandler                         0x0800024f   Thumb Code     0  startup_stm32f10x_md.o(.text)
    I2C1_ER_IRQHandler                       0x0800024f   Thumb Code     0  startup_stm32f10x_md.o(.text)
    I2C1_EV_IRQHandler                       0x0800024f   Thumb Code     0  startup_stm32f10x_md.o(.text)
    I2C2_ER_IRQHandler                       0x0800024f   Thumb Code     0  startup_stm32f10x_md.o(.text)
    I2C2_EV_IRQHandler                       0x0800024f   Thumb Code     0  startup_stm32f10x_md.o(.text)
    PVD_IRQHandler                           0x0800024f   Thumb Code     0  startup_stm32f10x_md.o(.text)
    RCC_IRQHandler                           0x0800024f   Thumb Code     0  startup_stm32f10x_md.o(.text)
    RTCAlarm_IRQHandler                      0x0800024f   Thumb Code     0  startup_stm32f10x_md.o(.text)
    RTC_IRQHandler                           0x0800024f   Thumb Code     0  startup_stm32f10x_md.o(.text)
    SPI1_IRQHandler                          0x0800024f   Thumb Code     0  startup_stm32f10x_md.o(.text)
    SPI2_IRQHandler                          0x0800024f   Thumb Code     0  startup_stm32f10x_md.o(.text)
    TAMPER_IRQHandler                        0x0800024f   Thumb Code     0  startup_stm32f10x_md.o(.text)
    TIM1_BRK_IRQHandler                      0x0800024f   Thumb Code     0  startup_stm32f10x_md.o(.text)
    TIM1_CC_IRQHandler                       0x0800024f   Thumb Code     0  startup_stm32f10x_md.o(.text)
    TIM1_TRG_COM_IRQHandler                  0x0800024f   Thumb Code     0  startup_stm32f10x_md.o(.text)
    TIM1_UP_IRQHandler                       0x0800024f   Thumb Code     0  startup_stm32f10x_md.o(.text)
    TIM2_IRQHandler                          0x0800024f   Thumb Code     0  startup_stm32f10x_md.o(.text)
    TIM3_IRQHandler                          0x0800024f   Thumb Code     0  startup_stm32f10x_md.o(.text)
    TIM4_IRQHandler                          0x0800024f   Thumb Code     0  startup_stm32f10x_md.o(.text)
    USART1_IRQHandler                        0x0800024f   Thumb Code     0  startup_stm32f10x_md.o(.text)
    USART2_IRQHandler                        0x0800024f   Thumb Code     0  startup_stm32f10x_md.o(.text)
    USBWakeUp_IRQHandler                     0x0800024f   Thumb Code     0  startup_stm32f10x_md.o(.text)
    USB_HP_CAN1_TX_IRQHandler                0x0800024f   Thumb Code     0  startup_stm32f10x_md.o(.text)
    USB_LP_CAN1_RX0_IRQHandler               0x0800024f   Thumb Code     0  startup_stm32f10x_md.o(.text)
    WWDG_IRQHandler                          0x0800024f   Thumb Code     0  startup_stm32f10x_md.o(.text)
    __user_initial_stackheap                 0x08000251   Thumb Code     0  startup_stm32f10x_md.o(.text)
    __use_no_semihosting                     0x08000275   Thumb Code     2  use_no_semi_2.o(.text)
    vsnprintf                                0x08000279   Thumb Code    48  vsnprintf.o(.text)
    strlen                                   0x080002ad   Thumb Code    62  strlen.o(.text)
    __aeabi_memcpy4                          0x080002eb   Thumb Code     0  rt_memcpy_w.o(.text)
    __aeabi_memcpy8                          0x080002eb   Thumb Code     0  rt_memcpy_w.o(.text)
    __rt_memcpy_w                            0x080002eb   Thumb Code   100  rt_memcpy_w.o(.text)
    _memcpy_lastbytes_aligned                0x08000333   Thumb Code     0  rt_memcpy_w.o(.text)
    __use_two_region_memory                  0x0800034f   Thumb Code     2  heapauxi.o(.text)
    __rt_heap_escrow$2region                 0x08000351   Thumb Code     2  heapauxi.o(.text)
    __rt_heap_expand$2region                 0x08000353   Thumb Code     2  heapauxi.o(.text)
    __I$use$semihosting                      0x08000355   Thumb Code     0  use_no_semi.o(.text)
    __use_no_semihosting_swi                 0x08000355   Thumb Code     2  use_no_semi.o(.text)
    _printf_pre_padding                      0x08000357   Thumb Code    44  _printf_pad.o(.text)
    _printf_post_padding                     0x08000383   Thumb Code    34  _printf_pad.o(.text)
    _printf_truncate_signed                  0x080003a5   Thumb Code    18  _printf_truncate.o(.text)
    _printf_truncate_unsigned                0x080003b7   Thumb Code    18  _printf_truncate.o(.text)
    _printf_str                              0x080003c9   Thumb Code    82  _printf_str.o(.text)
    _printf_int_dec                          0x0800041d   Thumb Code   104  _printf_dec.o(.text)
    _printf_charcount                        0x08000495   Thumb Code    40  _printf_charcount.o(.text)
    _printf_char_common                      0x080004c7   Thumb Code    32  _printf_char_common.o(.text)
    _sputc                                   0x080004ed   Thumb Code    10  _sputc.o(.text)
    _snputc                                  0x080004f7   Thumb Code    16  _snputc.o(.text)
    _printf_wctomb                           0x08000509   Thumb Code   182  _printf_wctomb.o(.text)
    _printf_longlong_dec                     0x080005c5   Thumb Code   108  _printf_longlong_dec.o(.text)
    _printf_longlong_oct                     0x08000641   Thumb Code    66  _printf_oct_int_ll.o(.text)
    _printf_int_oct                          0x08000683   Thumb Code    24  _printf_oct_int_ll.o(.text)
    _printf_ll_oct                           0x0800069b   Thumb Code    12  _printf_oct_int_ll.o(.text)
    _printf_longlong_hex                     0x080006b1   Thumb Code    86  _printf_hex_int_ll_ptr.o(.text)
    _printf_int_hex                          0x08000707   Thumb Code    28  _printf_hex_int_ll_ptr.o(.text)
    _printf_ll_hex                           0x08000723   Thumb Code    12  _printf_hex_int_ll_ptr.o(.text)
    _printf_hex_ptr                          0x0800072f   Thumb Code    18  _printf_hex_int_ll_ptr.o(.text)
    __printf                                 0x08000745   Thumb Code   388  __printf_flags_ss_wp.o(.text)
    _ll_udiv10                               0x080008cd   Thumb Code   138  lludiv10.o(.text)
    _printf_int_common                       0x08000957   Thumb Code   178  _printf_intcommon.o(.text)
    __lib_sel_fp_printf                      0x08000a09   Thumb Code     2  _printf_fp_dec.o(.text)
    _printf_fp_dec_real                      0x08000bbb   Thumb Code   620  _printf_fp_dec.o(.text)
    _printf_fp_hex_real                      0x08000e29   Thumb Code   756  _printf_fp_hex.o(.text)
    _printf_cs_common                        0x08001125   Thumb Code    20  _printf_char.o(.text)
    _printf_char                             0x08001139   Thumb Code    16  _printf_char.o(.text)
    _printf_string                           0x08001149   Thumb Code     8  _printf_char.o(.text)
    _printf_lcs_common                       0x08001151   Thumb Code    20  _printf_wchar.o(.text)
    _printf_wchar                            0x08001165   Thumb Code    16  _printf_wchar.o(.text)
    _printf_wstring                          0x08001175   Thumb Code     8  _printf_wchar.o(.text)
    _wcrtomb                                 0x0800117d   Thumb Code    64  _wcrtomb.o(.text)
    __user_setup_stackheap                   0x080011bd   Thumb Code    74  sys_stackheap_outer.o(.text)
    __rt_ctype_table                         0x08001209   Thumb Code    16  rt_ctype_table.o(.text)
    __rt_locale                              0x08001219   Thumb Code     8  rt_locale_intlibspace.o(.text)
    _printf_fp_infnan                        0x08001221   Thumb Code   112  _printf_fp_infnan.o(.text)
    _btod_etento                             0x080012a1   Thumb Code   224  bigflt0.o(.text)
    exit                                     0x08001385   Thumb Code    18  exit.o(.text)
    __user_libspace                          0x08001399   Thumb Code     8  libspace.o(.text)
    __user_perproc_libspace                  0x08001399   Thumb Code     0  libspace.o(.text)
    __user_perthread_libspace                0x08001399   Thumb Code     0  libspace.o(.text)
    strcmp                                   0x080013a1   Thumb Code   128  strcmpv7m.o(.text)
    _btod_d2e                                0x08001421   Thumb Code    62  btod.o(CL$$btod_d2e)
    _d2e_denorm_low                          0x0800145f   Thumb Code    70  btod.o(CL$$btod_d2e_denorm_low)
    _d2e_norm_op1                            0x080014a5   Thumb Code    96  btod.o(CL$$btod_d2e_norm_op1)
    __btod_div_common                        0x08001505   Thumb Code   696  btod.o(CL$$btod_div_common)
    _e2e                                     0x0800183d   Thumb Code   220  btod.o(CL$$btod_e2e)
    _btod_ediv                               0x08001919   Thumb Code    42  btod.o(CL$$btod_ediv)
    _btod_emul                               0x08001943   Thumb Code    42  btod.o(CL$$btod_emul)
    __btod_mult_common                       0x0800196d   Thumb Code   580  btod.o(CL$$btod_mult_common)
    ADC_ClearFlag                            0x08001bb1   Thumb Code     6  stm32f10x_adc.o(i.ADC_ClearFlag)
    ADC_Cmd                                  0x08001bb7   Thumb Code    22  stm32f10x_adc.o(i.ADC_Cmd)
    ADC_Configuration                        0x08001bcd   Thumb Code   152  adc.o(i.ADC_Configuration)
    ADC_DMACmd                               0x08001c69   Thumb Code    22  stm32f10x_adc.o(i.ADC_DMACmd)
    ADC_DMA_Init                             0x08001c81   Thumb Code    76  adc.o(i.ADC_DMA_Init)
    ADC_GPIO_Init                            0x08001cd9   Thumb Code    48  adc.o(i.ADC_GPIO_Init)
    ADC_GetCalibrationStatus                 0x08001d0d   Thumb Code    20  stm32f10x_adc.o(i.ADC_GetCalibrationStatus)
    ADC_GetFlagStatus                        0x08001d21   Thumb Code    18  stm32f10x_adc.o(i.ADC_GetFlagStatus)
    ADC_GetResetCalibrationStatus            0x08001d33   Thumb Code    20  stm32f10x_adc.o(i.ADC_GetResetCalibrationStatus)
    ADC_Init                                 0x08001d49   Thumb Code    70  stm32f10x_adc.o(i.ADC_Init)
    ADC_RegularChannelConfig                 0x08001d99   Thumb Code   184  stm32f10x_adc.o(i.ADC_RegularChannelConfig)
    ADC_ResetCalibration                     0x08001e51   Thumb Code    10  stm32f10x_adc.o(i.ADC_ResetCalibration)
    ADC_SoftwareStartConvCmd                 0x08001e5b   Thumb Code    22  stm32f10x_adc.o(i.ADC_SoftwareStartConvCmd)
    ADC_StartCalibration                     0x08001e71   Thumb Code    10  stm32f10x_adc.o(i.ADC_StartCalibration)
    BKP_Configuration                        0x08001e7b   Thumb Code    20  bkp.o(i.BKP_Configuration)
    BKP_DeInit                               0x08001e8f   Thumb Code    16  stm32f10x_bkp.o(i.BKP_DeInit)
    BKP_ReadBackupRegister                   0x08001ea1   Thumb Code    24  stm32f10x_bkp.o(i.BKP_ReadBackupRegister)
    BKP_WriteBackupRegister                  0x08001ebd   Thumb Code    22  stm32f10x_bkp.o(i.BKP_WriteBackupRegister)
    BUZZER_BEEP1                             0x08001ed9   Thumb Code    52  buzzer.o(i.BUZZER_BEEP1)
    BUZZER_BEEP3                             0x08001f11   Thumb Code   140  buzzer.o(i.BUZZER_BEEP3)
    BUZZER_BEEP4                             0x08001fa1   Thumb Code   144  buzzer.o(i.BUZZER_BEEP4)
    BUZZER_Init                              0x08002035   Thumb Code    48  buzzer.o(i.BUZZER_Init)
    BusFault_Handler                         0x08002069   Thumb Code     4  stm32f10x_it.o(i.BusFault_Handler)
    DHT11_Check                              0x0800206d   Thumb Code    88  dht11.o(i.DHT11_Check)
    DHT11_IO_IN                              0x080020c9   Thumb Code    34  dht11.o(i.DHT11_IO_IN)
    DHT11_IO_OUT                             0x080020f1   Thumb Code    40  dht11.o(i.DHT11_IO_OUT)
    DHT11_Init                               0x0800211d   Thumb Code    12  dht11.o(i.DHT11_Init)
    DHT11_RST                                0x08002129   Thumb Code    40  dht11.o(i.DHT11_RST)
    DHT11_ReadBit                            0x08002155   Thumb Code    88  dht11.o(i.DHT11_ReadBit)
    DHT11_ReadByte                           0x080021b1   Thumb Code    28  dht11.o(i.DHT11_ReadByte)
    DHT11_ReadData                           0x080021cd   Thumb Code    88  dht11.o(i.DHT11_ReadData)
    DMA_Cmd                                  0x08002225   Thumb Code    24  stm32f10x_dma.o(i.DMA_Cmd)
    DMA_DeInit                               0x0800223d   Thumb Code   324  stm32f10x_dma.o(i.DMA_DeInit)
    DMA_Init                                 0x08002389   Thumb Code    60  stm32f10x_dma.o(i.DMA_Init)
    DebugMon_Handler                         0x080023c5   Thumb Code     2  stm32f10x_it.o(i.DebugMon_Handler)
    ENCODER_INT_INIT                         0x080023c7   Thumb Code   152  nvic.o(i.ENCODER_INT_INIT)
    ENCODER_Init                             0x08002461   Thumb Code    52  encoder.o(i.ENCODER_Init)
    EXTI9_5_IRQHandler                       0x0800249d   Thumb Code   150  nvic.o(i.EXTI9_5_IRQHandler)
    EXTI_ClearITPendingBit                   0x08002545   Thumb Code     6  stm32f10x_exti.o(i.EXTI_ClearITPendingBit)
    EXTI_GetITStatus                         0x08002551   Thumb Code    34  stm32f10x_exti.o(i.EXTI_GetITStatus)
    EXTI_Init                                0x08002579   Thumb Code   142  stm32f10x_exti.o(i.EXTI_Init)
    FLASH_PrefetchBufferCmd                  0x0800260d   Thumb Code    22  stm32f10x_flash.o(i.FLASH_PrefetchBufferCmd)
    FLASH_SetLatency                         0x08002629   Thumb Code    18  stm32f10x_flash.o(i.FLASH_SetLatency)
    GPIO_EXTILineConfig                      0x08002641   Thumb Code    60  stm32f10x_gpio.o(i.GPIO_EXTILineConfig)
    GPIO_Init                                0x08002681   Thumb Code   278  stm32f10x_gpio.o(i.GPIO_Init)
    GPIO_ReadInputDataBit                    0x08002797   Thumb Code    18  stm32f10x_gpio.o(i.GPIO_ReadInputDataBit)
    GPIO_ResetBits                           0x080027a9   Thumb Code     4  stm32f10x_gpio.o(i.GPIO_ResetBits)
    GPIO_SetBits                             0x080027ad   Thumb Code     4  stm32f10x_gpio.o(i.GPIO_SetBits)
    GPIO_WriteBit                            0x080027b1   Thumb Code    10  stm32f10x_gpio.o(i.GPIO_WriteBit)
    HardFault_Handler                        0x080027bb   Thumb Code     4  stm32f10x_it.o(i.HardFault_Handler)
    I2C_AcknowledgeConfig                    0x080027bf   Thumb Code    24  stm32f10x_i2c.o(i.I2C_AcknowledgeConfig)
    I2C_CheckEvent                           0x080027d7   Thumb Code    42  stm32f10x_i2c.o(i.I2C_CheckEvent)
    I2C_Cmd                                  0x08002801   Thumb Code    24  stm32f10x_i2c.o(i.I2C_Cmd)
    I2C_Configuration                        0x08002819   Thumb Code    62  i2c.o(i.I2C_Configuration)
    I2C_GPIO_Init                            0x08002861   Thumb Code    46  i2c.o(i.I2C_GPIO_Init)
    I2C_GenerateSTART                        0x08002895   Thumb Code    24  stm32f10x_i2c.o(i.I2C_GenerateSTART)
    I2C_GenerateSTOP                         0x080028ad   Thumb Code    24  stm32f10x_i2c.o(i.I2C_GenerateSTOP)
    I2C_GetFlagStatus                        0x080028c5   Thumb Code    58  stm32f10x_i2c.o(i.I2C_GetFlagStatus)
    I2C_Init                                 0x08002901   Thumb Code   222  stm32f10x_i2c.o(i.I2C_Init)
    I2C_Read_Buffer                          0x080029ed   Thumb Code   218  i2c.o(i.I2C_Read_Buffer)
    I2C_ReceiveData                          0x08002ad5   Thumb Code     8  stm32f10x_i2c.o(i.I2C_ReceiveData)
    I2C_Send7bitAddress                      0x08002add   Thumb Code    18  stm32f10x_i2c.o(i.I2C_Send7bitAddress)
    I2C_SendData                             0x08002aef   Thumb Code     4  stm32f10x_i2c.o(i.I2C_SendData)
    I2C_Send_Buffer                          0x08002af5   Thumb Code   132  i2c.o(i.I2C_Send_Buffer)
    I2C_Send_Byte                            0x08002b85   Thumb Code   112  i2c.o(i.I2C_Send_Byte)
    INVERSE_OLED_DISPLAY_16x16               0x08002c01   Thumb Code   160  oled0561.o(i.INVERSE_OLED_DISPLAY_16x16)
    INVERSE_OLED_DISPLAY_8x16                0x08002ca5   Thumb Code   154  oled0561.o(i.INVERSE_OLED_DISPLAY_8x16)
    Is_Leap_Year                             0x08002d45   Thumb Code    58  rtc.o(i.Is_Leap_Year)
    LED_Init                                 0x08002d81   Thumb Code    38  led.o(i.LED_Init)
    LM75A_GetTemp                            0x08002dad   Thumb Code   176  lm75a.o(i.LM75A_GetTemp)
    MY1690_CMD2                              0x08002e5d   Thumb Code   146  my1690.o(i.MY1690_CMD2)
    MY1690_Init                              0x08002ef5   Thumb Code    72  my1690.o(i.MY1690_Init)
    MY1690_NEXT                              0x08002f3d   Thumb Code    10  my1690.o(i.MY1690_NEXT)
    MY1690_PLAY                              0x08002f51   Thumb Code    10  my1690.o(i.MY1690_PLAY)
    MY1690_PREV                              0x08002f65   Thumb Code    10  my1690.o(i.MY1690_PREV)
    MY1690_STOP                              0x08002f79   Thumb Code    10  my1690.o(i.MY1690_STOP)
    MY1690_VDOWN                             0x08002f8d   Thumb Code    10  my1690.o(i.MY1690_VDOWN)
    MY1690_VUP                               0x08002fa1   Thumb Code    10  my1690.o(i.MY1690_VUP)
    MemManage_Handler                        0x08002fb5   Thumb Code     4  stm32f10x_it.o(i.MemManage_Handler)
    NMI_Handler                              0x08002fb9   Thumb Code     2  stm32f10x_it.o(i.NMI_Handler)
    NVIC_Configuration                       0x08002fbb   Thumb Code    12  sys.o(i.NVIC_Configuration)
    NVIC_Delay_Ms                            0x08002fc7   Thumb Code    32  nvic.o(i.NVIC_Delay_Ms)
    NVIC_Delay_Us                            0x08002fe7   Thumb Code    30  nvic.o(i.NVIC_Delay_Us)
    NVIC_Init                                0x08003005   Thumb Code   100  misc.o(i.NVIC_Init)
    NVIC_PriorityGroupConfig                 0x08003075   Thumb Code    10  misc.o(i.NVIC_PriorityGroupConfig)
    OLED0561_Init                            0x08003089   Thumb Code    16  oled0561.o(i.OLED0561_Init)
    OLED_DISPLAY_16x16                       0x08003099   Thumb Code   156  oled0561.o(i.OLED_DISPLAY_16x16)
    OLED_DISPLAY_8x16                        0x08003139   Thumb Code   150  oled0561.o(i.OLED_DISPLAY_8x16)
    OLED_DISPLAY_CLEAR                       0x080031d5   Thumb Code    68  oled0561.o(i.OLED_DISPLAY_CLEAR)
    OLED_DISPLAY_LIT                         0x08003219   Thumb Code    26  oled0561.o(i.OLED_DISPLAY_LIT)
    OLED_DISPLAY_OFF                         0x08003235   Thumb Code    22  oled0561.o(i.OLED_DISPLAY_OFF)
    OLED_DISPLAY_ON                          0x08003251   Thumb Code    30  oled0561.o(i.OLED_DISPLAY_ON)
    PWR_BackupAccessCmd                      0x0800328d   Thumb Code     6  stm32f10x_pwr.o(i.PWR_BackupAccessCmd)
    PendSV_Handler                           0x08003299   Thumb Code     2  stm32f10x_it.o(i.PendSV_Handler)
    RCC_AHBPeriphClockCmd                    0x0800329d   Thumb Code    26  stm32f10x_rcc.o(i.RCC_AHBPeriphClockCmd)
    RCC_APB1PeriphClockCmd                   0x080032bd   Thumb Code    26  stm32f10x_rcc.o(i.RCC_APB1PeriphClockCmd)
    RCC_APB2PeriphClockCmd                   0x080032dd   Thumb Code    26  stm32f10x_rcc.o(i.RCC_APB2PeriphClockCmd)
    RCC_BackupResetCmd                       0x080032fd   Thumb Code     6  stm32f10x_rcc.o(i.RCC_BackupResetCmd)
    RCC_ClearFlag                            0x08003309   Thumb Code    14  stm32f10x_rcc.o(i.RCC_ClearFlag)
    RCC_Configuration                        0x0800331d   Thumb Code   100  sys.o(i.RCC_Configuration)
    RCC_DeInit                               0x08003381   Thumb Code    64  stm32f10x_rcc.o(i.RCC_DeInit)
    RCC_GetClocksFreq                        0x080033cd   Thumb Code   192  stm32f10x_rcc.o(i.RCC_GetClocksFreq)
    RCC_GetFlagStatus                        0x080034a1   Thumb Code    56  stm32f10x_rcc.o(i.RCC_GetFlagStatus)
    RCC_GetSYSCLKSource                      0x080034dd   Thumb Code    10  stm32f10x_rcc.o(i.RCC_GetSYSCLKSource)
    RCC_HCLKConfig                           0x080034ed   Thumb Code    18  stm32f10x_rcc.o(i.RCC_HCLKConfig)
    RCC_HSEConfig                            0x08003505   Thumb Code    70  stm32f10x_rcc.o(i.RCC_HSEConfig)
    RCC_LSEConfig                            0x08003551   Thumb Code    46  stm32f10x_rcc.o(i.RCC_LSEConfig)
    RCC_PCLK1Config                          0x08003585   Thumb Code    18  stm32f10x_rcc.o(i.RCC_PCLK1Config)
    RCC_PCLK2Config                          0x0800359d   Thumb Code    20  stm32f10x_rcc.o(i.RCC_PCLK2Config)
    RCC_PLLCmd                               0x080035b5   Thumb Code     6  stm32f10x_rcc.o(i.RCC_PLLCmd)
    RCC_PLLConfig                            0x080035c1   Thumb Code    24  stm32f10x_rcc.o(i.RCC_PLLConfig)
    RCC_RTCCLKCmd                            0x080035dd   Thumb Code     6  stm32f10x_rcc.o(i.RCC_RTCCLKCmd)
    RCC_RTCCLKConfig                         0x080035e9   Thumb Code    12  stm32f10x_rcc.o(i.RCC_RTCCLKConfig)
    RCC_SYSCLKConfig                         0x080035f9   Thumb Code    18  stm32f10x_rcc.o(i.RCC_SYSCLKConfig)
    RCC_WaitForHSEStartUp                    0x08003611   Thumb Code    56  stm32f10x_rcc.o(i.RCC_WaitForHSEStartUp)
    RTC_Config                               0x08003649   Thumb Code    62  rtc.o(i.RTC_Config)
    RTC_EnterConfigMode                      0x08003689   Thumb Code    14  stm32f10x_rtc.o(i.RTC_EnterConfigMode)
    RTC_ExitConfigMode                       0x0800369d   Thumb Code    16  stm32f10x_rtc.o(i.RTC_ExitConfigMode)
    RTC_First_Config                         0x080036b1   Thumb Code    76  rtc.o(i.RTC_First_Config)
    RTC_Get                                  0x080036fd   Thumb Code   246  rtc.o(i.RTC_Get)
    RTC_GetCounter                           0x0800381d   Thumb Code    16  stm32f10x_rtc.o(i.RTC_GetCounter)
    RTC_SetPrescaler                         0x08003831   Thumb Code    26  stm32f10x_rtc.o(i.RTC_SetPrescaler)
    RTC_WaitForLastTask                      0x08003851   Thumb Code    16  stm32f10x_rtc.o(i.RTC_WaitForLastTask)
    RTC_WaitForSynchro                       0x08003865   Thumb Code    30  stm32f10x_rtc.o(i.RTC_WaitForSynchro)
    RTC_Zeller_Week                          0x08003889   Thumb Code   114  rtc.o(i.RTC_Zeller_Week)
    SVC_Handler                              0x080038fb   Thumb Code     2  stm32f10x_it.o(i.SVC_Handler)
    SysTick_Handler                          0x080039e5   Thumb Code     2  stm32f10x_it.o(i.SysTick_Handler)
    SystemInit                               0x080039e9   Thumb Code    78  system_stm32f10x.o(i.SystemInit)
    USART3_IRQHandler                        0x08003a49   Thumb Code    46  usart.o(i.USART3_IRQHandler)
    USART3_Init                              0x08003a81   Thumb Code   156  usart.o(i.USART3_Init)
    USART3_printf                            0x08003b25   Thumb Code    82  usart.o(i.USART3_printf)
    USART_Cmd                                0x08003b7d   Thumb Code    24  stm32f10x_usart.o(i.USART_Cmd)
    USART_GetFlagStatus                      0x08003b95   Thumb Code    26  stm32f10x_usart.o(i.USART_GetFlagStatus)
    USART_GetITStatus                        0x08003baf   Thumb Code    84  stm32f10x_usart.o(i.USART_GetITStatus)
    USART_ITConfig                           0x08003c03   Thumb Code    74  stm32f10x_usart.o(i.USART_ITConfig)
    USART_Init                               0x08003c4d   Thumb Code   210  stm32f10x_usart.o(i.USART_Init)
    USART_ReceiveData                        0x08003d25   Thumb Code    10  stm32f10x_usart.o(i.USART_ReceiveData)
    USART_SendData                           0x08003d2f   Thumb Code     8  stm32f10x_usart.o(i.USART_SendData)
    UsageFault_Handler                       0x08003d37   Thumb Code     4  stm32f10x_it.o(i.UsageFault_Handler)
    __ARM_fpclassify                         0x08003d3b   Thumb Code    40  fpclassify.o(i.__ARM_fpclassify)
    _is_digit                                0x08003d63   Thumb Code    14  __printf_wp.o(i._is_digit)
    _sys_exit                                0x08003d71   Thumb Code     6  usart.o(i._sys_exit)
    delay_ms                                 0x08003d77   Thumb Code    26  delay.o(i.delay_ms)
    delay_us                                 0x08003d91   Thumb Code    46  delay.o(i.delay_us)
    main                                     0x08003dc1   Thumb Code  7788  main.o(i.main)
    _get_lc_numeric                          0x08005c2d   Thumb Code    44  lc_numeric_c.o(locale$$code)
    _get_lc_ctype                            0x08005c59   Thumb Code    44  lc_ctype_c.o(locale$$code)
    _printf_fp_dec                           0x08005c85   Thumb Code     4  printf1.o(x$fpl$printf1)
    _printf_fp_hex                           0x08005c89   Thumb Code     4  printf2.o(x$fpl$printf2)
    __I$use$fp                               0x08005c8c   Number         0  usenofp.o(x$fpl$usenofp)
    table_week                               0x08005c8c   Data          12  rtc.o(.constdata)
    mon_table                                0x08005c98   Data          12  rtc.o(.constdata)
    ASCII_8x16                               0x08005ca4   Data        1536  oled0561.o(.constdata)
    GB_16                                    0x080062a4   Data        1536  oled0561.o(.constdata)
    PIC1                                     0x080068a4   Data        1024  oled0561.o(.constdata)
    Region$$Table$$Base                      0x08006da0   Number         0  anon$$obj.o(Region$$Table)
    Region$$Table$$Limit                     0x08006dc0   Number         0  anon$$obj.o(Region$$Table)
    __ctype                                  0x08006de9   Data           0  lc_ctype_c.o(locale$$data)
    ryear                                    0x20000000   Data           2  rtc.o(.data)
    rmon                                     0x20000002   Data           1  rtc.o(.data)
    rday                                     0x20000003   Data           1  rtc.o(.data)
    rhour                                    0x20000004   Data           1  rtc.o(.data)
    rmin                                     0x20000005   Data           1  rtc.o(.data)
    rsec                                     0x20000006   Data           1  rtc.o(.data)
    rweek                                    0x20000007   Data           1  rtc.o(.data)
    __stdout                                 0x2000000c   Data           4  usart.o(.data)
    USART3_RX_STA                            0x20000010   Data           2  usart.o(.data)
    ADC_DMA_IN                               0x20000012   Data           6  adc.o(.data)
    INT_MARK                                 0x20000018   Data           1  nvic.o(.data)
    encoder_key                              0x20000019   Data           1  nvic.o(.data)
    arr1                                     0x20000030   Data          20  main.o(.bss)
    arr2                                     0x20000044   Data          20  main.o(.bss)
    arr3                                     0x20000058   Data          20  main.o(.bss)
    __libspace_start                         0x2000006c   Data          96  libspace.o(.bss)
    __temporary_stack_top$libspace           0x200000cc   Data           0  libspace.o(.bss)



==============================================================================

Memory Map of the image

  Image Entry point : 0x080000ed

  Load Region LR_IROM1 (Base: 0x08000000, Size: 0x00006f1c, Max: 0x00010000, ABSOLUTE)

    Execution Region ER_IROM1 (Exec base: 0x08000000, Load base: 0x08000000, Size: 0x00006eec, Max: 0x00010000, ABSOLUTE)

    Exec Addr    Load Addr    Size         Type   Attr      Idx    E Section Name        Object

    0x08000000   0x08000000   0x000000ec   Data   RO         2437    RESET               startup_stm32f10x_md.o
    0x080000ec   0x080000ec   0x00000008   Code   RO         2562  * !!!main             c_w.l(__main.o)
    0x080000f4   0x080000f4   0x00000034   Code   RO         2883    !!!scatter          c_w.l(__scatter.o)
    0x08000128   0x08000128   0x0000001a   Code   RO         2885    !!handler_copy      c_w.l(__scatter_copy.o)
    0x08000142   0x08000142   0x00000002   PAD
    0x08000144   0x08000144   0x0000001c   Code   RO         2887    !!handler_zi        c_w.l(__scatter_zi.o)
    0x08000160   0x08000160   0x00000000   Code   RO         2650    .ARM.Collect$$_printf_percent$$00000000  c_w.l(_printf_percent.o)
    0x08000160   0x08000160   0x00000006   Code   RO         2639    .ARM.Collect$$_printf_percent$$00000001  c_w.l(_printf_n.o)
    0x08000166   0x08000166   0x00000006   Code   RO         2641    .ARM.Collect$$_printf_percent$$00000002  c_w.l(_printf_p.o)
    0x0800016c   0x0800016c   0x00000006   Code   RO         2646    .ARM.Collect$$_printf_percent$$00000003  c_w.l(_printf_f.o)
    0x08000172   0x08000172   0x00000006   Code   RO         2647    .ARM.Collect$$_printf_percent$$00000004  c_w.l(_printf_e.o)
    0x08000178   0x08000178   0x00000006   Code   RO         2648    .ARM.Collect$$_printf_percent$$00000005  c_w.l(_printf_g.o)
    0x0800017e   0x0800017e   0x00000006   Code   RO         2649    .ARM.Collect$$_printf_percent$$00000006  c_w.l(_printf_a.o)
    0x08000184   0x08000184   0x0000000a   Code   RO         2654    .ARM.Collect$$_printf_percent$$00000007  c_w.l(_printf_ll.o)
    0x0800018e   0x0800018e   0x00000006   Code   RO         2643    .ARM.Collect$$_printf_percent$$00000008  c_w.l(_printf_i.o)
    0x08000194   0x08000194   0x00000006   Code   RO         2644    .ARM.Collect$$_printf_percent$$00000009  c_w.l(_printf_d.o)
    0x0800019a   0x0800019a   0x00000006   Code   RO         2645    .ARM.Collect$$_printf_percent$$0000000A  c_w.l(_printf_u.o)
    0x080001a0   0x080001a0   0x00000006   Code   RO         2642    .ARM.Collect$$_printf_percent$$0000000B  c_w.l(_printf_o.o)
    0x080001a6   0x080001a6   0x00000006   Code   RO         2640    .ARM.Collect$$_printf_percent$$0000000C  c_w.l(_printf_x.o)
    0x080001ac   0x080001ac   0x00000006   Code   RO         2651    .ARM.Collect$$_printf_percent$$0000000D  c_w.l(_printf_lli.o)
    0x080001b2   0x080001b2   0x00000006   Code   RO         2652    .ARM.Collect$$_printf_percent$$0000000E  c_w.l(_printf_lld.o)
    0x080001b8   0x080001b8   0x00000006   Code   RO         2653    .ARM.Collect$$_printf_percent$$0000000F  c_w.l(_printf_llu.o)
    0x080001be   0x080001be   0x00000006   Code   RO         2658    .ARM.Collect$$_printf_percent$$00000010  c_w.l(_printf_llo.o)
    0x080001c4   0x080001c4   0x00000006   Code   RO         2659    .ARM.Collect$$_printf_percent$$00000011  c_w.l(_printf_llx.o)
    0x080001ca   0x080001ca   0x0000000a   Code   RO         2655    .ARM.Collect$$_printf_percent$$00000012  c_w.l(_printf_l.o)
    0x080001d4   0x080001d4   0x00000006   Code   RO         2637    .ARM.Collect$$_printf_percent$$00000013  c_w.l(_printf_c.o)
    0x080001da   0x080001da   0x00000006   Code   RO         2638    .ARM.Collect$$_printf_percent$$00000014  c_w.l(_printf_s.o)
    0x080001e0   0x080001e0   0x00000006   Code   RO         2656    .ARM.Collect$$_printf_percent$$00000015  c_w.l(_printf_lc.o)
    0x080001e6   0x080001e6   0x00000006   Code   RO         2657    .ARM.Collect$$_printf_percent$$00000016  c_w.l(_printf_ls.o)
    0x080001ec   0x080001ec   0x00000004   Code   RO         2698    .ARM.Collect$$_printf_percent$$00000017  c_w.l(_printf_percent_end.o)
    0x080001f0   0x080001f0   0x00000002   Code   RO         2747    .ARM.Collect$$libinit$$00000000  c_w.l(libinit.o)
    0x080001f2   0x080001f2   0x00000000   Code   RO         2764    .ARM.Collect$$libinit$$00000002  c_w.l(libinit2.o)
    0x080001f2   0x080001f2   0x00000000   Code   RO         2766    .ARM.Collect$$libinit$$00000004  c_w.l(libinit2.o)
    0x080001f2   0x080001f2   0x00000000   Code   RO         2769    .ARM.Collect$$libinit$$0000000A  c_w.l(libinit2.o)
    0x080001f2   0x080001f2   0x00000000   Code   RO         2771    .ARM.Collect$$libinit$$0000000C  c_w.l(libinit2.o)
    0x080001f2   0x080001f2   0x00000000   Code   RO         2773    .ARM.Collect$$libinit$$0000000E  c_w.l(libinit2.o)
    0x080001f2   0x080001f2   0x00000006   Code   RO         2774    .ARM.Collect$$libinit$$0000000F  c_w.l(libinit2.o)
    0x080001f8   0x080001f8   0x00000000   Code   RO         2776    .ARM.Collect$$libinit$$00000011  c_w.l(libinit2.o)
    0x080001f8   0x080001f8   0x0000000c   Code   RO         2777    .ARM.Collect$$libinit$$00000012  c_w.l(libinit2.o)
    0x08000204   0x08000204   0x00000000   Code   RO         2778    .ARM.Collect$$libinit$$00000013  c_w.l(libinit2.o)
    0x08000204   0x08000204   0x00000000   Code   RO         2780    .ARM.Collect$$libinit$$00000015  c_w.l(libinit2.o)
    0x08000204   0x08000204   0x0000000a   Code   RO         2781    .ARM.Collect$$libinit$$00000016  c_w.l(libinit2.o)
    0x0800020e   0x0800020e   0x00000000   Code   RO         2782    .ARM.Collect$$libinit$$00000017  c_w.l(libinit2.o)
    0x0800020e   0x0800020e   0x00000000   Code   RO         2784    .ARM.Collect$$libinit$$00000019  c_w.l(libinit2.o)
    0x0800020e   0x0800020e   0x00000000   Code   RO         2786    .ARM.Collect$$libinit$$0000001B  c_w.l(libinit2.o)
    0x0800020e   0x0800020e   0x00000000   Code   RO         2788    .ARM.Collect$$libinit$$0000001D  c_w.l(libinit2.o)
    0x0800020e   0x0800020e   0x00000000   Code   RO         2790    .ARM.Collect$$libinit$$0000001F  c_w.l(libinit2.o)
    0x0800020e   0x0800020e   0x00000000   Code   RO         2792    .ARM.Collect$$libinit$$00000021  c_w.l(libinit2.o)
    0x0800020e   0x0800020e   0x00000000   Code   RO         2794    .ARM.Collect$$libinit$$00000023  c_w.l(libinit2.o)
    0x0800020e   0x0800020e   0x00000000   Code   RO         2796    .ARM.Collect$$libinit$$00000025  c_w.l(libinit2.o)
    0x0800020e   0x0800020e   0x00000000   Code   RO         2800    .ARM.Collect$$libinit$$0000002C  c_w.l(libinit2.o)
    0x0800020e   0x0800020e   0x00000000   Code   RO         2802    .ARM.Collect$$libinit$$0000002E  c_w.l(libinit2.o)
    0x0800020e   0x0800020e   0x00000000   Code   RO         2804    .ARM.Collect$$libinit$$00000030  c_w.l(libinit2.o)
    0x0800020e   0x0800020e   0x00000000   Code   RO         2806    .ARM.Collect$$libinit$$00000032  c_w.l(libinit2.o)
    0x0800020e   0x0800020e   0x00000002   Code   RO         2807    .ARM.Collect$$libinit$$00000033  c_w.l(libinit2.o)
    0x08000210   0x08000210   0x00000002   Code   RO         2825    .ARM.Collect$$libshutdown$$00000000  c_w.l(libshutdown.o)
    0x08000212   0x08000212   0x00000000   Code   RO         2835    .ARM.Collect$$libshutdown$$00000002  c_w.l(libshutdown2.o)
    0x08000212   0x08000212   0x00000000   Code   RO         2837    .ARM.Collect$$libshutdown$$00000004  c_w.l(libshutdown2.o)
    0x08000212   0x08000212   0x00000000   Code   RO         2840    .ARM.Collect$$libshutdown$$00000007  c_w.l(libshutdown2.o)
    0x08000212   0x08000212   0x00000000   Code   RO         2843    .ARM.Collect$$libshutdown$$0000000A  c_w.l(libshutdown2.o)
    0x08000212   0x08000212   0x00000000   Code   RO         2845    .ARM.Collect$$libshutdown$$0000000C  c_w.l(libshutdown2.o)
    0x08000212   0x08000212   0x00000000   Code   RO         2848    .ARM.Collect$$libshutdown$$0000000F  c_w.l(libshutdown2.o)
    0x08000212   0x08000212   0x00000002   Code   RO         2849    .ARM.Collect$$libshutdown$$00000010  c_w.l(libshutdown2.o)
    0x08000214   0x08000214   0x00000000   Code   RO         2566    .ARM.Collect$$rtentry$$00000000  c_w.l(__rtentry.o)
    0x08000214   0x08000214   0x00000000   Code   RO         2669    .ARM.Collect$$rtentry$$00000002  c_w.l(__rtentry2.o)
    0x08000214   0x08000214   0x00000006   Code   RO         2681    .ARM.Collect$$rtentry$$00000004  c_w.l(__rtentry4.o)
    0x0800021a   0x0800021a   0x00000000   Code   RO         2671    .ARM.Collect$$rtentry$$00000009  c_w.l(__rtentry2.o)
    0x0800021a   0x0800021a   0x00000004   Code   RO         2672    .ARM.Collect$$rtentry$$0000000A  c_w.l(__rtentry2.o)
    0x0800021e   0x0800021e   0x00000000   Code   RO         2674    .ARM.Collect$$rtentry$$0000000C  c_w.l(__rtentry2.o)
    0x0800021e   0x0800021e   0x00000008   Code   RO         2675    .ARM.Collect$$rtentry$$0000000D  c_w.l(__rtentry2.o)
    0x08000226   0x08000226   0x00000002   Code   RO         2756    .ARM.Collect$$rtexit$$00000000  c_w.l(rtexit.o)
    0x08000228   0x08000228   0x00000000   Code   RO         2809    .ARM.Collect$$rtexit$$00000002  c_w.l(rtexit2.o)
    0x08000228   0x08000228   0x00000004   Code   RO         2810    .ARM.Collect$$rtexit$$00000003  c_w.l(rtexit2.o)
    0x0800022c   0x0800022c   0x00000006   Code   RO         2811    .ARM.Collect$$rtexit$$00000004  c_w.l(rtexit2.o)
    0x08000232   0x08000232   0x00000002   PAD
    0x08000234   0x08000234   0x00000040   Code   RO         2438    .text               startup_stm32f10x_md.o
    0x08000274   0x08000274   0x00000002   Code   RO         2552    .text               c_w.l(use_no_semi_2.o)
    0x08000276   0x08000276   0x00000002   PAD
    0x08000278   0x08000278   0x00000034   Code   RO         2554    .text               c_w.l(vsnprintf.o)
    0x080002ac   0x080002ac   0x0000003e   Code   RO         2556    .text               c_w.l(strlen.o)
    0x080002ea   0x080002ea   0x00000064   Code   RO         2558    .text               c_w.l(rt_memcpy_w.o)
    0x0800034e   0x0800034e   0x00000006   Code   RO         2560    .text               c_w.l(heapauxi.o)
    0x08000354   0x08000354   0x00000002   Code   RO         2564    .text               c_w.l(use_no_semi.o)
    0x08000356   0x08000356   0x0000004e   Code   RO         2569    .text               c_w.l(_printf_pad.o)
    0x080003a4   0x080003a4   0x00000024   Code   RO         2571    .text               c_w.l(_printf_truncate.o)
    0x080003c8   0x080003c8   0x00000052   Code   RO         2573    .text               c_w.l(_printf_str.o)
    0x0800041a   0x0800041a   0x00000002   PAD
    0x0800041c   0x0800041c   0x00000078   Code   RO         2575    .text               c_w.l(_printf_dec.o)
    0x08000494   0x08000494   0x00000028   Code   RO         2577    .text               c_w.l(_printf_charcount.o)
    0x080004bc   0x080004bc   0x00000030   Code   RO         2579    .text               c_w.l(_printf_char_common.o)
    0x080004ec   0x080004ec   0x0000000a   Code   RO         2581    .text               c_w.l(_sputc.o)
    0x080004f6   0x080004f6   0x00000010   Code   RO         2583    .text               c_w.l(_snputc.o)
    0x08000506   0x08000506   0x00000002   PAD
    0x08000508   0x08000508   0x000000bc   Code   RO         2585    .text               c_w.l(_printf_wctomb.o)
    0x080005c4   0x080005c4   0x0000007c   Code   RO         2588    .text               c_w.l(_printf_longlong_dec.o)
    0x08000640   0x08000640   0x00000070   Code   RO         2594    .text               c_w.l(_printf_oct_int_ll.o)
    0x080006b0   0x080006b0   0x00000094   Code   RO         2614    .text               c_w.l(_printf_hex_int_ll_ptr.o)
    0x08000744   0x08000744   0x00000188   Code   RO         2634    .text               c_w.l(__printf_flags_ss_wp.o)
    0x080008cc   0x080008cc   0x0000008a   Code   RO         2683    .text               c_w.l(lludiv10.o)
    0x08000956   0x08000956   0x000000b2   Code   RO         2685    .text               c_w.l(_printf_intcommon.o)
    0x08000a08   0x08000a08   0x0000041e   Code   RO         2687    .text               c_w.l(_printf_fp_dec.o)
    0x08000e26   0x08000e26   0x00000002   PAD
    0x08000e28   0x08000e28   0x000002fc   Code   RO         2689    .text               c_w.l(_printf_fp_hex.o)
    0x08001124   0x08001124   0x0000002c   Code   RO         2694    .text               c_w.l(_printf_char.o)
    0x08001150   0x08001150   0x0000002c   Code   RO         2696    .text               c_w.l(_printf_wchar.o)
    0x0800117c   0x0800117c   0x00000040   Code   RO         2699    .text               c_w.l(_wcrtomb.o)
    0x080011bc   0x080011bc   0x0000004a   Code   RO         2701    .text               c_w.l(sys_stackheap_outer.o)
    0x08001206   0x08001206   0x00000002   PAD
    0x08001208   0x08001208   0x00000010   Code   RO         2703    .text               c_w.l(rt_ctype_table.o)
    0x08001218   0x08001218   0x00000008   Code   RO         2708    .text               c_w.l(rt_locale_intlibspace.o)
    0x08001220   0x08001220   0x00000080   Code   RO         2710    .text               c_w.l(_printf_fp_infnan.o)
    0x080012a0   0x080012a0   0x000000e4   Code   RO         2712    .text               c_w.l(bigflt0.o)
    0x08001384   0x08001384   0x00000012   Code   RO         2740    .text               c_w.l(exit.o)
    0x08001396   0x08001396   0x00000002   PAD
    0x08001398   0x08001398   0x00000008   Code   RO         2753    .text               c_w.l(libspace.o)
    0x080013a0   0x080013a0   0x00000080   Code   RO         2761    .text               c_w.l(strcmpv7m.o)
    0x08001420   0x08001420   0x0000003e   Code   RO         2715    CL$$btod_d2e        c_w.l(btod.o)
    0x0800145e   0x0800145e   0x00000046   Code   RO         2717    CL$$btod_d2e_denorm_low  c_w.l(btod.o)
    0x080014a4   0x080014a4   0x00000060   Code   RO         2716    CL$$btod_d2e_norm_op1  c_w.l(btod.o)
    0x08001504   0x08001504   0x00000338   Code   RO         2725    CL$$btod_div_common  c_w.l(btod.o)
    0x0800183c   0x0800183c   0x000000dc   Code   RO         2722    CL$$btod_e2e        c_w.l(btod.o)
    0x08001918   0x08001918   0x0000002a   Code   RO         2719    CL$$btod_ediv       c_w.l(btod.o)
    0x08001942   0x08001942   0x0000002a   Code   RO         2718    CL$$btod_emul       c_w.l(btod.o)
    0x0800196c   0x0800196c   0x00000244   Code   RO         2724    CL$$btod_mult_common  c_w.l(btod.o)
    0x08001bb0   0x08001bb0   0x00000006   Code   RO         2145    i.ADC_ClearFlag     stm32f10x_adc.o
    0x08001bb6   0x08001bb6   0x00000016   Code   RO         2147    i.ADC_Cmd           stm32f10x_adc.o
    0x08001bcc   0x08001bcc   0x0000009c   Code   RO          371    i.ADC_Configuration  adc.o
    0x08001c68   0x08001c68   0x00000016   Code   RO         2148    i.ADC_DMACmd        stm32f10x_adc.o
    0x08001c7e   0x08001c7e   0x00000002   PAD
    0x08001c80   0x08001c80   0x00000058   Code   RO          372    i.ADC_DMA_Init      adc.o
    0x08001cd8   0x08001cd8   0x00000034   Code   RO          373    i.ADC_GPIO_Init     adc.o
    0x08001d0c   0x08001d0c   0x00000014   Code   RO         2155    i.ADC_GetCalibrationStatus  stm32f10x_adc.o
    0x08001d20   0x08001d20   0x00000012   Code   RO         2158    i.ADC_GetFlagStatus  stm32f10x_adc.o
    0x08001d32   0x08001d32   0x00000014   Code   RO         2161    i.ADC_GetResetCalibrationStatus  stm32f10x_adc.o
    0x08001d46   0x08001d46   0x00000002   PAD
    0x08001d48   0x08001d48   0x00000050   Code   RO         2165    i.ADC_Init          stm32f10x_adc.o
    0x08001d98   0x08001d98   0x000000b8   Code   RO         2169    i.ADC_RegularChannelConfig  stm32f10x_adc.o
    0x08001e50   0x08001e50   0x0000000a   Code   RO         2170    i.ADC_ResetCalibration  stm32f10x_adc.o
    0x08001e5a   0x08001e5a   0x00000016   Code   RO         2172    i.ADC_SoftwareStartConvCmd  stm32f10x_adc.o
    0x08001e70   0x08001e70   0x0000000a   Code   RO         2174    i.ADC_StartCalibration  stm32f10x_adc.o
    0x08001e7a   0x08001e7a   0x00000014   Code   RO          356    i.BKP_Configuration  bkp.o
    0x08001e8e   0x08001e8e   0x00000010   Code   RO          989    i.BKP_DeInit        stm32f10x_bkp.o
    0x08001e9e   0x08001e9e   0x00000002   PAD
    0x08001ea0   0x08001ea0   0x0000001c   Code   RO          994    i.BKP_ReadBackupRegister  stm32f10x_bkp.o
    0x08001ebc   0x08001ebc   0x0000001c   Code   RO          998    i.BKP_WriteBackupRegister  stm32f10x_bkp.o
    0x08001ed8   0x08001ed8   0x00000038   Code   RO          510    i.BUZZER_BEEP1      buzzer.o
    0x08001f10   0x08001f10   0x00000090   Code   RO          512    i.BUZZER_BEEP3      buzzer.o
    0x08001fa0   0x08001fa0   0x00000094   Code   RO          513    i.BUZZER_BEEP4      buzzer.o
    0x08002034   0x08002034   0x00000034   Code   RO          514    i.BUZZER_Init       buzzer.o
    0x08002068   0x08002068   0x00000004   Code   RO         2487    i.BusFault_Handler  stm32f10x_it.o
    0x0800206c   0x0800206c   0x0000005c   Code   RO          795    i.DHT11_Check       dht11.o
    0x080020c8   0x080020c8   0x00000028   Code   RO          796    i.DHT11_IO_IN       dht11.o
    0x080020f0   0x080020f0   0x0000002c   Code   RO          797    i.DHT11_IO_OUT      dht11.o
    0x0800211c   0x0800211c   0x0000000c   Code   RO          798    i.DHT11_Init        dht11.o
    0x08002128   0x08002128   0x0000002c   Code   RO          799    i.DHT11_RST         dht11.o
    0x08002154   0x08002154   0x0000005c   Code   RO          800    i.DHT11_ReadBit     dht11.o
    0x080021b0   0x080021b0   0x0000001c   Code   RO          801    i.DHT11_ReadByte    dht11.o
    0x080021cc   0x080021cc   0x00000058   Code   RO          802    i.DHT11_ReadData    dht11.o
    0x08002224   0x08002224   0x00000018   Code   RO         2365    i.DMA_Cmd           stm32f10x_dma.o
    0x0800223c   0x0800223c   0x0000014c   Code   RO         2366    i.DMA_DeInit        stm32f10x_dma.o
    0x08002388   0x08002388   0x0000003c   Code   RO         2371    i.DMA_Init          stm32f10x_dma.o
    0x080023c4   0x080023c4   0x00000002   Code   RO         2488    i.DebugMon_Handler  stm32f10x_it.o
    0x080023c6   0x080023c6   0x00000098   Code   RO          401    i.ENCODER_INT_INIT  nvic.o
    0x0800245e   0x0800245e   0x00000002   PAD
    0x08002460   0x08002460   0x0000003c   Code   RO          558    i.ENCODER_Init      encoder.o
    0x0800249c   0x0800249c   0x000000a8   Code   RO          402    i.EXTI9_5_IRQHandler  nvic.o
    0x08002544   0x08002544   0x0000000c   Code   RO         1066    i.EXTI_ClearITPendingBit  stm32f10x_exti.o
    0x08002550   0x08002550   0x00000028   Code   RO         1070    i.EXTI_GetITStatus  stm32f10x_exti.o
    0x08002578   0x08002578   0x00000094   Code   RO         1071    i.EXTI_Init         stm32f10x_exti.o
    0x0800260c   0x0800260c   0x0000001c   Code   RO         1136    i.FLASH_PrefetchBufferCmd  stm32f10x_flash.o
    0x08002628   0x08002628   0x00000018   Code   RO         1141    i.FLASH_SetLatency  stm32f10x_flash.o
    0x08002640   0x08002640   0x00000040   Code   RO         1296    i.GPIO_EXTILineConfig  stm32f10x_gpio.o
    0x08002680   0x08002680   0x00000116   Code   RO         1299    i.GPIO_Init         stm32f10x_gpio.o
    0x08002796   0x08002796   0x00000012   Code   RO         1303    i.GPIO_ReadInputDataBit  stm32f10x_gpio.o
    0x080027a8   0x080027a8   0x00000004   Code   RO         1306    i.GPIO_ResetBits    stm32f10x_gpio.o
    0x080027ac   0x080027ac   0x00000004   Code   RO         1307    i.GPIO_SetBits      stm32f10x_gpio.o
    0x080027b0   0x080027b0   0x0000000a   Code   RO         1310    i.GPIO_WriteBit     stm32f10x_gpio.o
    0x080027ba   0x080027ba   0x00000004   Code   RO         2489    i.HardFault_Handler  stm32f10x_it.o
    0x080027be   0x080027be   0x00000018   Code   RO         1408    i.I2C_AcknowledgeConfig  stm32f10x_i2c.o
    0x080027d6   0x080027d6   0x0000002a   Code   RO         1410    i.I2C_CheckEvent    stm32f10x_i2c.o
    0x08002800   0x08002800   0x00000018   Code   RO         1413    i.I2C_Cmd           stm32f10x_i2c.o
    0x08002818   0x08002818   0x00000048   Code   RO          140    i.I2C_Configuration  i2c.o
    0x08002860   0x08002860   0x00000034   Code   RO          141    i.I2C_GPIO_Init     i2c.o
    0x08002894   0x08002894   0x00000018   Code   RO         1420    i.I2C_GenerateSTART  stm32f10x_i2c.o
    0x080028ac   0x080028ac   0x00000018   Code   RO         1421    i.I2C_GenerateSTOP  stm32f10x_i2c.o
    0x080028c4   0x080028c4   0x0000003a   Code   RO         1422    i.I2C_GetFlagStatus  stm32f10x_i2c.o
    0x080028fe   0x080028fe   0x00000002   PAD
    0x08002900   0x08002900   0x000000ec   Code   RO         1427    i.I2C_Init          stm32f10x_i2c.o
    0x080029ec   0x080029ec   0x000000e8   Code   RO          144    i.I2C_Read_Buffer   i2c.o
    0x08002ad4   0x08002ad4   0x00000008   Code   RO         1432    i.I2C_ReceiveData   stm32f10x_i2c.o
    0x08002adc   0x08002adc   0x00000012   Code   RO         1434    i.I2C_Send7bitAddress  stm32f10x_i2c.o
    0x08002aee   0x08002aee   0x00000004   Code   RO         1435    i.I2C_SendData      stm32f10x_i2c.o
    0x08002af2   0x08002af2   0x00000002   PAD
    0x08002af4   0x08002af4   0x00000090   Code   RO          148    i.I2C_Send_Buffer   i2c.o
    0x08002b84   0x08002b84   0x0000007c   Code   RO          149    i.I2C_Send_Byte     i2c.o
    0x08002c00   0x08002c00   0x000000a4   Code   RO          710    i.INVERSE_OLED_DISPLAY_16x16  oled0561.o
    0x08002ca4   0x08002ca4   0x000000a0   Code   RO          711    i.INVERSE_OLED_DISPLAY_8x16  oled0561.o
    0x08002d44   0x08002d44   0x0000003a   Code   RO          209    i.Is_Leap_Year      rtc.o
    0x08002d7e   0x08002d7e   0x00000002   PAD
    0x08002d80   0x08002d80   0x0000002c   Code   RO          598    i.LED_Init          led.o
    0x08002dac   0x08002dac   0x000000b0   Code   RO          620    i.LM75A_GetTemp     lm75a.o
    0x08002e5c   0x08002e5c   0x00000098   Code   RO          853    i.MY1690_CMD2       my1690.o
    0x08002ef4   0x08002ef4   0x00000048   Code   RO          855    i.MY1690_Init       my1690.o
    0x08002f3c   0x08002f3c   0x00000014   Code   RO          856    i.MY1690_NEXT       my1690.o
    0x08002f50   0x08002f50   0x00000014   Code   RO          858    i.MY1690_PLAY       my1690.o
    0x08002f64   0x08002f64   0x00000014   Code   RO          859    i.MY1690_PREV       my1690.o
    0x08002f78   0x08002f78   0x00000014   Code   RO          860    i.MY1690_STOP       my1690.o
    0x08002f8c   0x08002f8c   0x00000014   Code   RO          865    i.MY1690_VDOWN      my1690.o
    0x08002fa0   0x08002fa0   0x00000014   Code   RO          866    i.MY1690_VUP        my1690.o
    0x08002fb4   0x08002fb4   0x00000004   Code   RO         2490    i.MemManage_Handler  stm32f10x_it.o
    0x08002fb8   0x08002fb8   0x00000002   Code   RO         2491    i.NMI_Handler       stm32f10x_it.o
    0x08002fba   0x08002fba   0x0000000c   Code   RO          284    i.NVIC_Configuration  sys.o
    0x08002fc6   0x08002fc6   0x00000020   Code   RO          404    i.NVIC_Delay_Ms     nvic.o
    0x08002fe6   0x08002fe6   0x0000001e   Code   RO          405    i.NVIC_Delay_Us     nvic.o
    0x08003004   0x08003004   0x00000070   Code   RO          951    i.NVIC_Init         misc.o
    0x08003074   0x08003074   0x00000014   Code   RO          952    i.NVIC_PriorityGroupConfig  misc.o
    0x08003088   0x08003088   0x00000010   Code   RO          712    i.OLED0561_Init     oled0561.o
    0x08003098   0x08003098   0x000000a0   Code   RO          713    i.OLED_DISPLAY_16x16  oled0561.o
    0x08003138   0x08003138   0x0000009c   Code   RO          714    i.OLED_DISPLAY_8x16  oled0561.o
    0x080031d4   0x080031d4   0x00000044   Code   RO          716    i.OLED_DISPLAY_CLEAR  oled0561.o
    0x08003218   0x08003218   0x0000001a   Code   RO          717    i.OLED_DISPLAY_LIT  oled0561.o
    0x08003232   0x08003232   0x00000002   PAD
    0x08003234   0x08003234   0x0000001c   Code   RO          718    i.OLED_DISPLAY_OFF  oled0561.o
    0x08003250   0x08003250   0x0000003c   Code   RO          719    i.OLED_DISPLAY_ON   oled0561.o
    0x0800328c   0x0800328c   0x0000000c   Code   RO         1611    i.PWR_BackupAccessCmd  stm32f10x_pwr.o
    0x08003298   0x08003298   0x00000002   Code   RO         2492    i.PendSV_Handler    stm32f10x_it.o
    0x0800329a   0x0800329a   0x00000002   PAD
    0x0800329c   0x0800329c   0x00000020   Code   RO         1672    i.RCC_AHBPeriphClockCmd  stm32f10x_rcc.o
    0x080032bc   0x080032bc   0x00000020   Code   RO         1673    i.RCC_APB1PeriphClockCmd  stm32f10x_rcc.o
    0x080032dc   0x080032dc   0x00000020   Code   RO         1675    i.RCC_APB2PeriphClockCmd  stm32f10x_rcc.o
    0x080032fc   0x080032fc   0x0000000c   Code   RO         1678    i.RCC_BackupResetCmd  stm32f10x_rcc.o
    0x08003308   0x08003308   0x00000014   Code   RO         1679    i.RCC_ClearFlag     stm32f10x_rcc.o
    0x0800331c   0x0800331c   0x00000064   Code   RO          285    i.RCC_Configuration  sys.o
    0x08003380   0x08003380   0x0000004c   Code   RO         1682    i.RCC_DeInit        stm32f10x_rcc.o
    0x080033cc   0x080033cc   0x000000d4   Code   RO         1683    i.RCC_GetClocksFreq  stm32f10x_rcc.o
    0x080034a0   0x080034a0   0x0000003c   Code   RO         1684    i.RCC_GetFlagStatus  stm32f10x_rcc.o
    0x080034dc   0x080034dc   0x00000010   Code   RO         1686    i.RCC_GetSYSCLKSource  stm32f10x_rcc.o
    0x080034ec   0x080034ec   0x00000018   Code   RO         1687    i.RCC_HCLKConfig    stm32f10x_rcc.o
    0x08003504   0x08003504   0x0000004c   Code   RO         1688    i.RCC_HSEConfig     stm32f10x_rcc.o
    0x08003550   0x08003550   0x00000034   Code   RO         1691    i.RCC_LSEConfig     stm32f10x_rcc.o
    0x08003584   0x08003584   0x00000018   Code   RO         1694    i.RCC_PCLK1Config   stm32f10x_rcc.o
    0x0800359c   0x0800359c   0x00000018   Code   RO         1695    i.RCC_PCLK2Config   stm32f10x_rcc.o
    0x080035b4   0x080035b4   0x0000000c   Code   RO         1696    i.RCC_PLLCmd        stm32f10x_rcc.o
    0x080035c0   0x080035c0   0x0000001c   Code   RO         1697    i.RCC_PLLConfig     stm32f10x_rcc.o
    0x080035dc   0x080035dc   0x0000000c   Code   RO         1698    i.RCC_RTCCLKCmd     stm32f10x_rcc.o
    0x080035e8   0x080035e8   0x00000010   Code   RO         1699    i.RCC_RTCCLKConfig  stm32f10x_rcc.o
    0x080035f8   0x080035f8   0x00000018   Code   RO         1700    i.RCC_SYSCLKConfig  stm32f10x_rcc.o
    0x08003610   0x08003610   0x00000038   Code   RO         1702    i.RCC_WaitForHSEStartUp  stm32f10x_rcc.o
    0x08003648   0x08003648   0x0000003e   Code   RO          210    i.RTC_Config        rtc.o
    0x08003686   0x08003686   0x00000002   PAD
    0x08003688   0x08003688   0x00000014   Code   RO         1873    i.RTC_EnterConfigMode  stm32f10x_rtc.o
    0x0800369c   0x0800369c   0x00000014   Code   RO         1874    i.RTC_ExitConfigMode  stm32f10x_rtc.o
    0x080036b0   0x080036b0   0x0000004c   Code   RO          211    i.RTC_First_Config  rtc.o
    0x080036fc   0x080036fc   0x00000120   Code   RO          212    i.RTC_Get           rtc.o
    0x0800381c   0x0800381c   0x00000014   Code   RO         1875    i.RTC_GetCounter    stm32f10x_rtc.o
    0x08003830   0x08003830   0x00000020   Code   RO         1882    i.RTC_SetPrescaler  stm32f10x_rtc.o
    0x08003850   0x08003850   0x00000014   Code   RO         1883    i.RTC_WaitForLastTask  stm32f10x_rtc.o
    0x08003864   0x08003864   0x00000024   Code   RO         1884    i.RTC_WaitForSynchro  stm32f10x_rtc.o
    0x08003888   0x08003888   0x00000072   Code   RO          215    i.RTC_Zeller_Week   rtc.o
    0x080038fa   0x080038fa   0x00000002   Code   RO         2493    i.SVC_Handler       stm32f10x_it.o
    0x080038fc   0x080038fc   0x00000008   Code   RO          457    i.SetSysClock       system_stm32f10x.o
    0x08003904   0x08003904   0x000000e0   Code   RO          458    i.SetSysClockTo72   system_stm32f10x.o
    0x080039e4   0x080039e4   0x00000002   Code   RO         2494    i.SysTick_Handler   stm32f10x_it.o
    0x080039e6   0x080039e6   0x00000002   PAD
    0x080039e8   0x080039e8   0x00000060   Code   RO          460    i.SystemInit        system_stm32f10x.o
    0x08003a48   0x08003a48   0x00000038   Code   RO          305    i.USART3_IRQHandler  usart.o
    0x08003a80   0x08003a80   0x000000a4   Code   RO          306    i.USART3_Init       usart.o
    0x08003b24   0x08003b24   0x00000058   Code   RO          307    i.USART3_printf     usart.o
    0x08003b7c   0x08003b7c   0x00000018   Code   RO         1965    i.USART_Cmd         stm32f10x_usart.o
    0x08003b94   0x08003b94   0x0000001a   Code   RO         1968    i.USART_GetFlagStatus  stm32f10x_usart.o
    0x08003bae   0x08003bae   0x00000054   Code   RO         1969    i.USART_GetITStatus  stm32f10x_usart.o
    0x08003c02   0x08003c02   0x0000004a   Code   RO         1971    i.USART_ITConfig    stm32f10x_usart.o
    0x08003c4c   0x08003c4c   0x000000d8   Code   RO         1972    i.USART_Init        stm32f10x_usart.o
    0x08003d24   0x08003d24   0x0000000a   Code   RO         1979    i.USART_ReceiveData  stm32f10x_usart.o
    0x08003d2e   0x08003d2e   0x00000008   Code   RO         1982    i.USART_SendData    stm32f10x_usart.o
    0x08003d36   0x08003d36   0x00000004   Code   RO         2495    i.UsageFault_Handler  stm32f10x_it.o
    0x08003d3a   0x08003d3a   0x00000028   Code   RO         2751    i.__ARM_fpclassify  m_ws.l(fpclassify.o)
    0x08003d62   0x08003d62   0x0000000e   Code   RO         2627    i._is_digit         c_w.l(__printf_wp.o)
    0x08003d70   0x08003d70   0x00000006   Code   RO          308    i._sys_exit         usart.o
    0x08003d76   0x08003d76   0x0000001a   Code   RO            1    i.delay_ms          delay.o
    0x08003d90   0x08003d90   0x0000002e   Code   RO            3    i.delay_us          delay.o
    0x08003dbe   0x08003dbe   0x00000002   PAD
    0x08003dc0   0x08003dc0   0x00001e6c   Code   RO         2442    i.main              main.o
    0x08005c2c   0x08005c2c   0x0000002c   Code   RO         2738    locale$$code        c_w.l(lc_numeric_c.o)
    0x08005c58   0x08005c58   0x0000002c   Code   RO         2759    locale$$code        c_w.l(lc_ctype_c.o)
    0x08005c84   0x08005c84   0x00000004   Code   RO         2660    x$fpl$printf1       fz_ws.l(printf1.o)
    0x08005c88   0x08005c88   0x00000004   Code   RO         2662    x$fpl$printf2       fz_ws.l(printf2.o)
    0x08005c8c   0x08005c8c   0x00000000   Code   RO         2750    x$fpl$usenofp       fz_ws.l(usenofp.o)
    0x08005c8c   0x08005c8c   0x00000018   Data   RO          216    .constdata          rtc.o
    0x08005ca4   0x08005ca4   0x00001000   Data   RO          721    .constdata          oled0561.o
    0x08006ca4   0x08006ca4   0x00000008   Data   RO         2586    .constdata          c_w.l(_printf_wctomb.o)
    0x08006cac   0x08006cac   0x00000028   Data   RO         2615    .constdata          c_w.l(_printf_hex_int_ll_ptr.o)
    0x08006cd4   0x08006cd4   0x00000011   Data   RO         2635    .constdata          c_w.l(__printf_flags_ss_wp.o)
    0x08006ce5   0x08006ce5   0x00000026   Data   RO         2690    .constdata          c_w.l(_printf_fp_hex.o)
    0x08006d0b   0x08006d0b   0x00000001   PAD
    0x08006d0c   0x08006d0c   0x00000094   Data   RO         2713    .constdata          c_w.l(bigflt0.o)
    0x08006da0   0x08006da0   0x00000020   Data   RO         2881    Region$$Table       anon$$obj.o
    0x08006dc0   0x08006dc0   0x0000001c   Data   RO         2737    locale$$data        c_w.l(lc_numeric_c.o)
    0x08006ddc   0x08006ddc   0x00000110   Data   RO         2758    locale$$data        c_w.l(lc_ctype_c.o)


    Execution Region RW_IRAM1 (Exec base: 0x20000000, Load base: 0x08006eec, Size: 0x000006d0, Max: 0x00005000, ABSOLUTE)

    Exec Addr    Load Addr    Size         Type   Attr      Idx    E Section Name        Object

    0x20000000   0x08006eec   0x0000000a   Data   RW          217    .data               rtc.o
    0x2000000a   0x08006ef6   0x00000002   PAD
    0x2000000c   0x08006ef8   0x00000006   Data   RW          311    .data               usart.o
    0x20000012   0x08006efe   0x00000006   Data   RW          374    .data               adc.o
    0x20000018   0x08006f04   0x00000002   Data   RW          406    .data               nvic.o
    0x2000001a   0x08006f06   0x00000014   Data   RW         1703    .data               stm32f10x_rcc.o
    0x2000002e   0x08006f1a   0x00000002   PAD
    0x20000030        -       0x0000003c   Zero   RW         2443    .bss                main.o
    0x2000006c        -       0x00000060   Zero   RW         2754    .bss                c_w.l(libspace.o)
    0x200000cc   0x08006f1a   0x00000004   PAD
    0x200000d0        -       0x00000200   Zero   RW         2436    HEAP                startup_stm32f10x_md.o
    0x200002d0        -       0x00000400   Zero   RW         2435    STACK               startup_stm32f10x_md.o


==============================================================================

Image component sizes


      Code (inc. data)   RO Data    RW Data    ZI Data      Debug   Object Name

       296         20          0          6          0       2032   adc.o
        20          0          0          0          0        408   bkp.o
       400         16          0          0          0       1999   buzzer.o
         0          0          0          0          0         32   core_cm3.o
        72          0          0          0          0     260430   delay.o
       440         22          0          0          0       4362   dht11.o
        60          8          0          0          0        467   encoder.o
       624         54          0          0          0       3284   i2c.o
        44          6          0          0          0        435   led.o
       176          0          0          0          0       1056   lm75a.o
      7788         66          0          0         60       5570   main.o
       132         22          0          0          0       1427   misc.o
       344         66          0          0          0       3532   my1690.o
       382         18          0          2          0       2235   nvic.o
       838         56       4096          0          0       6147   oled0561.o
       598         42         24         10          0       4092   rtc.o
        64         26        236          0       1536        764   startup_stm32f10x_md.o
       414         10          0          0          0       7813   stm32f10x_adc.o
        72         10          0          0          0       2516   stm32f10x_bkp.o
       416          8          0          0          0       3238   stm32f10x_dma.o
       200         18          0          0          0       1936   stm32f10x_exti.o
        52         12          0          0          0        957   stm32f10x_flash.o
       378          4          0          0          0       4466   stm32f10x_gpio.o
       462         14          0          0          0       7020   stm32f10x_i2c.o
        26          0          0          0          0       3434   stm32f10x_it.o
        12          6          0          0          0        442   stm32f10x_pwr.o
       840        126          0         20          0      12182   stm32f10x_rcc.o
       148         30          0          0          0       2542   stm32f10x_rtc.o
       442          6          0          0          0       5717   stm32f10x_usart.o
       112          0          0          0          0        925   sys.o
       328         28          0          0          0       1817   system_stm32f10x.o
       314         24          0          6          0       4092   usart.o

    ----------------------------------------------------------------------
     16518        718       4388         48       1596     357369   Object Totals
         0          0         32          0          0          0   (incl. Generated)
        24          0          0          4          0          0   (incl. Padding)

    ----------------------------------------------------------------------

      Code (inc. data)   RO Data    RW Data    ZI Data      Debug   Library Member Name

         8          0          0          0          0         68   __main.o
       392          4         17          0          0         92   __printf_flags_ss_wp.o
        14          0          0          0          0         68   __printf_wp.o
         0          0          0          0          0          0   __rtentry.o
        12          0          0          0          0          0   __rtentry2.o
         6          0          0          0          0          0   __rtentry4.o
        52          8          0          0          0          0   __scatter.o
        26          0          0          0          0          0   __scatter_copy.o
        28          0          0          0          0          0   __scatter_zi.o
         6          0          0          0          0          0   _printf_a.o
         6          0          0          0          0          0   _printf_c.o
        44          0          0          0          0        108   _printf_char.o
        48          6          0          0          0         96   _printf_char_common.o
        40          0          0          0          0         68   _printf_charcount.o
         6          0          0          0          0          0   _printf_d.o
       120         16          0          0          0         92   _printf_dec.o
         6          0          0          0          0          0   _printf_e.o
         6          0          0          0          0          0   _printf_f.o
      1054          0          0          0          0        216   _printf_fp_dec.o
       764          8         38          0          0        100   _printf_fp_hex.o
       128         16          0          0          0         84   _printf_fp_infnan.o
         6          0          0          0          0          0   _printf_g.o
       148          4         40          0          0        160   _printf_hex_int_ll_ptr.o
         6          0          0          0          0          0   _printf_i.o
       178          0          0          0          0         88   _printf_intcommon.o
        10          0          0          0          0          0   _printf_l.o
         6          0          0          0          0          0   _printf_lc.o
        10          0          0          0          0          0   _printf_ll.o
         6          0          0          0          0          0   _printf_lld.o
         6          0          0          0          0          0   _printf_lli.o
         6          0          0          0          0          0   _printf_llo.o
         6          0          0          0          0          0   _printf_llu.o
         6          0          0          0          0          0   _printf_llx.o
       124         16          0          0          0         92   _printf_longlong_dec.o
         6          0          0          0          0          0   _printf_ls.o
         6          0          0          0          0          0   _printf_n.o
         6          0          0          0          0          0   _printf_o.o
       112         10          0          0          0        124   _printf_oct_int_ll.o
         6          0          0          0          0          0   _printf_p.o
        78          0          0          0          0        108   _printf_pad.o
         0          0          0          0          0          0   _printf_percent.o
         4          0          0          0          0          0   _printf_percent_end.o
         6          0          0          0          0          0   _printf_s.o
        82          0          0          0          0         80   _printf_str.o
        36          0          0          0          0         84   _printf_truncate.o
         6          0          0          0          0          0   _printf_u.o
        44          0          0          0          0        108   _printf_wchar.o
       188          6          8          0          0         92   _printf_wctomb.o
         6          0          0          0          0          0   _printf_x.o
        16          0          0          0          0         68   _snputc.o
        10          0          0          0          0         68   _sputc.o
        64          0          0          0          0         92   _wcrtomb.o
       228          4        148          0          0         96   bigflt0.o
      1936        128          0          0          0        672   btod.o
        18          0          0          0          0         80   exit.o
         6          0          0          0          0        152   heapauxi.o
        44         10        272          0          0         76   lc_ctype_c.o
        44         10         28          0          0         76   lc_numeric_c.o
         2          0          0          0          0          0   libinit.o
        30          0          0          0          0          0   libinit2.o
         2          0          0          0          0          0   libshutdown.o
         2          0          0          0          0          0   libshutdown2.o
         8          4          0          0         96         68   libspace.o
       138          0          0          0          0         80   lludiv10.o
        16          4          0          0          0         76   rt_ctype_table.o
         8          4          0          0          0         68   rt_locale_intlibspace.o
       100          0          0          0          0         80   rt_memcpy_w.o
         2          0          0          0          0          0   rtexit.o
        10          0          0          0          0          0   rtexit2.o
       128          0          0          0          0         68   strcmpv7m.o
        62          0          0          0          0         76   strlen.o
        74          0          0          0          0         80   sys_stackheap_outer.o
         2          0          0          0          0         68   use_no_semi.o
         2          0          0          0          0         68   use_no_semi_2.o
        52          4          0          0          0         80   vsnprintf.o
         4          0          0          0          0         68   printf1.o
         4          0          0          0          0         68   printf2.o
         0          0          0          0          0          0   usenofp.o
        40          0          0          0          0         68   fpclassify.o

    ----------------------------------------------------------------------
      6938        262        552          0        100       4324   Library Totals
        16          0          1          0          4          0   (incl. Padding)

    ----------------------------------------------------------------------

      Code (inc. data)   RO Data    RW Data    ZI Data      Debug   Library Name

      6874        262        551          0         96       4120   c_w.l
         8          0          0          0          0        136   fz_ws.l
        40          0          0          0          0         68   m_ws.l

    ----------------------------------------------------------------------
      6938        262        552          0        100       4324   Library Totals

    ----------------------------------------------------------------------

==============================================================================


      Code (inc. data)   RO Data    RW Data    ZI Data      Debug   

     23456        980       4940         48       1696     352069   Grand Totals
     23456        980       4940         48       1696     352069   ELF Image Totals
     23456        980       4940         48          0          0   ROM Totals

==============================================================================

    Total RO  Size (Code + RO Data)                28396 (  27.73kB)
    Total RW  Size (RW Data + ZI Data)              1744 (   1.70kB)
    Total ROM Size (Code + RO Data + RW Data)      28444 (  27.78kB)

==============================================================================

