Component: ARM Compiler 5.06 update 6 (build 750) Tool: armlink [4d35ed]

==============================================================================

Section Cross References

    delay.o(i.delay_ms) refers to delay.o(i.delay_us) for delay_us
    delay.o(i.delay_s) refers to delay.o(i.delay_ms) for delay_ms
    flash.o(i.FLASH_W) refers to stm32f10x_flash.o(i.FLASH_Unlock) for FLASH_Unlock
    flash.o(i.FLASH_W) refers to stm32f10x_flash.o(i.FLASH_ClearFlag) for FLASH_ClearFlag
    flash.o(i.FLASH_W) refers to stm32f10x_flash.o(i.FLASH_ErasePage) for FLASH_ErasePage
    flash.o(i.FLASH_W) refers to stm32f10x_flash.o(i.FLASH_ProgramHalfWord) for FLASH_ProgramHalfWord
    flash.o(i.FLASH_W) refers to stm32f10x_flash.o(i.FLASH_Lock) for FLASH_Lock
    i2c.o(i.I2C_Configuration) refers to i2c.o(i.I2C_GPIO_Init) for I2C_GPIO_Init
    i2c.o(i.I2C_Configuration) refers to stm32f10x_i2c.o(i.I2C_Init) for I2C_Init
    i2c.o(i.I2C_Configuration) refers to stm32f10x_i2c.o(i.I2C_Cmd) for I2C_Cmd
    i2c.o(i.I2C_GPIO_Init) refers to stm32f10x_rcc.o(i.RCC_APB2PeriphClockCmd) for RCC_APB2PeriphClockCmd
    i2c.o(i.I2C_GPIO_Init) refers to stm32f10x_rcc.o(i.RCC_APB1PeriphClockCmd) for RCC_APB1PeriphClockCmd
    i2c.o(i.I2C_GPIO_Init) refers to stm32f10x_gpio.o(i.GPIO_Init) for GPIO_Init
    i2c.o(i.I2C_READ_BUFFER) refers to stm32f10x_i2c.o(i.I2C_GetFlagStatus) for I2C_GetFlagStatus
    i2c.o(i.I2C_READ_BUFFER) refers to stm32f10x_i2c.o(i.I2C_GenerateSTART) for I2C_GenerateSTART
    i2c.o(i.I2C_READ_BUFFER) refers to stm32f10x_i2c.o(i.I2C_CheckEvent) for I2C_CheckEvent
    i2c.o(i.I2C_READ_BUFFER) refers to stm32f10x_i2c.o(i.I2C_Send7bitAddress) for I2C_Send7bitAddress
    i2c.o(i.I2C_READ_BUFFER) refers to stm32f10x_i2c.o(i.I2C_Cmd) for I2C_Cmd
    i2c.o(i.I2C_READ_BUFFER) refers to stm32f10x_i2c.o(i.I2C_SendData) for I2C_SendData
    i2c.o(i.I2C_READ_BUFFER) refers to stm32f10x_i2c.o(i.I2C_AcknowledgeConfig) for I2C_AcknowledgeConfig
    i2c.o(i.I2C_READ_BUFFER) refers to stm32f10x_i2c.o(i.I2C_GenerateSTOP) for I2C_GenerateSTOP
    i2c.o(i.I2C_READ_BUFFER) refers to stm32f10x_i2c.o(i.I2C_ReceiveData) for I2C_ReceiveData
    i2c.o(i.I2C_READ_BYTE) refers to stm32f10x_i2c.o(i.I2C_GetFlagStatus) for I2C_GetFlagStatus
    i2c.o(i.I2C_READ_BYTE) refers to stm32f10x_i2c.o(i.I2C_GenerateSTART) for I2C_GenerateSTART
    i2c.o(i.I2C_READ_BYTE) refers to stm32f10x_i2c.o(i.I2C_CheckEvent) for I2C_CheckEvent
    i2c.o(i.I2C_READ_BYTE) refers to stm32f10x_i2c.o(i.I2C_Send7bitAddress) for I2C_Send7bitAddress
    i2c.o(i.I2C_READ_BYTE) refers to stm32f10x_i2c.o(i.I2C_Cmd) for I2C_Cmd
    i2c.o(i.I2C_READ_BYTE) refers to stm32f10x_i2c.o(i.I2C_SendData) for I2C_SendData
    i2c.o(i.I2C_READ_BYTE) refers to stm32f10x_i2c.o(i.I2C_AcknowledgeConfig) for I2C_AcknowledgeConfig
    i2c.o(i.I2C_READ_BYTE) refers to stm32f10x_i2c.o(i.I2C_GenerateSTOP) for I2C_GenerateSTOP
    i2c.o(i.I2C_READ_BYTE) refers to stm32f10x_i2c.o(i.I2C_ReceiveData) for I2C_ReceiveData
    i2c.o(i.I2C_Read_Buffer) refers to stm32f10x_i2c.o(i.I2C_GetFlagStatus) for I2C_GetFlagStatus
    i2c.o(i.I2C_Read_Buffer) refers to stm32f10x_i2c.o(i.I2C_GenerateSTART) for I2C_GenerateSTART
    i2c.o(i.I2C_Read_Buffer) refers to stm32f10x_i2c.o(i.I2C_CheckEvent) for I2C_CheckEvent
    i2c.o(i.I2C_Read_Buffer) refers to stm32f10x_i2c.o(i.I2C_Send7bitAddress) for I2C_Send7bitAddress
    i2c.o(i.I2C_Read_Buffer) refers to stm32f10x_i2c.o(i.I2C_Cmd) for I2C_Cmd
    i2c.o(i.I2C_Read_Buffer) refers to stm32f10x_i2c.o(i.I2C_SendData) for I2C_SendData
    i2c.o(i.I2C_Read_Buffer) refers to stm32f10x_i2c.o(i.I2C_AcknowledgeConfig) for I2C_AcknowledgeConfig
    i2c.o(i.I2C_Read_Buffer) refers to stm32f10x_i2c.o(i.I2C_GenerateSTOP) for I2C_GenerateSTOP
    i2c.o(i.I2C_Read_Buffer) refers to stm32f10x_i2c.o(i.I2C_ReceiveData) for I2C_ReceiveData
    i2c.o(i.I2C_Read_Byte) refers to stm32f10x_i2c.o(i.I2C_GetFlagStatus) for I2C_GetFlagStatus
    i2c.o(i.I2C_Read_Byte) refers to stm32f10x_i2c.o(i.I2C_GenerateSTART) for I2C_GenerateSTART
    i2c.o(i.I2C_Read_Byte) refers to stm32f10x_i2c.o(i.I2C_CheckEvent) for I2C_CheckEvent
    i2c.o(i.I2C_Read_Byte) refers to stm32f10x_i2c.o(i.I2C_Send7bitAddress) for I2C_Send7bitAddress
    i2c.o(i.I2C_Read_Byte) refers to stm32f10x_i2c.o(i.I2C_Cmd) for I2C_Cmd
    i2c.o(i.I2C_Read_Byte) refers to stm32f10x_i2c.o(i.I2C_SendData) for I2C_SendData
    i2c.o(i.I2C_Read_Byte) refers to stm32f10x_i2c.o(i.I2C_AcknowledgeConfig) for I2C_AcknowledgeConfig
    i2c.o(i.I2C_Read_Byte) refers to stm32f10x_i2c.o(i.I2C_GenerateSTOP) for I2C_GenerateSTOP
    i2c.o(i.I2C_Read_Byte) refers to stm32f10x_i2c.o(i.I2C_ReceiveData) for I2C_ReceiveData
    i2c.o(i.I2C_SEND_BUFFER) refers to stm32f10x_i2c.o(i.I2C_GenerateSTART) for I2C_GenerateSTART
    i2c.o(i.I2C_SEND_BUFFER) refers to stm32f10x_i2c.o(i.I2C_CheckEvent) for I2C_CheckEvent
    i2c.o(i.I2C_SEND_BUFFER) refers to stm32f10x_i2c.o(i.I2C_Send7bitAddress) for I2C_Send7bitAddress
[...]
    locale$$data                             0x08007454   Section      272  lc_ctype_c.o(locale$$data)
    __lcnum_c_end                            0x08007454   Data           0  lc_numeric_c.o(locale$$data)
    __lcctype_c_name                         0x08007458   Data           2  lc_ctype_c.o(locale$$data)
    __lcctype_c_start                        0x08007460   Data           0  lc_ctype_c.o(locale$$data)
    __lcctype_c_end                          0x08007564   Data           0  lc_ctype_c.o(locale$$data)
    .data                                    0x20000000   Section       10  rtc.o(.data)
    daycnt                                   0x20000008   Data           2  rtc.o(.data)
    .data                                    0x2000000c   Section        6  usart.o(.data)
    .data                                    0x20000012   Section        6  adc.o(.data)
    .data                                    0x20000018   Section        2  nvic.o(.data)
    .data                                    0x2000001a   Section       20  stm32f10x_rcc.o(.data)
    APBAHBPrescTable                         0x2000001a   Data          16  stm32f10x_rcc.o(.data)
    ADCPrescTable                            0x2000002a   Data           4  stm32f10x_rcc.o(.data)
    .bss                                     0x20000030   Section       60  main.o(.bss)
    .bss                                     0x2000006c   Section       96  libspace.o(.bss)
    HEAP                                     0x200000d0   Section      512  startup_stm32f10x_md.o(HEAP)
    Heap_Mem                                 0x200000d0   Data         512  startup_stm32f10x_md.o(HEAP)
    STACK                                    0x200002d0   Section     1024  startup_stm32f10x_md.o(STACK)
    Stack_Mem                                0x200002d0   Data        1024  startup_stm32f10x_md.o(STACK)
    __initial_sp                             0x200006d0   Data           0  startup_stm32f10x_md.o(STACK)

    Global Symbols

    Symbol Name                              Value     Ov Type        Size  Object(Section)

    BuildAttributes$$THM_ISAv4$P$D$K$B$S$PE$A:L22UL41UL21$X:L11$S22US41US21$IEEE1$IW$USESV6$~STKCKD$USESV7$~SHL$OTIME$ROPI$IEEEJ$EBA8$UX$STANDARDLIB$REQ8$PRES8$EABIv2 0x00000000   Number         0  anon$$obj.o ABSOLUTE
    __ARM_use_no_argv                        0x00000000   Number         0  main.o ABSOLUTE
    _printf_flags                            0x00000000   Number         0  printf_stubs.o ABSOLUTE
    _printf_return_value                     0x00000000   Number         0  printf_stubs.o ABSOLUTE
    _printf_sizespec                         0x00000000   Number         0  printf_stubs.o ABSOLUTE
    _printf_widthprec                        0x00000000   Number         0  printf_stubs.o ABSOLUTE
    __ARM_exceptions_init                     - Undefined Weak Reference
    __alloca_initialize                       - Undefined Weak Reference
    __arm_preinit_                            - Undefined Weak Reference
    __cpp_initialize__aeabi_                  - Undefined Weak Reference
    __cxa_finalize                            - Undefined Weak Reference
    __sigvec_lookup                           - Undefined Weak Reference
    _atexit_init                              - Undefined Weak Reference
    _call_atexit_fns                          - Undefined Weak Reference
    _clock_init                               - Undefined Weak Reference
    _fp_trap_init                             - Undefined Weak Reference
    _fp_trap_shutdown                         - Undefined Weak Reference
    _get_lc_collate                           - Undefined Weak Reference
    _get_lc_monetary                          - Undefined Weak Reference
    _get_lc_time                              - Undefined Weak Reference
    _getenv_init                              - Undefined Weak Reference
    _handle_redirection                       - Undefined Weak Reference
    _init_alloc                               - Undefined Weak Reference
    _init_user_alloc                          - Undefined Weak Reference
    _initio                                   - Undefined Weak Reference
    _printf_mbtowc                            - Undefined Weak Reference
    _printf_wc                                - Undefined Weak Reference
    _rand_init                                - Undefined Weak Reference
    _signal_finish                            - Undefined Weak Reference
    _signal_init                              - Undefined Weak Reference
    _terminate_alloc                          - Undefined Weak Reference
    _terminate_user_alloc                     - Undefined Weak Reference
    _terminateio                              - Undefined Weak Reference
    __Vectors_Size                           0x000000ec   Number         0  startup_stm32f10x_md.o ABSOLUTE
    __Vectors                                0x08000000   Data           4  startup_stm32f10x_md.o(RESET)
    __Vectors_End                            0x080000ec   Data           0  startup_stm32f10x_md.o(RESET)
    __main                                   0x080000ed   Thumb Code     8  __main.o(!!!main)
    __scatterload                            0x080000f5   Thumb Code     0  __scatter.o(!!!scatter)
    __scatterload_rt2                        0x080000f5   Thumb Code    44  __scatter.o(!!!scatter)
    __scatterload_rt2_thumb_only             0x080000f5   Thumb Code     0  __scatter.o(!!!scatter)
    __scatterload_null                       0x08000103   Thumb Code     0  __scatter.o(!!!scatter)
    __scatterload_copy                       0x08000129   Thumb Code    26  __scatter_copy.o(!!handler_copy)
    __scatterload_zeroinit                   0x08000145   Thumb Code    28  __scatter_zi.o(!!handler_zi)
    _printf_n                                0x08000161   Thumb Code     0  _printf_n.o(.ARM.Collect$$_printf_percent$$00000001)
    _printf_percent                          0x08000161   Thumb Code     0  _printf_percent.o(.ARM.Collect$$_printf_percent$$00000000)
    _printf_p                                0x08000167   Thumb Code     0  _printf_p.o(.ARM.Collect$$_printf_percent$$00000002)
    _printf_f                                0x0800016d   Thumb Code     0  _printf_f.o(.ARM.Collect$$_printf_percent$$00000003)
    _printf_e                                0x08000173   Thumb Code     0  _printf_e.o(.ARM.Collect$$_printf_percent$$00000004)
    _printf_g                                0x08000179   Thumb Code     0  _printf_g.o(.ARM.Collect$$_printf_percent$$00000005)
    _printf_a                                0x0800017f   Thumb Code     0  _printf_a.o(.ARM.Collect$$_printf_percent$$00000006)
    _printf_ll                               0x08000185   Thumb Code     0  _printf_ll.o(.ARM.Collect$$_printf_percent$$00000007)
    _printf_i                                0x0800018f   Thumb Code     0  _printf_i.o(.ARM.Collect$$_printf_percent$$00000008)
    _printf_d                                0x08000195   Thumb Code     0  _printf_d.o(.ARM.Collect$$_printf_percent$$00000009)
    _printf_u                                0x0800019b   Thumb Code     0  _printf_u.o(.ARM.Collect$$_printf_percent$$0000000A)
    _printf_o                                0x080001a1   Thumb Code     0  _printf_o.o(.ARM.Collect$$_printf_percent$$0000000B)
    _printf_x                                0x080001a7   Thumb Code     0  _printf_x.o(.ARM.Collect$$_printf_percent$$0000000C)
    _printf_lli                              0x080001ad   Thumb Code     0  _printf_lli.o(.ARM.Collect$$_printf_percent$$0000000D)
    _printf_lld                              0x080001b3   Thumb Code     0  _printf_lld.o(.ARM.Collect$$_printf_percent$$0000000E)
    _printf_llu                              0x080001b9   Thumb Code     0  _printf_llu.o(.ARM.Collect$$_printf_percent$$0000000F)
    _printf_llo                              0x080001bf   Thumb Code     0  _printf_llo.o(.ARM.Collect$$_printf_percent$$00000010)
    _printf_llx                              0x080001c5   Thumb Code     0  _printf_llx.o(.ARM.Collect$$_printf_percent$$00000011)
    _printf_l                                0x080001cb   Thumb Code     0  _printf_l.o(.ARM.Collect$$_printf_percent$$00000012)
    _printf_c                                0x080001d5   Thumb Code     0  _printf_c.o(.ARM.Collect$$_printf_percent$$00000013)
    _printf_s                                0x080001db   Thumb Code     0  _printf_s.o(.ARM.Collect$$_printf_percent$$00000014)
    _printf_lc                               0x080001e1   Thumb Code     0  _printf_lc.o(.ARM.Collect$$_printf_percent$$00000015)
    _printf_ls                               0x080001e7   Thumb Code     0  _printf_ls.o(.ARM.Collect$$_printf_percent$$00000016)
    _printf_percent_end                      0x080001ed   Thumb Code     0  _printf_percent_end.o(.ARM.Collect$$_printf_percent$$00000017)
    __rt_lib_init                            0x080001f1   Thumb Code     0  libinit.o(.ARM.Collect$$libinit$$00000000)
    __rt_lib_init_fp_1                       0x080001f3   Thumb Code     0  libinit2.o(.ARM.Collect$$libinit$$00000002)
    __rt_lib_init_heap_1                     0x080001f3   Thumb Code     0  libinit2.o(.ARM.Collect$$libinit$$0000000A)
    __rt_lib_init_lc_common                  0x080001f3   Thumb Code     0  libinit2.o(.ARM.Collect$$libinit$$0000000F)
    __rt_lib_init_preinit_1                  0x080001f3   Thumb Code     0  libinit2.o(.ARM.Collect$$libinit$$00000004)
    __rt_lib_init_rand_1                     0x080001f3   Thumb Code     0  libinit2.o(.ARM.Collect$$libinit$$0000000E)
    __rt_lib_init_user_alloc_1               0x080001f3   Thumb Code     0  libinit2.o(.ARM.Collect$$libinit$$0000000C)
    __rt_lib_init_lc_collate_1               0x080001f9   Thumb Code     0  libinit2.o(.ARM.Collect$$libinit$$00000011)
    __rt_lib_init_lc_ctype_2                 0x080001f9   Thumb Code     0  libinit2.o(.ARM.Collect$$libinit$$00000012)
    __rt_lib_init_lc_ctype_1                 0x08000205   Thumb Code     0  libinit2.o(.ARM.Collect$$libinit$$00000013)
    __rt_lib_init_lc_monetary_1              0x08000205   Thumb Code     0  libinit2.o(.ARM.Collect$$libinit$$00000015)
    __rt_lib_init_lc_numeric_2               0x08000205   Thumb Code     0  libinit2.o(.ARM.Collect$$libinit$$00000016)
    __rt_lib_init_alloca_1                   0x0800020f   Thumb Code     0  libinit2.o(.ARM.Collect$$libinit$$0000002E)
    __rt_lib_init_argv_1                     0x0800020f   Thumb Code     0  libinit2.o(.ARM.Collect$$libinit$$0000002C)
    __rt_lib_init_atexit_1                   0x0800020f   Thumb Code     0  libinit2.o(.ARM.Collect$$libinit$$0000001B)
    __rt_lib_init_clock_1                    0x0800020f   Thumb Code     0  libinit2.o(.ARM.Collect$$libinit$$00000021)
    __rt_lib_init_cpp_1                      0x0800020f   Thumb Code     0  libinit2.o(.ARM.Collect$$libinit$$00000032)
    __rt_lib_init_exceptions_1               0x0800020f   Thumb Code     0  libinit2.o(.ARM.Collect$$libinit$$00000030)
    __rt_lib_init_fp_trap_1                  0x0800020f   Thumb Code     0  libinit2.o(.ARM.Collect$$libinit$$0000001F)
    __rt_lib_init_getenv_1                   0x0800020f   Thumb Code     0  libinit2.o(.ARM.Collect$$libinit$$00000023)
    __rt_lib_init_lc_numeric_1               0x0800020f   Thumb Code     0  libinit2.o(.ARM.Collect$$libinit$$00000017)
    __rt_lib_init_lc_time_1                  0x0800020f   Thumb Code     0  libinit2.o(.ARM.Collect$$libinit$$00000019)
    __rt_lib_init_return                     0x0800020f   Thumb Code     0  libinit2.o(.ARM.Collect$$libinit$$00000033)
    __rt_lib_init_signal_1                   0x0800020f   Thumb Code     0  libinit2.o(.ARM.Collect$$libinit$$0000001D)
    __rt_lib_init_stdio_1                    0x0800020f   Thumb Code     0  libinit2.o(.ARM.Collect$$libinit$$00000025)
    __rt_lib_shutdown                        0x08000211   Thumb Code     0  libshutdown.o(.ARM.Collect$$libshutdown$$00000000)
    __rt_lib_shutdown_cpp_1                  0x08000213   Thumb Code     0  libshutdown2.o(.ARM.Collect$$libshutdown$$00000002)
    __rt_lib_shutdown_fp_trap_1              0x08000213   Thumb Code     0  libshutdown2.o(.ARM.Collect$$libshutdown$$00000007)
    __rt_lib_shutdown_heap_1                 0x08000213   Thumb Code     0  libshutdown2.o(.ARM.Collect$$libshutdown$$0000000F)
    __rt_lib_shutdown_return                 0x08000213   Thumb Code     0  libshutdown2.o(.ARM.Collect$$libshutdown$$00000010)
    __rt_lib_shutdown_signal_1               0x08000213   Thumb Code     0  libshutdown2.o(.ARM.Collect$$libshutdown$$0000000A)
    __rt_lib_shutdown_stdio_1                0x08000213   Thumb Code     0  libshutdown2.o(.ARM.Collect$$libshutdown$$00000004)
    __rt_lib_shutdown_user_alloc_1           0x08000213   Thumb Code     0  libshutdown2.o(.ARM.Collect$$libshutdown$$0000000C)
    __rt_entry                               0x08000215   Thumb Code     0  __rtentry.o(.ARM.Collect$$rtentry$$00000000)
    __rt_entry_presh_1                       0x08000215   Thumb Code     0  __rtentry2.o(.ARM.Collect$$rtentry$$00000002)
    __rt_entry_sh                            0x08000215   Thumb Code     0  __rtentry4.o(.ARM.Collect$$rtentry$$00000004)
    __rt_entry_li                            0x0800021b   Thumb Code     0  __rtentry2.o(.ARM.Collect$$rtentry$$0000000A)
    __rt_entry_postsh_1                      0x0800021b   Thumb Code     0  __rtentry2.o(.ARM.Collect$$rtentry$$00000009)
    __rt_entry_main                          0x0800021f   Thumb Code     0  __rtentry2.o(.ARM.Collect$$rtentry$$0000000D)
    __rt_entry_postli_1                      0x0800021f   Thumb Code     0  __rtentry2.o(.ARM.Collect$$rtentry$$0000000C)
    __rt_exit                                0x08000227   Thumb Code     0  rtexit.o(.ARM.Collect$$rtexit$$00000000)
    __rt_exit_ls                             0x08000229   Thumb Code     0  rtexit2.o(.ARM.Collect$$rtexit$$00000003)
    __rt_exit_prels_1                        0x08000229   Thumb Code     0  rtexit2.o(.ARM.Collect$$rtexit$$00000002)
    __rt_exit_exit                           0x0800022d   Thumb Code     0  rtexit2.o(.ARM.Collect$$rtexit$$00000004)
    Reset_Handler                            0x08000235   Thumb Code     8  startup_stm32f10x_md.o(.text)
    ADC1_2_IRQHandler                        0x0800024f   Thumb Code     0  startup_stm32f10x_md.o(.text)
    CAN1_RX1_IRQHandler                      0x0800024f   Thumb Code     0  startup_stm32f10x_md.o(.text)
    CAN1_SCE_IRQHandler                      0x0800024f   Thumb Code     0  startup_stm32f10x_md.o(.text)
    DMA1_Channel1_IRQHandler                 0x0800024f   Thumb Code     0  startup_stm32f10x_md.o(.text)
    DMA1_Channel2_IRQHandler                 0x0800024f   Thumb Code     0  startup_stm32f10x_md.o(.text)
    DMA1_Channel3_IRQHandler                 0x0800024f   Thumb Code     0  startup_stm32f10x_md.o(.text)
    DMA1_Channel4_IRQHandler                 0x0800024f   Thumb Code     0  startup_stm32f10x_md.o(.text)
    DMA1_Channel5_IRQHandler                 0x0800024f   Thumb Code     0  startup_stm32f10x_md.o(.text)
    DMA1_Channel6_IRQHandler                 0x0800024f   Thumb Code     0  startup_stm32f10x_md.o(.text)
    DMA1_Channel7_IRQHandler                 0x0800024f   Thumb Code     0  startup_stm32f10x_md.o(.text)
    EXTI0_IRQHandler                         0x0800024f   Thumb Code     0  startup_stm32f10x_md.o(.text)
    EXTI15_10_IRQHandler                     0x0800024f   Thumb Code     0  startup_stm32f10x_md.o(.text)
    EXTI1_IRQHandler                         0x0800024f   Thumb Code     0  startup_stm32f10x_md.o(.text)
    EXTI2_IRQHandler                         0x0800024f   Thumb Code     0  startup_stm32f10x_md.o(.text)
    EXTI3_IRQHandler                         0x0800024f   Thumb Code     0  startup_stm32f10x_md.o(.text)
    EXTI4_IRQHandler                         0x0800024f   Thumb Code     0  startup_stm32f10x_md.o(.text)
    FLASH_IRQHandler                         0x0800024f   Thumb Code     0  startup_stm32f10x_md.o(.text)
    I2C1_ER_IRQHandler                       0x0800024f   Thumb Code     0  startup_stm32f10x_md.o(.text)
    I2C1_EV_IRQHandler                       0x0800024f   Thumb Code     0  startup_stm32f10x_md.o(.text)
    I2C2_ER_IRQHandler                       0x0800024f   Thumb Code     0  startup_stm32f10x_md.o(.text)
    I2C2_EV_IRQHandler                       0x0800024f   Thumb Code     0  startup_stm32f10x_md.o(.text)
    PVD_IRQHandler                           0x0800024f   Thumb Code     0  startup_stm32f10x_md.o(.text)
    RCC_IRQHandler                           0x0800024f   Thumb Code     0  startup_stm32f10x_md.o(.text)
    RTCAlarm_IRQHandler                      0x0800024f   Thumb Code     0  startup_stm32f10x_md.o(.text)
    RTC_IRQHandler                           0x0800024f   Thumb Code     0  startup_stm32f10x_md.o(.text)
    SPI1_IRQHandler                          0x0800024f   Thumb Code     0  startup_stm32f10x_md.o(.text)
    SPI2_IRQHandler                          0x0800024f   Thumb Code     0  startup_stm32f10x_md.o(.text)
    TAMPER_IRQHandler                        0x0800024f   Thumb Code     0  startup_stm32f10x_md.o(.text)
    TIM1_BRK_IRQHandler                      0x0800024f   Thumb Code     0  startup_stm32f10x_md.o(.text)
    TIM1_CC_IRQHandler                       0x0800024f   Thumb Code     0  startup_stm32f10x_md.o(.text)
    TIM1_TRG_COM_IRQHandler                  0x0800024f   Thumb Code     0  startup_stm32f10x_md.o(.text)
    TIM1_UP_IRQHandler                       0x0800024f   Thumb Code     0  startup_stm32f10x_md.o(.text)
    TIM2_IRQHandler                          0x0800024f   Thumb Code     0  startup_stm32f10x_md.o(.text)
    TIM3_IRQHandler                          0x0800024f   Thumb Code     0  startup_stm32f10x_md.o(.text)
    TIM4_IRQHandler                          0x0800024f   Thumb Code     0  startup_stm32f10x_md.o(.text)
    USART1_IRQHandler                        0x0800024f   Thumb Code     0  startup_stm32f10x_md.o(.text)
    USART2_IRQHandler                        0x0800024f   Thumb Code     0  startup_stm32f10x_md.o(.text)
    USBWakeUp_IRQHandler                     0x0800024f   Thumb Code     0  startup_stm32f10x_md.o(.text)
    USB_HP_CAN1_TX_IRQHandler                0x0800024f   Thumb Code     0  startup_stm32f10x_md.o(.text)
    USB_LP_CAN1_RX0_IRQHandler               0x0800024f   Thumb Code     0  startup_stm32f10x_md.o(.text)
    WWDG_IRQHandler                          0x0800024f   Thumb Code     0  startup_stm32f10x_md.o(.text)
    __user_initial_stackheap                 0x08000251   Thumb Code     0  startup_stm32f10x_md.o(.text)
    __use_no_semihosting                     0x08000275   Thumb Code     2  use_no_semi_2.o(.text)
    vsnprintf                                0x08000279   Thumb Code    48  vsnprintf.o(.text)
    __2sprintf                               0x080002ad   Thumb Code    38  __2sprintf.o(.text)
    _printf_str                              0x080002d9   Thumb Code    82  _printf_str.o(.text)
    __printf                                 0x0800032d   Thumb Code   388  __printf_flags_ss_wp.o(.text)
    strlen                                   0x080004b5   Thumb Code    62  strlen.o(.text)
    __aeabi_memcpy4                          0x080004f3   Thumb Code     0  rt_memcpy_w.o(.text)
    __aeabi_memcpy8                          0x080004f3   Thumb Code     0  rt_memcpy_w.o(.text)
    __rt_memcpy_w                            0x080004f3   Thumb Code   100  rt_memcpy_w.o(.text)
    _memcpy_lastbytes_aligned                0x0800053b   Thumb Code     0  rt_memcpy_w.o(.text)
    __use_two_region_memory                  0x08000557   Thumb Code     2  heapauxi.o(.text)
    __rt_heap_escrow$2region                 0x08000559   Thumb Code     2  heapauxi.o(.text)
    __rt_heap_expand$2region                 0x0800055b   Thumb Code     2  heapauxi.o(.text)
    __I$use$semihosting                      0x0800055d   Thumb Code     0  use_no_semi.o(.text)
    __use_no_semihosting_swi                 0x0800055d   Thumb Code     2  use_no_semi.o(.text)
    _printf_pre_padding                      0x0800055f   Thumb Code    44  _printf_pad.o(.text)
    _printf_post_padding                     0x0800058b   Thumb Code    34  _printf_pad.o(.text)
    _printf_truncate_signed                  0x080005ad   Thumb Code    18  _printf_truncate.o(.text)
    _printf_truncate_unsigned                0x080005bf   Thumb Code    18  _printf_truncate.o(.text)
    _printf_int_dec                          0x080005d1   Thumb Code   104  _printf_dec.o(.text)
    _printf_charcount                        0x08000649   Thumb Code    40  _printf_charcount.o(.text)
    _printf_char_common                      0x0800067b   Thumb Code    32  _printf_char_common.o(.text)
    _sputc                                   0x080006a1   Thumb Code    10  _sputc.o(.text)
    _snputc                                  0x080006ab   Thumb Code    16  _snputc.o(.text)
    _printf_cs_common                        0x080006bb   Thumb Code    20  _printf_char.o(.text)
    _printf_char                             0x080006cf   Thumb Code    16  _printf_char.o(.text)
    _printf_string                           0x080006df   Thumb Code     8  _printf_char.o(.text)
    _printf_wctomb                           0x080006e9   Thumb Code   182  _printf_wctomb.o(.text)
    _printf_longlong_dec                     0x080007a5   Thumb Code   108  _printf_longlong_dec.o(.text)
    _printf_longlong_oct                     0x08000821   Thumb Code    66  _printf_oct_int_ll.o(.text)
    _printf_int_oct                          0x08000863   Thumb Code    24  _printf_oct_int_ll.o(.text)
    _printf_ll_oct                           0x0800087b   Thumb Code    12  _printf_oct_int_ll.o(.text)
    _printf_longlong_hex                     0x08000891   Thumb Code    86  _printf_hex_int_ll_ptr.o(.text)
    _printf_int_hex                          0x080008e7   Thumb Code    28  _printf_hex_int_ll_ptr.o(.text)
    _printf_ll_hex                           0x08000903   Thumb Code    12  _printf_hex_int_ll_ptr.o(.text)
    _printf_hex_ptr                          0x0800090f   Thumb Code    18  _printf_hex_int_ll_ptr.o(.text)
    _ll_udiv10                               0x08000925   Thumb Code   138  lludiv10.o(.text)
    _printf_int_common                       0x080009af   Thumb Code   178  _printf_intcommon.o(.text)
    __lib_sel_fp_printf                      0x08000a61   Thumb Code     2  _printf_fp_dec.o(.text)
    _printf_fp_dec_real                      0x08000c13   Thumb Code   620  _printf_fp_dec.o(.text)
    _printf_fp_hex_real                      0x08000e81   Thumb Code   756  _printf_fp_hex.o(.text)
    _printf_lcs_common                       0x0800117d   Thumb Code    20  _printf_wchar.o(.text)
    _printf_wchar                            0x08001191   Thumb Code    16  _printf_wchar.o(.text)
    _printf_wstring                          0x080011a1   Thumb Code     8  _printf_wchar.o(.text)
    _wcrtomb                                 0x080011a9   Thumb Code    64  _wcrtomb.o(.text)
    __user_setup_stackheap                   0x080011e9   Thumb Code    74  sys_stackheap_outer.o(.text)
    __rt_ctype_table                         0x08001235   Thumb Code    16  rt_ctype_table.o(.text)
    __rt_locale                              0x08001245   Thumb Code     8  rt_locale_intlibspace.o(.text)
    _printf_fp_infnan                        0x0800124d   Thumb Code   112  _printf_fp_infnan.o(.text)
    _btod_etento                             0x080012cd   Thumb Code   224  bigflt0.o(.text)
    exit                                     0x080013b1   Thumb Code    18  exit.o(.text)
    __user_libspace                          0x080013c5   Thumb Code     8  libspace.o(.text)
    __user_perproc_libspace                  0x080013c5   Thumb Code     0  libspace.o(.text)
    __user_perthread_libspace                0x080013c5   Thumb Code     0  libspace.o(.text)
    strcmp                                   0x080013cd   Thumb Code   128  strcmpv7m.o(.text)
    _btod_d2e                                0x0800144d   Thumb Code    62  btod.o(CL$$btod_d2e)
    _d2e_denorm_low                          0x0800148b   Thumb Code    70  btod.o(CL$$btod_d2e_denorm_low)
    _d2e_norm_op1                            0x080014d1   Thumb Code    96  btod.o(CL$$btod_d2e_norm_op1)
    __btod_div_common                        0x08001531   Thumb Code   696  btod.o(CL$$btod_div_common)
    _e2e                                     0x08001869   Thumb Code   220  btod.o(CL$$btod_e2e)
    _btod_ediv                               0x08001945   Thumb Code    42  btod.o(CL$$btod_ediv)
    _btod_emul                               0x0800196f   Thumb Code    42  btod.o(CL$$btod_emul)
    __btod_mult_common                       0x08001999   Thumb Code   580  btod.o(CL$$btod_mult_common)
    ADC_ClearFlag                            0x08001bdd   Thumb Code     6  stm32f10x_adc.o(i.ADC_ClearFlag)
    ADC_Cmd                                  0x08001be3   Thumb Code    22  stm32f10x_adc.o(i.ADC_Cmd)
    ADC_Configuration                        0x08001bf9   Thumb Code   152  adc.o(i.ADC_Configuration)
    ADC_DMACmd                               0x08001c95   Thumb Code    22  stm32f10x_adc.o(i.ADC_DMACmd)
    ADC_DMA_Init                             0x08001cad   Thumb Code    76  adc.o(i.ADC_DMA_Init)
    ADC_GPIO_Init                            0x08001d05   Thumb Code    48  adc.o(i.ADC_GPIO_Init)
    ADC_GetCalibrationStatus                 0x08001d39   Thumb Code    20  stm32f10x_adc.o(i.ADC_GetCalibrationStatus)
    ADC_GetFlagStatus                        0x08001d4d   Thumb Code    18  stm32f10x_adc.o(i.ADC_GetFlagStatus)
    ADC_GetResetCalibrationStatus            0x08001d5f   Thumb Code    20  stm32f10x_adc.o(i.ADC_GetResetCalibrationStatus)
    ADC_Init                                 0x08001d75   Thumb Code    70  stm32f10x_adc.o(i.ADC_Init)
    ADC_RegularChannelConfig                 0x08001dc5   Thumb Code   184  stm32f10x_adc.o(i.ADC_RegularChannelConfig)
    ADC_ResetCalibration                     0x08001e7d   Thumb Code    10  stm32f10x_adc.o(i.ADC_ResetCalibration)
    ADC_SoftwareStartConvCmd                 0x08001e87   Thumb Code    22  stm32f10x_adc.o(i.ADC_SoftwareStartConvCmd)
    ADC_StartCalibration                     0x08001e9d   Thumb Code    10  stm32f10x_adc.o(i.ADC_StartCalibration)
    BKP_Configuration                        0x08001ea7   Thumb Code    20  bkp.o(i.BKP_Configuration)
    BKP_DeInit                               0x08001ebb   Thumb Code    16  stm32f10x_bkp.o(i.BKP_DeInit)
    BKP_ReadBackupRegister                   0x08001ecd   Thumb Code    24  stm32f10x_bkp.o(i.BKP_ReadBackupRegister)
    BKP_WriteBackupRegister                  0x08001ee9   Thumb Code    22  stm32f10x_bkp.o(i.BKP_WriteBackupRegister)
    BUZZER_BEEP1                             0x08001f05   Thumb Code    52  buzzer.o(i.BUZZER_BEEP1)
    BUZZER_BEEP3                             0x08001f3d   Thumb Code   140  buzzer.o(i.BUZZER_BEEP3)
    BUZZER_BEEP4                             0x08001fcd   Thumb Code   144  buzzer.o(i.BUZZER_BEEP4)
    BUZZER_Init                              0x08002061   Thumb Code    48  buzzer.o(i.BUZZER_Init)
    BusFault_Handler                         0x08002095   Thumb Code     4  stm32f10x_it.o(i.BusFault_Handler)
    CH376ByteWrite                           0x08002099   Thumb Code    88  filesys.o(i.CH376ByteWrite)
    CH376DiskConnect                         0x080020f1   Thumb Code    20  filesys.o(i.CH376DiskConnect)
    CH376DiskMount                           0x08002105   Thumb Code    10  filesys.o(i.CH376DiskMount)
    CH376FileClose                           0x0800210f   Thumb Code    14  filesys.o(i.CH376FileClose)
    CH376FileOpen                            0x0800211d   Thumb Code    38  filesys.o(i.CH376FileOpen)
    CH376GetDiskStatus                       0x08002143   Thumb Code    10  filesys.o(i.CH376GetDiskStatus)
    CH376GetIntStatus                        0x0800214d   Thumb Code    22  filesys.o(i.CH376GetIntStatus)
    CH376Read32bitDat                        0x08002163   Thumb Code    48  filesys.o(i.CH376Read32bitDat)
    CH376ReadVar32                           0x08002193   Thumb Code    22  filesys.o(i.CH376ReadVar32)
    CH376ReadVar8                            0x080021a9   Thumb Code    30  filesys.o(i.CH376ReadVar8)
    CH376SendCmdDatWaitInt                   0x080021c7   Thumb Code    28  filesys.o(i.CH376SendCmdDatWaitInt)
    CH376SendCmdWaitInt                      0x080021e3   Thumb Code    20  filesys.o(i.CH376SendCmdWaitInt)
    CH376SetFileName                         0x080021f7   Thumb Code   156  filesys.o(i.CH376SetFileName)
    CH376WriteReqBlock                       0x08002293   Thumb Code    46  filesys.o(i.CH376WriteReqBlock)
    CH376WriteVar32                          0x080022c1   Thumb Code    52  filesys.o(i.CH376WriteVar32)
    DHT11_Check                              0x080022f5   Thumb Code    88  dht11.o(i.DHT11_Check)
    DHT11_IO_IN                              0x08002351   Thumb Code    34  dht11.o(i.DHT11_IO_IN)
    DHT11_IO_OUT                             0x08002379   Thumb Code    40  dht11.o(i.DHT11_IO_OUT)
    DHT11_Init                               0x080023a5   Thumb Code    12  dht11.o(i.DHT11_Init)
    DHT11_RST                                0x080023b1   Thumb Code    40  dht11.o(i.DHT11_RST)
    DHT11_ReadBit                            0x080023dd   Thumb Code    88  dht11.o(i.DHT11_ReadBit)
    DHT11_ReadByte                           0x08002439   Thumb Code    28  dht11.o(i.DHT11_ReadByte)
    DHT11_ReadData                           0x08002455   Thumb Code    88  dht11.o(i.DHT11_ReadData)
    DMA_Cmd                                  0x080024ad   Thumb Code    24  stm32f10x_dma.o(i.DMA_Cmd)
    DMA_DeInit                               0x080024c5   Thumb Code   324  stm32f10x_dma.o(i.DMA_DeInit)
    DMA_Init                                 0x08002611   Thumb Code    60  stm32f10x_dma.o(i.DMA_Init)
    DebugMon_Handler                         0x0800264d   Thumb Code     2  stm32f10x_it.o(i.DebugMon_Handler)
    ENCODER_INT_INIT                         0x0800264f   Thumb Code   152  nvic.o(i.ENCODER_INT_INIT)
    ENCODER_Init                             0x080026e9   Thumb Code    52  encoder.o(i.ENCODER_Init)
    EXTI9_5_IRQHandler                       0x08002725   Thumb Code   150  nvic.o(i.EXTI9_5_IRQHandler)
    EXTI_ClearITPendingBit                   0x080027cd   Thumb Code     6  stm32f10x_exti.o(i.EXTI_ClearITPendingBit)
    EXTI_GetITStatus                         0x080027d9   Thumb Code    34  stm32f10x_exti.o(i.EXTI_GetITStatus)
    EXTI_Init                                0x08002801   Thumb Code   142  stm32f10x_exti.o(i.EXTI_Init)
    FLASH_PrefetchBufferCmd                  0x08002895   Thumb Code    22  stm32f10x_flash.o(i.FLASH_PrefetchBufferCmd)
    FLASH_SetLatency                         0x080028b1   Thumb Code    18  stm32f10x_flash.o(i.FLASH_SetLatency)
    GPIO_EXTILineConfig                      0x080028c9   Thumb Code    60  stm32f10x_gpio.o(i.GPIO_EXTILineConfig)
    GPIO_Init                                0x08002909   Thumb Code   278  stm32f10x_gpio.o(i.GPIO_Init)
    GPIO_ReadInputDataBit                    0x08002a1f   Thumb Code    18  stm32f10x_gpio.o(i.GPIO_ReadInputDataBit)
    GPIO_ResetBits                           0x08002a31   Thumb Code     4  stm32f10x_gpio.o(i.GPIO_ResetBits)
    GPIO_SetBits                             0x08002a35   Thumb Code     4  stm32f10x_gpio.o(i.GPIO_SetBits)
    GPIO_WriteBit                            0x08002a39   Thumb Code    10  stm32f10x_gpio.o(i.GPIO_WriteBit)
    HardFault_Handler                        0x08002a43   Thumb Code     4  stm32f10x_it.o(i.HardFault_Handler)
    I2C_AcknowledgeConfig                    0x08002a47   Thumb Code    24  stm32f10x_i2c.o(i.I2C_AcknowledgeConfig)
    I2C_CheckEvent                           0x08002a5f   Thumb Code    42  stm32f10x_i2c.o(i.I2C_CheckEvent)
    I2C_Cmd                                  0x08002a89   Thumb Code    24  stm32f10x_i2c.o(i.I2C_Cmd)
    I2C_Configuration                        0x08002aa1   Thumb Code    62  i2c.o(i.I2C_Configuration)
    I2C_GPIO_Init                            0x08002ae9   Thumb Code    46  i2c.o(i.I2C_GPIO_Init)
    I2C_GenerateSTART                        0x08002b1d   Thumb Code    24  stm32f10x_i2c.o(i.I2C_GenerateSTART)
    I2C_GenerateSTOP                         0x08002b35   Thumb Code    24  stm32f10x_i2c.o(i.I2C_GenerateSTOP)
    I2C_GetFlagStatus                        0x08002b4d   Thumb Code    58  stm32f10x_i2c.o(i.I2C_GetFlagStatus)
    I2C_Init                                 0x08002b89   Thumb Code   222  stm32f10x_i2c.o(i.I2C_Init)
    I2C_Read_Buffer                          0x08002c75   Thumb Code   218  i2c.o(i.I2C_Read_Buffer)
    I2C_ReceiveData                          0x08002d5d   Thumb Code     8  stm32f10x_i2c.o(i.I2C_ReceiveData)
    I2C_Send7bitAddress                      0x08002d65   Thumb Code    18  stm32f10x_i2c.o(i.I2C_Send7bitAddress)
    I2C_SendData                             0x08002d77   Thumb Code     4  stm32f10x_i2c.o(i.I2C_SendData)
    I2C_Send_Buffer                          0x08002d7d   Thumb Code   132  i2c.o(i.I2C_Send_Buffer)
    I2C_Send_Byte                            0x08002e0d   Thumb Code   112  i2c.o(i.I2C_Send_Byte)
    INVERSE_OLED_DISPLAY_16x16               0x08002e89   Thumb Code   160  oled0561.o(i.INVERSE_OLED_DISPLAY_16x16)
    INVERSE_OLED_DISPLAY_8x16                0x08002f2d   Thumb Code   154  oled0561.o(i.INVERSE_OLED_DISPLAY_8x16)
    Is_Leap_Year                             0x08002fcd   Thumb Code    58  rtc.o(i.Is_Leap_Year)
    LED_Init                                 0x08003009   Thumb Code    38  led.o(i.LED_Init)
    LM75A_GetTemp                            0x08003035   Thumb Code   176  lm75a.o(i.LM75A_GetTemp)
    MY1690_CMD2                              0x080030e5   Thumb Code   146  my1690.o(i.MY1690_CMD2)
    MY1690_Init                              0x0800317d   Thumb Code    72  my1690.o(i.MY1690_Init)
    MY1690_NEXT                              0x080031c5   Thumb Code    10  my1690.o(i.MY1690_NEXT)
    MY1690_PLAY                              0x080031d9   Thumb Code    10  my1690.o(i.MY1690_PLAY)
    MY1690_PREV                              0x080031ed   Thumb Code    10  my1690.o(i.MY1690_PREV)
    MY1690_STOP                              0x08003201   Thumb Code    10  my1690.o(i.MY1690_STOP)
    MY1690_VDOWN                             0x08003215   Thumb Code    10  my1690.o(i.MY1690_VDOWN)
    MY1690_VUP                               0x08003229   Thumb Code    10  my1690.o(i.MY1690_VUP)
    MemManage_Handler                        0x0800323d   Thumb Code     4  stm32f10x_it.o(i.MemManage_Handler)
    NMI_Handler                              0x08003241   Thumb Code     2  stm32f10x_it.o(i.NMI_Handler)
    NVIC_Configuration                       0x08003243   Thumb Code    12  sys.o(i.NVIC_Configuration)
    NVIC_Delay_Ms                            0x0800324f   Thumb Code    32  nvic.o(i.NVIC_Delay_Ms)
    NVIC_Delay_Us                            0x0800326f   Thumb Code    30  nvic.o(i.NVIC_Delay_Us)
    NVIC_Init                                0x0800328d   Thumb Code   100  misc.o(i.NVIC_Init)
    NVIC_PriorityGroupConfig                 0x080032fd   Thumb Code    10  misc.o(i.NVIC_PriorityGroupConfig)
    OLED0561_Init                            0x08003311   Thumb Code    16  oled0561.o(i.OLED0561_Init)
    OLED_DISPLAY_16x16                       0x08003321   Thumb Code   156  oled0561.o(i.OLED_DISPLAY_16x16)
    OLED_DISPLAY_8x16                        0x080033c1   Thumb Code   150  oled0561.o(i.OLED_DISPLAY_8x16)
    OLED_DISPLAY_CLEAR                       0x0800345d   Thumb Code    68  oled0561.o(i.OLED_DISPLAY_CLEAR)
    OLED_DISPLAY_LIT                         0x080034a1   Thumb Code    26  oled0561.o(i.OLED_DISPLAY_LIT)
    OLED_DISPLAY_OFF                         0x080034bd   Thumb Code    22  oled0561.o(i.OLED_DISPLAY_OFF)
    OLED_DISPLAY_ON                          0x080034d9   Thumb Code    30  oled0561.o(i.OLED_DISPLAY_ON)
    PWR_BackupAccessCmd                      0x08003515   Thumb Code     6  stm32f10x_pwr.o(i.PWR_BackupAccessCmd)
    PendSV_Handler                           0x08003521   Thumb Code     2  stm32f10x_it.o(i.PendSV_Handler)
    Query376Interrupt                        0x08003525   Thumb Code    18  ch376.o(i.Query376Interrupt)
    RCC_AHBPeriphClockCmd                    0x0800353d   Thumb Code    26  stm32f10x_rcc.o(i.RCC_AHBPeriphClockCmd)
    RCC_APB1PeriphClockCmd                   0x0800355d   Thumb Code    26  stm32f10x_rcc.o(i.RCC_APB1PeriphClockCmd)
    RCC_APB2PeriphClockCmd                   0x0800357d   Thumb Code    26  stm32f10x_rcc.o(i.RCC_APB2PeriphClockCmd)
    RCC_BackupResetCmd                       0x0800359d   Thumb Code     6  stm32f10x_rcc.o(i.RCC_BackupResetCmd)
    RCC_ClearFlag                            0x080035a9   Thumb Code    14  stm32f10x_rcc.o(i.RCC_ClearFlag)
    RCC_Configuration                        0x080035bd   Thumb Code   100  sys.o(i.RCC_Configuration)
    RCC_DeInit                               0x08003621   Thumb Code    64  stm32f10x_rcc.o(i.RCC_DeInit)
    RCC_GetClocksFreq                        0x0800366d   Thumb Code   192  stm32f10x_rcc.o(i.RCC_GetClocksFreq)
    RCC_GetFlagStatus                        0x08003741   Thumb Code    56  stm32f10x_rcc.o(i.RCC_GetFlagStatus)
    RCC_GetSYSCLKSource                      0x0800377d   Thumb Code    10  stm32f10x_rcc.o(i.RCC_GetSYSCLKSource)
    RCC_HCLKConfig                           0x0800378d   Thumb Code    18  stm32f10x_rcc.o(i.RCC_HCLKConfig)
    RCC_HSEConfig                            0x080037a5   Thumb Code    70  stm32f10x_rcc.o(i.RCC_HSEConfig)
    RCC_LSEConfig                            0x080037f1   Thumb Code    46  stm32f10x_rcc.o(i.RCC_LSEConfig)
    RCC_PCLK1Config                          0x08003825   Thumb Code    18  stm32f10x_rcc.o(i.RCC_PCLK1Config)
    RCC_PCLK2Config                          0x0800383d   Thumb Code    20  stm32f10x_rcc.o(i.RCC_PCLK2Config)
    RCC_PLLCmd                               0x08003855   Thumb Code     6  stm32f10x_rcc.o(i.RCC_PLLCmd)
    RCC_PLLConfig                            0x08003861   Thumb Code    24  stm32f10x_rcc.o(i.RCC_PLLConfig)
    RCC_RTCCLKCmd                            0x0800387d   Thumb Code     6  stm32f10x_rcc.o(i.RCC_RTCCLKCmd)
    RCC_RTCCLKConfig                         0x08003889   Thumb Code    12  stm32f10x_rcc.o(i.RCC_RTCCLKConfig)
    RCC_SYSCLKConfig                         0x08003899   Thumb Code    18  stm32f10x_rcc.o(i.RCC_SYSCLKConfig)
    RCC_WaitForHSEStartUp                    0x080038b1   Thumb Code    56  stm32f10x_rcc.o(i.RCC_WaitForHSEStartUp)
    RTC_Config                               0x080038e9   Thumb Code    62  rtc.o(i.RTC_Config)
    RTC_EnterConfigMode                      0x08003929   Thumb Code    14  stm32f10x_rtc.o(i.RTC_EnterConfigMode)
    RTC_ExitConfigMode                       0x0800393d   Thumb Code    16  stm32f10x_rtc.o(i.RTC_ExitConfigMode)
    RTC_First_Config                         0x08003951   Thumb Code    76  rtc.o(i.RTC_First_Config)
    RTC_Get                                  0x0800399d   Thumb Code   246  rtc.o(i.RTC_Get)
    RTC_GetCounter                           0x08003abd   Thumb Code    16  stm32f10x_rtc.o(i.RTC_GetCounter)
    RTC_SetPrescaler                         0x08003ad1   Thumb Code    26  stm32f10x_rtc.o(i.RTC_SetPrescaler)
    RTC_WaitForLastTask                      0x08003af1   Thumb Code    16  stm32f10x_rtc.o(i.RTC_WaitForLastTask)
    RTC_WaitForSynchro                       0x08003b05   Thumb Code    30  stm32f10x_rtc.o(i.RTC_WaitForSynchro)
    RTC_Zeller_Week                          0x08003b29   Thumb Code   114  rtc.o(i.RTC_Zeller_Week)
    SPI2_Init                                0x08003b9d   Thumb Code   172  spi.o(i.SPI2_Init)
    SPI2_SendByte                            0x08003c51   Thumb Code    50  spi.o(i.SPI2_SendByte)
    SPI_Cmd                                  0x08003c89   Thumb Code    24  stm32f10x_spi.o(i.SPI_Cmd)
    SPI_I2S_GetFlagStatus                    0x08003ca1   Thumb Code    18  stm32f10x_spi.o(i.SPI_I2S_GetFlagStatus)
    SPI_I2S_ReceiveData                      0x08003cb3   Thumb Code     6  stm32f10x_spi.o(i.SPI_I2S_ReceiveData)
    SPI_I2S_SendData                         0x08003cb9   Thumb Code     4  stm32f10x_spi.o(i.SPI_I2S_SendData)
    SPI_Init                                 0x08003cbd   Thumb Code    60  stm32f10x_spi.o(i.SPI_Init)
    SVC_Handler                              0x08003cf9   Thumb Code     2  stm32f10x_it.o(i.SVC_Handler)
    Spi376OutByte                            0x08003de5   Thumb Code    12  ch376.o(i.Spi376OutByte)
    SysTick_Handler                          0x08003df1   Thumb Code     2  stm32f10x_it.o(i.SysTick_Handler)
    SystemInit                               0x08003df5   Thumb Code    78  system_stm32f10x.o(i.SystemInit)
    USART3_IRQHandler                        0x08003e55   Thumb Code    46  usart.o(i.USART3_IRQHandler)
    USART3_Init                              0x08003e8d   Thumb Code   160  usart.o(i.USART3_Init)
    USART3_printf                            0x08003f35   Thumb Code    82  usart.o(i.USART3_printf)
    USART_Cmd                                0x08003f8d   Thumb Code    24  stm32f10x_usart.o(i.USART_Cmd)
    USART_GetFlagStatus                      0x08003fa5   Thumb Code    26  stm32f10x_usart.o(i.USART_GetFlagStatus)
    USART_GetITStatus                        0x08003fbf   Thumb Code    84  stm32f10x_usart.o(i.USART_GetITStatus)
    USART_ITConfig                           0x08004013   Thumb Code    74  stm32f10x_usart.o(i.USART_ITConfig)
    USART_Init                               0x0800405d   Thumb Code   210  stm32f10x_usart.o(i.USART_Init)
    USART_ReceiveData                        0x08004135   Thumb Code    10  stm32f10x_usart.o(i.USART_ReceiveData)
    USART_SendData                           0x0800413f   Thumb Code     8  stm32f10x_usart.o(i.USART_SendData)
    UsageFault_Handler                       0x08004147   Thumb Code     4  stm32f10x_it.o(i.UsageFault_Handler)
    Wait376Interrupt                         0x0800414d   Thumb Code    30  filesys.o(i.Wait376Interrupt)
    __ARM_fpclassify                         0x08004171   Thumb Code    40  fpclassify.o(i.__ARM_fpclassify)
    _is_digit                                0x08004199   Thumb Code    14  __printf_wp.o(i._is_digit)
    _sys_exit                                0x080041a7   Thumb Code     6  usart.o(i._sys_exit)
    delay_ms                                 0x080041ad   Thumb Code    26  delay.o(i.delay_ms)
    delay_us                                 0x080041c7   Thumb Code    46  delay.o(i.delay_us)
    mInitCH376Host                           0x080041f5   Thumb Code    80  ch376.o(i.mInitCH376Host)
    main                                     0x08004245   Thumb Code  8166  main.o(i.main)
    xEndCH376Cmd                             0x08006231   Thumb Code    14  ch376.o(i.xEndCH376Cmd)
    xReadCH376Data                           0x08006245   Thumb Code    20  ch376.o(i.xReadCH376Data)
    xWriteCH376Cmd                           0x08006259   Thumb Code    46  ch376.o(i.xWriteCH376Cmd)
    xWriteCH376Data                          0x0800628d   Thumb Code    20  ch376.o(i.xWriteCH376Data)
    _get_lc_numeric                          0x080062a1   Thumb Code    44  lc_numeric_c.o(locale$$code)
    _get_lc_ctype                            0x080062cd   Thumb Code    44  lc_ctype_c.o(locale$$code)
    _printf_fp_dec                           0x080062f9   Thumb Code     4  printf1.o(x$fpl$printf1)
    _printf_fp_hex                           0x080062fd   Thumb Code     4  printf2.o(x$fpl$printf2)
    __I$use$fp                               0x08006300   Number         0  usenofp.o(x$fpl$usenofp)
    table_week                               0x08006300   Data          12  rtc.o(.constdata)
    mon_table                                0x0800630c   Data          12  rtc.o(.constdata)
    ASCII_8x16                               0x08006318   Data        1536  oled0561.o(.constdata)
    GB_16                                    0x08006918   Data        1536  oled0561.o(.constdata)
    PIC1                                     0x08006f18   Data        1024  oled0561.o(.constdata)
    Region$$Table$$Base                      0x08007418   Number         0  anon$$obj.o(Region$$Table)
    Region$$Table$$Limit                     0x08007438   Number         0  anon$$obj.o(Region$$Table)
    __ctype                                  0x08007461   Data           0  lc_ctype_c.o(locale$$data)
    ryear                                    0x20000000   Data           2  rtc.o(.data)
    rmon                                     0x20000002   Data           1  rtc.o(.data)
    rday                                     0x20000003   Data           1  rtc.o(.data)
    rhour                                    0x20000004   Data           1  rtc.o(.data)
    rmin                                     0x20000005   Data           1  rtc.o(.data)
    rsec                                     0x20000006   Data           1  rtc.o(.data)
    rweek                                    0x20000007   Data           1  rtc.o(.data)
    __stdout                                 0x2000000c   Data           4  usart.o(.data)
    USART3_RX_STA                            0x20000010   Data           2  usart.o(.data)
    ADC_DMA_IN                               0x20000012   Data           6  adc.o(.data)
    INT_MARK                                 0x20000018   Data           1  nvic.o(.data)
    encoder_key                              0x20000019   Data           1  nvic.o(.data)
    arr1                                     0x20000030   Data          20  main.o(.bss)
    arr2                                     0x20000044   Data          20  main.o(.bss)
    arr3                                     0x20000058   Data          20  main.o(.bss)
    __libspace_start                         0x2000006c   Data          96  libspace.o(.bss)
    __temporary_stack_top$libspace           0x200000cc   Data           0  libspace.o(.bss)



==============================================================================

Memory Map of the image

  Image Entry point : 0x080000ed

  Load Region LR_IROM1 (Base: 0x08000000, Size: 0x00007594, Max: 0x00010000, ABSOLUTE)

    Execution Region ER_IROM1 (Exec base: 0x08000000, Load base: 0x08000000, Size: 0x00007564, Max: 0x00010000, ABSOLUTE)

    Exec Addr    Load Addr    Size         Type   Attr      Idx    E Section Name        Object

    0x08000000   0x08000000   0x000000ec   Data   RO         2905    RESET               startup_stm32f10x_md.o
    0x080000ec   0x080000ec   0x00000008   Code   RO         3069  * !!!main             c_w.l(__main.o)
    0x080000f4   0x080000f4   0x00000034   Code   RO         3364    !!!scatter          c_w.l(__scatter.o)
    0x08000128   0x08000128   0x0000001a   Code   RO         3366    !!handler_copy      c_w.l(__scatter_copy.o)
    0x08000142   0x08000142   0x00000002   PAD
    0x08000144   0x08000144   0x0000001c   Code   RO         3368    !!handler_zi        c_w.l(__scatter_zi.o)
    0x08000160   0x08000160   0x00000000   Code   RO         3062    .ARM.Collect$$_printf_percent$$00000000  c_w.l(_printf_percent.o)
    0x08000160   0x08000160   0x00000006   Code   RO         3123    .ARM.Collect$$_printf_percent$$00000001  c_w.l(_printf_n.o)
    0x08000166   0x08000166   0x00000006   Code   RO         3125    .ARM.Collect$$_printf_percent$$00000002  c_w.l(_printf_p.o)
    0x0800016c   0x0800016c   0x00000006   Code   RO         3130    .ARM.Collect$$_printf_percent$$00000003  c_w.l(_printf_f.o)
    0x08000172   0x08000172   0x00000006   Code   RO         3131    .ARM.Collect$$_printf_percent$$00000004  c_w.l(_printf_e.o)
    0x08000178   0x08000178   0x00000006   Code   RO         3132    .ARM.Collect$$_printf_percent$$00000005  c_w.l(_printf_g.o)
    0x0800017e   0x0800017e   0x00000006   Code   RO         3133    .ARM.Collect$$_printf_percent$$00000006  c_w.l(_printf_a.o)
    0x08000184   0x08000184   0x0000000a   Code   RO         3138    .ARM.Collect$$_printf_percent$$00000007  c_w.l(_printf_ll.o)
    0x0800018e   0x0800018e   0x00000006   Code   RO         3127    .ARM.Collect$$_printf_percent$$00000008  c_w.l(_printf_i.o)
    0x08000194   0x08000194   0x00000006   Code   RO         3128    .ARM.Collect$$_printf_percent$$00000009  c_w.l(_printf_d.o)
    0x0800019a   0x0800019a   0x00000006   Code   RO         3129    .ARM.Collect$$_printf_percent$$0000000A  c_w.l(_printf_u.o)
    0x080001a0   0x080001a0   0x00000006   Code   RO         3126    .ARM.Collect$$_printf_percent$$0000000B  c_w.l(_printf_o.o)
    0x080001a6   0x080001a6   0x00000006   Code   RO         3124    .ARM.Collect$$_printf_percent$$0000000C  c_w.l(_printf_x.o)
    0x080001ac   0x080001ac   0x00000006   Code   RO         3135    .ARM.Collect$$_printf_percent$$0000000D  c_w.l(_printf_lli.o)
    0x080001b2   0x080001b2   0x00000006   Code   RO         3136    .ARM.Collect$$_printf_percent$$0000000E  c_w.l(_printf_lld.o)
    0x080001b8   0x080001b8   0x00000006   Code   RO         3137    .ARM.Collect$$_printf_percent$$0000000F  c_w.l(_printf_llu.o)
    0x080001be   0x080001be   0x00000006   Code   RO         3142    .ARM.Collect$$_printf_percent$$00000010  c_w.l(_printf_llo.o)
    0x080001c4   0x080001c4   0x00000006   Code   RO         3143    .ARM.Collect$$_printf_percent$$00000011  c_w.l(_printf_llx.o)
    0x080001ca   0x080001ca   0x0000000a   Code   RO         3139    .ARM.Collect$$_printf_percent$$00000012  c_w.l(_printf_l.o)
    0x080001d4   0x080001d4   0x00000006   Code   RO         3122    .ARM.Collect$$_printf_percent$$00000013  c_w.l(_printf_c.o)
    0x080001da   0x080001da   0x00000006   Code   RO         3061    .ARM.Collect$$_printf_percent$$00000014  c_w.l(_printf_s.o)
    0x080001e0   0x080001e0   0x00000006   Code   RO         3140    .ARM.Collect$$_printf_percent$$00000015  c_w.l(_printf_lc.o)
    0x080001e6   0x080001e6   0x00000006   Code   RO         3141    .ARM.Collect$$_printf_percent$$00000016  c_w.l(_printf_ls.o)
    0x080001ec   0x080001ec   0x00000004   Code   RO         3134    .ARM.Collect$$_printf_percent$$00000017  c_w.l(_printf_percent_end.o)
    0x080001f0   0x080001f0   0x00000002   Code   RO         3228    .ARM.Collect$$libinit$$00000000  c_w.l(libinit.o)
    0x080001f2   0x080001f2   0x00000000   Code   RO         3245    .ARM.Collect$$libinit$$00000002  c_w.l(libinit2.o)
    0x080001f2   0x080001f2   0x00000000   Code   RO         3247    .ARM.Collect$$libinit$$00000004  c_w.l(libinit2.o)
    0x080001f2   0x080001f2   0x00000000   Code   RO         3250    .ARM.Collect$$libinit$$0000000A  c_w.l(libinit2.o)
    0x080001f2   0x080001f2   0x00000000   Code   RO         3252    .ARM.Collect$$libinit$$0000000C  c_w.l(libinit2.o)
    0x080001f2   0x080001f2   0x00000000   Code   RO         3254    .ARM.Collect$$libinit$$0000000E  c_w.l(libinit2.o)
    0x080001f2   0x080001f2   0x00000006   Code   RO         3255    .ARM.Collect$$libinit$$0000000F  c_w.l(libinit2.o)
    0x080001f8   0x080001f8   0x00000000   Code   RO         3257    .ARM.Collect$$libinit$$00000011  c_w.l(libinit2.o)
    0x080001f8   0x080001f8   0x0000000c   Code   RO         3258    .ARM.Collect$$libinit$$00000012  c_w.l(libinit2.o)
    0x08000204   0x08000204   0x00000000   Code   RO         3259    .ARM.Collect$$libinit$$00000013  c_w.l(libinit2.o)
    0x08000204   0x08000204   0x00000000   Code   RO         3261    .ARM.Collect$$libinit$$00000015  c_w.l(libinit2.o)
    0x08000204   0x08000204   0x0000000a   Code   RO         3262    .ARM.Collect$$libinit$$00000016  c_w.l(libinit2.o)
    0x0800020e   0x0800020e   0x00000000   Code   RO         3263    .ARM.Collect$$libinit$$00000017  c_w.l(libinit2.o)
    0x0800020e   0x0800020e   0x00000000   Code   RO         3265    .ARM.Collect$$libinit$$00000019  c_w.l(libinit2.o)
    0x0800020e   0x0800020e   0x00000000   Code   RO         3267    .ARM.Collect$$libinit$$0000001B  c_w.l(libinit2.o)
    0x0800020e   0x0800020e   0x00000000   Code   RO         3269    .ARM.Collect$$libinit$$0000001D  c_w.l(libinit2.o)
    0x0800020e   0x0800020e   0x00000000   Code   RO         3271    .ARM.Collect$$libinit$$0000001F  c_w.l(libinit2.o)
    0x0800020e   0x0800020e   0x00000000   Code   RO         3273    .ARM.Collect$$libinit$$00000021  c_w.l(libinit2.o)
    0x0800020e   0x0800020e   0x00000000   Code   RO         3275    .ARM.Collect$$libinit$$00000023  c_w.l(libinit2.o)
    0x0800020e   0x0800020e   0x00000000   Code   RO         3277    .ARM.Collect$$libinit$$00000025  c_w.l(libinit2.o)
    0x0800020e   0x0800020e   0x00000000   Code   RO         3281    .ARM.Collect$$libinit$$0000002C  c_w.l(libinit2.o)
    0x0800020e   0x0800020e   0x00000000   Code   RO         3283    .ARM.Collect$$libinit$$0000002E  c_w.l(libinit2.o)
    0x0800020e   0x0800020e   0x00000000   Code   RO         3285    .ARM.Collect$$libinit$$00000030  c_w.l(libinit2.o)
    0x0800020e   0x0800020e   0x00000000   Code   RO         3287    .ARM.Collect$$libinit$$00000032  c_w.l(libinit2.o)
    0x0800020e   0x0800020e   0x00000002   Code   RO         3288    .ARM.Collect$$libinit$$00000033  c_w.l(libinit2.o)
    0x08000210   0x08000210   0x00000002   Code   RO         3306    .ARM.Collect$$libshutdown$$00000000  c_w.l(libshutdown.o)
    0x08000212   0x08000212   0x00000000   Code   RO         3316    .ARM.Collect$$libshutdown$$00000002  c_w.l(libshutdown2.o)
    0x08000212   0x08000212   0x00000000   Code   RO         3318    .ARM.Collect$$libshutdown$$00000004  c_w.l(libshutdown2.o)
    0x08000212   0x08000212   0x00000000   Code   RO         3321    .ARM.Collect$$libshutdown$$00000007  c_w.l(libshutdown2.o)
    0x08000212   0x08000212   0x00000000   Code   RO         3324    .ARM.Collect$$libshutdown$$0000000A  c_w.l(libshutdown2.o)
    0x08000212   0x08000212   0x00000000   Code   RO         3326    .ARM.Collect$$libshutdown$$0000000C  c_w.l(libshutdown2.o)
    0x08000212   0x08000212   0x00000000   Code   RO         3329    .ARM.Collect$$libshutdown$$0000000F  c_w.l(libshutdown2.o)
    0x08000212   0x08000212   0x00000002   Code   RO         3330    .ARM.Collect$$libshutdown$$00000010  c_w.l(libshutdown2.o)
    0x08000214   0x08000214   0x00000000   Code   RO         3073    .ARM.Collect$$rtentry$$00000000  c_w.l(__rtentry.o)
    0x08000214   0x08000214   0x00000000   Code   RO         3153    .ARM.Collect$$rtentry$$00000002  c_w.l(__rtentry2.o)
    0x08000214   0x08000214   0x00000006   Code   RO         3165    .ARM.Collect$$rtentry$$00000004  c_w.l(__rtentry4.o)
    0x0800021a   0x0800021a   0x00000000   Code   RO         3155    .ARM.Collect$$rtentry$$00000009  c_w.l(__rtentry2.o)
    0x0800021a   0x0800021a   0x00000004   Code   RO         3156    .ARM.Collect$$rtentry$$0000000A  c_w.l(__rtentry2.o)
    0x0800021e   0x0800021e   0x00000000   Code   RO         3158    .ARM.Collect$$rtentry$$0000000C  c_w.l(__rtentry2.o)
    0x0800021e   0x0800021e   0x00000008   Code   RO         3159    .ARM.Collect$$rtentry$$0000000D  c_w.l(__rtentry2.o)
    0x08000226   0x08000226   0x00000002   Code   RO         3237    .ARM.Collect$$rtexit$$00000000  c_w.l(rtexit.o)
    0x08000228   0x08000228   0x00000000   Code   RO         3290    .ARM.Collect$$rtexit$$00000002  c_w.l(rtexit2.o)
    0x08000228   0x08000228   0x00000004   Code   RO         3291    .ARM.Collect$$rtexit$$00000003  c_w.l(rtexit2.o)
    0x0800022c   0x0800022c   0x00000006   Code   RO         3292    .ARM.Collect$$rtexit$$00000004  c_w.l(rtexit2.o)
    0x08000232   0x08000232   0x00000002   PAD
    0x08000234   0x08000234   0x00000040   Code   RO         2906    .text               startup_stm32f10x_md.o
    0x08000274   0x08000274   0x00000002   Code   RO         3029    .text               c_w.l(use_no_semi_2.o)
    0x08000276   0x08000276   0x00000002   PAD
    0x08000278   0x08000278   0x00000034   Code   RO         3031    .text               c_w.l(vsnprintf.o)
    0x080002ac   0x080002ac   0x0000002c   Code   RO         3033    .text               c_w.l(__2sprintf.o)
    0x080002d8   0x080002d8   0x00000052   Code   RO         3039    .text               c_w.l(_printf_str.o)
    0x0800032a   0x0800032a   0x00000002   PAD
    0x0800032c   0x0800032c   0x00000188   Code   RO         3058    .text               c_w.l(__printf_flags_ss_wp.o)
    0x080004b4   0x080004b4   0x0000003e   Code   RO         3063    .text               c_w.l(strlen.o)
    0x080004f2   0x080004f2   0x00000064   Code   RO         3065    .text               c_w.l(rt_memcpy_w.o)
    0x08000556   0x08000556   0x00000006   Code   RO         3067    .text               c_w.l(heapauxi.o)
    0x0800055c   0x0800055c   0x00000002   Code   RO         3071    .text               c_w.l(use_no_semi.o)
    0x0800055e   0x0800055e   0x0000004e   Code   RO         3074    .text               c_w.l(_printf_pad.o)
    0x080005ac   0x080005ac   0x00000024   Code   RO         3076    .text               c_w.l(_printf_truncate.o)
    0x080005d0   0x080005d0   0x00000078   Code   RO         3078    .text               c_w.l(_printf_dec.o)
    0x08000648   0x08000648   0x00000028   Code   RO         3080    .text               c_w.l(_printf_charcount.o)
    0x08000670   0x08000670   0x00000030   Code   RO         3082    .text               c_w.l(_printf_char_common.o)
    0x080006a0   0x080006a0   0x0000000a   Code   RO         3084    .text               c_w.l(_sputc.o)
    0x080006aa   0x080006aa   0x00000010   Code   RO         3086    .text               c_w.l(_snputc.o)
    0x080006ba   0x080006ba   0x0000002c   Code   RO         3088    .text               c_w.l(_printf_char.o)
    0x080006e6   0x080006e6   0x00000002   PAD
    0x080006e8   0x080006e8   0x000000bc   Code   RO         3090    .text               c_w.l(_printf_wctomb.o)
    0x080007a4   0x080007a4   0x0000007c   Code   RO         3093    .text               c_w.l(_printf_longlong_dec.o)
    0x08000820   0x08000820   0x00000070   Code   RO         3099    .text               c_w.l(_printf_oct_int_ll.o)
    0x08000890   0x08000890   0x00000094   Code   RO         3119    .text               c_w.l(_printf_hex_int_ll_ptr.o)
    0x08000924   0x08000924   0x0000008a   Code   RO         3167    .text               c_w.l(lludiv10.o)
    0x080009ae   0x080009ae   0x000000b2   Code   RO         3169    .text               c_w.l(_printf_intcommon.o)
    0x08000a60   0x08000a60   0x0000041e   Code   RO         3171    .text               c_w.l(_printf_fp_dec.o)
    0x08000e7e   0x08000e7e   0x00000002   PAD
    0x08000e80   0x08000e80   0x000002fc   Code   RO         3173    .text               c_w.l(_printf_fp_hex.o)
    0x0800117c   0x0800117c   0x0000002c   Code   RO         3178    .text               c_w.l(_printf_wchar.o)
    0x080011a8   0x080011a8   0x00000040   Code   RO         3180    .text               c_w.l(_wcrtomb.o)
    0x080011e8   0x080011e8   0x0000004a   Code   RO         3182    .text               c_w.l(sys_stackheap_outer.o)
    0x08001232   0x08001232   0x00000002   PAD
    0x08001234   0x08001234   0x00000010   Code   RO         3184    .text               c_w.l(rt_ctype_table.o)
    0x08001244   0x08001244   0x00000008   Code   RO         3189    .text               c_w.l(rt_locale_intlibspace.o)
    0x0800124c   0x0800124c   0x00000080   Code   RO         3191    .text               c_w.l(_printf_fp_infnan.o)
    0x080012cc   0x080012cc   0x000000e4   Code   RO         3193    .text               c_w.l(bigflt0.o)
    0x080013b0   0x080013b0   0x00000012   Code   RO         3221    .text               c_w.l(exit.o)
    0x080013c2   0x080013c2   0x00000002   PAD
    0x080013c4   0x080013c4   0x00000008   Code   RO         3234    .text               c_w.l(libspace.o)
    0x080013cc   0x080013cc   0x00000080   Code   RO         3242    .text               c_w.l(strcmpv7m.o)
    0x0800144c   0x0800144c   0x0000003e   Code   RO         3196    CL$$btod_d2e        c_w.l(btod.o)
    0x0800148a   0x0800148a   0x00000046   Code   RO         3198    CL$$btod_d2e_denorm_low  c_w.l(btod.o)
    0x080014d0   0x080014d0   0x00000060   Code   RO         3197    CL$$btod_d2e_norm_op1  c_w.l(btod.o)
    0x08001530   0x08001530   0x00000338   Code   RO         3206    CL$$btod_div_common  c_w.l(btod.o)
    0x08001868   0x08001868   0x000000dc   Code   RO         3203    CL$$btod_e2e        c_w.l(btod.o)
    0x08001944   0x08001944   0x0000002a   Code   RO         3200    CL$$btod_ediv       c_w.l(btod.o)
    0x0800196e   0x0800196e   0x0000002a   Code   RO         3199    CL$$btod_emul       c_w.l(btod.o)
    0x08001998   0x08001998   0x00000244   Code   RO         3205    CL$$btod_mult_common  c_w.l(btod.o)
    0x08001bdc   0x08001bdc   0x00000006   Code   RO         2469    i.ADC_ClearFlag     stm32f10x_adc.o
    0x08001be2   0x08001be2   0x00000016   Code   RO         2471    i.ADC_Cmd           stm32f10x_adc.o
    0x08001bf8   0x08001bf8   0x0000009c   Code   RO          371    i.ADC_Configuration  adc.o
    0x08001c94   0x08001c94   0x00000016   Code   RO         2472    i.ADC_DMACmd        stm32f10x_adc.o
    0x08001caa   0x08001caa   0x00000002   PAD
    0x08001cac   0x08001cac   0x00000058   Code   RO          372    i.ADC_DMA_Init      adc.o
    0x08001d04   0x08001d04   0x00000034   Code   RO          373    i.ADC_GPIO_Init     adc.o
    0x08001d38   0x08001d38   0x00000014   Code   RO         2479    i.ADC_GetCalibrationStatus  stm32f10x_adc.o
    0x08001d4c   0x08001d4c   0x00000012   Code   RO         2482    i.ADC_GetFlagStatus  stm32f10x_adc.o
    0x08001d5e   0x08001d5e   0x00000014   Code   RO         2485    i.ADC_GetResetCalibrationStatus  stm32f10x_adc.o
    0x08001d72   0x08001d72   0x00000002   PAD
    0x08001d74   0x08001d74   0x00000050   Code   RO         2489    i.ADC_Init          stm32f10x_adc.o
    0x08001dc4   0x08001dc4   0x000000b8   Code   RO         2493    i.ADC_RegularChannelConfig  stm32f10x_adc.o
    0x08001e7c   0x08001e7c   0x0000000a   Code   RO         2494    i.ADC_ResetCalibration  stm32f10x_adc.o
    0x08001e86   0x08001e86   0x00000016   Code   RO         2496    i.ADC_SoftwareStartConvCmd  stm32f10x_adc.o
    0x08001e9c   0x08001e9c   0x0000000a   Code   RO         2498    i.ADC_StartCalibration  stm32f10x_adc.o
    0x08001ea6   0x08001ea6   0x00000014   Code   RO          356    i.BKP_Configuration  bkp.o
    0x08001eba   0x08001eba   0x00000010   Code   RO         1313    i.BKP_DeInit        stm32f10x_bkp.o
    0x08001eca   0x08001eca   0x00000002   PAD
    0x08001ecc   0x08001ecc   0x0000001c   Code   RO         1318    i.BKP_ReadBackupRegister  stm32f10x_bkp.o
    0x08001ee8   0x08001ee8   0x0000001c   Code   RO         1322    i.BKP_WriteBackupRegister  stm32f10x_bkp.o
    0x08001f04   0x08001f04   0x00000038   Code   RO          531    i.BUZZER_BEEP1      buzzer.o
    0x08001f3c   0x08001f3c   0x00000090   Code   RO          533    i.BUZZER_BEEP3      buzzer.o
    0x08001fcc   0x08001fcc   0x00000094   Code   RO          534    i.BUZZER_BEEP4      buzzer.o
    0x08002060   0x08002060   0x00000034   Code   RO          535    i.BUZZER_Init       buzzer.o
    0x08002094   0x08002094   0x00000004   Code   RO         2964    i.BusFault_Handler  stm32f10x_it.o
    0x08002098   0x08002098   0x00000058   Code   RO         1043    i.CH376ByteWrite    filesys.o
    0x080020f0   0x080020f0   0x00000014   Code   RO         1048    i.CH376DiskConnect  filesys.o
    0x08002104   0x08002104   0x0000000a   Code   RO         1049    i.CH376DiskMount    filesys.o
    0x0800210e   0x0800210e   0x0000000e   Code   RO         1053    i.CH376FileClose    filesys.o
    0x0800211c   0x0800211c   0x00000026   Code   RO         1057    i.CH376FileOpen     filesys.o
    0x08002142   0x08002142   0x0000000a   Code   RO         1060    i.CH376GetDiskStatus  filesys.o
    0x0800214c   0x0800214c   0x00000016   Code   RO         1062    i.CH376GetIntStatus  filesys.o
    0x08002162   0x08002162   0x00000030   Code   RO         1063    i.CH376Read32bitDat  filesys.o
    0x08002192   0x08002192   0x00000016   Code   RO         1065    i.CH376ReadVar32    filesys.o
    0x080021a8   0x080021a8   0x0000001e   Code   RO         1066    i.CH376ReadVar8     filesys.o
    0x080021c6   0x080021c6   0x0000001c   Code   RO         1068    i.CH376SendCmdDatWaitInt  filesys.o
    0x080021e2   0x080021e2   0x00000014   Code   RO         1069    i.CH376SendCmdWaitInt  filesys.o
    0x080021f6   0x080021f6   0x0000009c   Code   RO         1071    i.CH376SetFileName  filesys.o
    0x08002292   0x08002292   0x0000002e   Code   RO         1074    i.CH376WriteReqBlock  filesys.o
    0x080022c0   0x080022c0   0x00000034   Code   RO         1075    i.CH376WriteVar32   filesys.o
    0x080022f4   0x080022f4   0x0000005c   Code   RO          816    i.DHT11_Check       dht11.o
    0x08002350   0x08002350   0x00000028   Code   RO          817    i.DHT11_IO_IN       dht11.o
    0x08002378   0x08002378   0x0000002c   Code   RO          818    i.DHT11_IO_OUT      dht11.o
    0x080023a4   0x080023a4   0x0000000c   Code   RO          819    i.DHT11_Init        dht11.o
    0x080023b0   0x080023b0   0x0000002c   Code   RO          820    i.DHT11_RST         dht11.o
    0x080023dc   0x080023dc   0x0000005c   Code   RO          821    i.DHT11_ReadBit     dht11.o
    0x08002438   0x08002438   0x0000001c   Code   RO          822    i.DHT11_ReadByte    dht11.o
    0x08002454   0x08002454   0x00000058   Code   RO          823    i.DHT11_ReadData    dht11.o
    0x080024ac   0x080024ac   0x00000018   Code   RO         2689    i.DMA_Cmd           stm32f10x_dma.o
    0x080024c4   0x080024c4   0x0000014c   Code   RO         2690    i.DMA_DeInit        stm32f10x_dma.o
    0x08002610   0x08002610   0x0000003c   Code   RO         2695    i.DMA_Init          stm32f10x_dma.o
    0x0800264c   0x0800264c   0x00000002   Code   RO         2965    i.DebugMon_Handler  stm32f10x_it.o
    0x0800264e   0x0800264e   0x00000098   Code   RO          401    i.ENCODER_INT_INIT  nvic.o
    0x080026e6   0x080026e6   0x00000002   PAD
    0x080026e8   0x080026e8   0x0000003c   Code   RO          579    i.ENCODER_Init      encoder.o
    0x08002724   0x08002724   0x000000a8   Code   RO          402    i.EXTI9_5_IRQHandler  nvic.o
    0x080027cc   0x080027cc   0x0000000c   Code   RO         1390    i.EXTI_ClearITPendingBit  stm32f10x_exti.o
    0x080027d8   0x080027d8   0x00000028   Code   RO         1394    i.EXTI_GetITStatus  stm32f10x_exti.o
    0x08002800   0x08002800   0x00000094   Code   RO         1395    i.EXTI_Init         stm32f10x_exti.o
    0x08002894   0x08002894   0x0000001c   Code   RO         1460    i.FLASH_PrefetchBufferCmd  stm32f10x_flash.o
    0x080028b0   0x080028b0   0x00000018   Code   RO         1465    i.FLASH_SetLatency  stm32f10x_flash.o
    0x080028c8   0x080028c8   0x00000040   Code   RO         1620    i.GPIO_EXTILineConfig  stm32f10x_gpio.o
    0x08002908   0x08002908   0x00000116   Code   RO         1623    i.GPIO_Init         stm32f10x_gpio.o
    0x08002a1e   0x08002a1e   0x00000012   Code   RO         1627    i.GPIO_ReadInputDataBit  stm32f10x_gpio.o
    0x08002a30   0x08002a30   0x00000004   Code   RO         1630    i.GPIO_ResetBits    stm32f10x_gpio.o
    0x08002a34   0x08002a34   0x00000004   Code   RO         1631    i.GPIO_SetBits      stm32f10x_gpio.o
    0x08002a38   0x08002a38   0x0000000a   Code   RO         1634    i.GPIO_WriteBit     stm32f10x_gpio.o
    0x08002a42   0x08002a42   0x00000004   Code   RO         2966    i.HardFault_Handler  stm32f10x_it.o
    0x08002a46   0x08002a46   0x00000018   Code   RO         1732    i.I2C_AcknowledgeConfig  stm32f10x_i2c.o
    0x08002a5e   0x08002a5e   0x0000002a   Code   RO         1734    i.I2C_CheckEvent    stm32f10x_i2c.o
    0x08002a88   0x08002a88   0x00000018   Code   RO         1737    i.I2C_Cmd           stm32f10x_i2c.o
    0x08002aa0   0x08002aa0   0x00000048   Code   RO          140    i.I2C_Configuration  i2c.o
    0x08002ae8   0x08002ae8   0x00000034   Code   RO          141    i.I2C_GPIO_Init     i2c.o
    0x08002b1c   0x08002b1c   0x00000018   Code   RO         1744    i.I2C_GenerateSTART  stm32f10x_i2c.o
    0x08002b34   0x08002b34   0x00000018   Code   RO         1745    i.I2C_GenerateSTOP  stm32f10x_i2c.o
    0x08002b4c   0x08002b4c   0x0000003a   Code   RO         1746    i.I2C_GetFlagStatus  stm32f10x_i2c.o
    0x08002b86   0x08002b86   0x00000002   PAD
    0x08002b88   0x08002b88   0x000000ec   Code   RO         1751    i.I2C_Init          stm32f10x_i2c.o
    0x08002c74   0x08002c74   0x000000e8   Code   RO          144    i.I2C_Read_Buffer   i2c.o
    0x08002d5c   0x08002d5c   0x00000008   Code   RO         1756    i.I2C_ReceiveData   stm32f10x_i2c.o
    0x08002d64   0x08002d64   0x00000012   Code   RO         1758    i.I2C_Send7bitAddress  stm32f10x_i2c.o
    0x08002d76   0x08002d76   0x00000004   Code   RO         1759    i.I2C_SendData      stm32f10x_i2c.o
    0x08002d7a   0x08002d7a   0x00000002   PAD
    0x08002d7c   0x08002d7c   0x00000090   Code   RO          148    i.I2C_Send_Buffer   i2c.o
    0x08002e0c   0x08002e0c   0x0000007c   Code   RO          149    i.I2C_Send_Byte     i2c.o
    0x08002e88   0x08002e88   0x000000a4   Code   RO          731    i.INVERSE_OLED_DISPLAY_16x16  oled0561.o
    0x08002f2c   0x08002f2c   0x000000a0   Code   RO          732    i.INVERSE_OLED_DISPLAY_8x16  oled0561.o
    0x08002fcc   0x08002fcc   0x0000003a   Code   RO          209    i.Is_Leap_Year      rtc.o
    0x08003006   0x08003006   0x00000002   PAD
    0x08003008   0x08003008   0x0000002c   Code   RO          619    i.LED_Init          led.o
    0x08003034   0x08003034   0x000000b0   Code   RO          641    i.LM75A_GetTemp     lm75a.o
    0x080030e4   0x080030e4   0x00000098   Code   RO          874    i.MY1690_CMD2       my1690.o
    0x0800317c   0x0800317c   0x00000048   Code   RO          876    i.MY1690_Init       my1690.o
    0x080031c4   0x080031c4   0x00000014   Code   RO          877    i.MY1690_NEXT       my1690.o
    0x080031d8   0x080031d8   0x00000014   Code   RO          879    i.MY1690_PLAY       my1690.o
    0x080031ec   0x080031ec   0x00000014   Code   RO          880    i.MY1690_PREV       my1690.o
    0x08003200   0x08003200   0x00000014   Code   RO          881    i.MY1690_STOP       my1690.o
    0x08003214   0x08003214   0x00000014   Code   RO          886    i.MY1690_VDOWN      my1690.o
    0x08003228   0x08003228   0x00000014   Code   RO          887    i.MY1690_VUP        my1690.o
    0x0800323c   0x0800323c   0x00000004   Code   RO         2967    i.MemManage_Handler  stm32f10x_it.o
    0x08003240   0x08003240   0x00000002   Code   RO         2968    i.NMI_Handler       stm32f10x_it.o
    0x08003242   0x08003242   0x0000000c   Code   RO          284    i.NVIC_Configuration  sys.o
    0x0800324e   0x0800324e   0x00000020   Code   RO          404    i.NVIC_Delay_Ms     nvic.o
    0x0800326e   0x0800326e   0x0000001e   Code   RO          405    i.NVIC_Delay_Us     nvic.o
    0x0800328c   0x0800328c   0x00000070   Code   RO         1275    i.NVIC_Init         misc.o
    0x080032fc   0x080032fc   0x00000014   Code   RO         1276    i.NVIC_PriorityGroupConfig  misc.o
    0x08003310   0x08003310   0x00000010   Code   RO          733    i.OLED0561_Init     oled0561.o
    0x08003320   0x08003320   0x000000a0   Code   RO          734    i.OLED_DISPLAY_16x16  oled0561.o
    0x080033c0   0x080033c0   0x0000009c   Code   RO          735    i.OLED_DISPLAY_8x16  oled0561.o
    0x0800345c   0x0800345c   0x00000044   Code   RO          737    i.OLED_DISPLAY_CLEAR  oled0561.o
    0x080034a0   0x080034a0   0x0000001a   Code   RO          738    i.OLED_DISPLAY_LIT  oled0561.o
    0x080034ba   0x080034ba   0x00000002   PAD
    0x080034bc   0x080034bc   0x0000001c   Code   RO          739    i.OLED_DISPLAY_OFF  oled0561.o
    0x080034d8   0x080034d8   0x0000003c   Code   RO          740    i.OLED_DISPLAY_ON   oled0561.o
    0x08003514   0x08003514   0x0000000c   Code   RO         1935    i.PWR_BackupAccessCmd  stm32f10x_pwr.o
    0x08003520   0x08003520   0x00000002   Code   RO         2969    i.PendSV_Handler    stm32f10x_it.o
    0x08003522   0x08003522   0x00000002   PAD
    0x08003524   0x08003524   0x00000018   Code   RO          973    i.Query376Interrupt  ch376.o
    0x0800353c   0x0800353c   0x00000020   Code   RO         1996    i.RCC_AHBPeriphClockCmd  stm32f10x_rcc.o
    0x0800355c   0x0800355c   0x00000020   Code   RO         1997    i.RCC_APB1PeriphClockCmd  stm32f10x_rcc.o
    0x0800357c   0x0800357c   0x00000020   Code   RO         1999    i.RCC_APB2PeriphClockCmd  stm32f10x_rcc.o
    0x0800359c   0x0800359c   0x0000000c   Code   RO         2002    i.RCC_BackupResetCmd  stm32f10x_rcc.o
    0x080035a8   0x080035a8   0x00000014   Code   RO         2003    i.RCC_ClearFlag     stm32f10x_rcc.o
    0x080035bc   0x080035bc   0x00000064   Code   RO          285    i.RCC_Configuration  sys.o
    0x08003620   0x08003620   0x0000004c   Code   RO         2006    i.RCC_DeInit        stm32f10x_rcc.o
    0x0800366c   0x0800366c   0x000000d4   Code   RO         2007    i.RCC_GetClocksFreq  stm32f10x_rcc.o
    0x08003740   0x08003740   0x0000003c   Code   RO         2008    i.RCC_GetFlagStatus  stm32f10x_rcc.o
    0x0800377c   0x0800377c   0x00000010   Code   RO         2010    i.RCC_GetSYSCLKSource  stm32f10x_rcc.o
    0x0800378c   0x0800378c   0x00000018   Code   RO         2011    i.RCC_HCLKConfig    stm32f10x_rcc.o
    0x080037a4   0x080037a4   0x0000004c   Code   RO         2012    i.RCC_HSEConfig     stm32f10x_rcc.o
    0x080037f0   0x080037f0   0x00000034   Code   RO         2015    i.RCC_LSEConfig     stm32f10x_rcc.o
    0x08003824   0x08003824   0x00000018   Code   RO         2018    i.RCC_PCLK1Config   stm32f10x_rcc.o
    0x0800383c   0x0800383c   0x00000018   Code   RO         2019    i.RCC_PCLK2Config   stm32f10x_rcc.o
    0x08003854   0x08003854   0x0000000c   Code   RO         2020    i.RCC_PLLCmd        stm32f10x_rcc.o
    0x08003860   0x08003860   0x0000001c   Code   RO         2021    i.RCC_PLLConfig     stm32f10x_rcc.o
    0x0800387c   0x0800387c   0x0000000c   Code   RO         2022    i.RCC_RTCCLKCmd     stm32f10x_rcc.o
    0x08003888   0x08003888   0x00000010   Code   RO         2023    i.RCC_RTCCLKConfig  stm32f10x_rcc.o
    0x08003898   0x08003898   0x00000018   Code   RO         2024    i.RCC_SYSCLKConfig  stm32f10x_rcc.o
    0x080038b0   0x080038b0   0x00000038   Code   RO         2026    i.RCC_WaitForHSEStartUp  stm32f10x_rcc.o
    0x080038e8   0x080038e8   0x0000003e   Code   RO          210    i.RTC_Config        rtc.o
    0x08003926   0x08003926   0x00000002   PAD
    0x08003928   0x08003928   0x00000014   Code   RO         2197    i.RTC_EnterConfigMode  stm32f10x_rtc.o
    0x0800393c   0x0800393c   0x00000014   Code   RO         2198    i.RTC_ExitConfigMode  stm32f10x_rtc.o
    0x08003950   0x08003950   0x0000004c   Code   RO          211    i.RTC_First_Config  rtc.o
    0x0800399c   0x0800399c   0x00000120   Code   RO          212    i.RTC_Get           rtc.o
    0x08003abc   0x08003abc   0x00000014   Code   RO         2199    i.RTC_GetCounter    stm32f10x_rtc.o
    0x08003ad0   0x08003ad0   0x00000020   Code   RO         2206    i.RTC_SetPrescaler  stm32f10x_rtc.o
    0x08003af0   0x08003af0   0x00000014   Code   RO         2207    i.RTC_WaitForLastTask  stm32f10x_rtc.o
    0x08003b04   0x08003b04   0x00000024   Code   RO         2208    i.RTC_WaitForSynchro  stm32f10x_rtc.o
    0x08003b28   0x08003b28   0x00000072   Code   RO          215    i.RTC_Zeller_Week   rtc.o
    0x08003b9a   0x08003b9a   0x00000002   PAD
    0x08003b9c   0x08003b9c   0x000000b4   Code   RO          446    i.SPI2_Init         spi.o
    0x08003c50   0x08003c50   0x00000038   Code   RO          447    i.SPI2_SendByte     spi.o
    0x08003c88   0x08003c88   0x00000018   Code   RO         2764    i.SPI_Cmd           stm32f10x_spi.o
    0x08003ca0   0x08003ca0   0x00000012   Code   RO         2772    i.SPI_I2S_GetFlagStatus  stm32f10x_spi.o
    0x08003cb2   0x08003cb2   0x00000006   Code   RO         2775    i.SPI_I2S_ReceiveData  stm32f10x_spi.o
    0x08003cb8   0x08003cb8   0x00000004   Code   RO         2776    i.SPI_I2S_SendData  stm32f10x_spi.o
    0x08003cbc   0x08003cbc   0x0000003c   Code   RO         2777    i.SPI_Init          stm32f10x_spi.o
    0x08003cf8   0x08003cf8   0x00000002   Code   RO         2970    i.SVC_Handler       stm32f10x_it.o
    0x08003cfa   0x08003cfa   0x00000008   Code   RO          478    i.SetSysClock       system_stm32f10x.o
    0x08003d02   0x08003d02   0x00000002   PAD
    0x08003d04   0x08003d04   0x000000e0   Code   RO          479    i.SetSysClockTo72   system_stm32f10x.o
    0x08003de4   0x08003de4   0x0000000c   Code   RO          975    i.Spi376OutByte     ch376.o
    0x08003df0   0x08003df0   0x00000002   Code   RO         2971    i.SysTick_Handler   stm32f10x_it.o
    0x08003df2   0x08003df2   0x00000002   PAD
    0x08003df4   0x08003df4   0x00000060   Code   RO          481    i.SystemInit        system_stm32f10x.o
    0x08003e54   0x08003e54   0x00000038   Code   RO          305    i.USART3_IRQHandler  usart.o
    0x08003e8c   0x08003e8c   0x000000a8   Code   RO          306    i.USART3_Init       usart.o
    0x08003f34   0x08003f34   0x00000058   Code   RO          307    i.USART3_printf     usart.o
    0x08003f8c   0x08003f8c   0x00000018   Code   RO         2289    i.USART_Cmd         stm32f10x_usart.o
    0x08003fa4   0x08003fa4   0x0000001a   Code   RO         2292    i.USART_GetFlagStatus  stm32f10x_usart.o
    0x08003fbe   0x08003fbe   0x00000054   Code   RO         2293    i.USART_GetITStatus  stm32f10x_usart.o
    0x08004012   0x08004012   0x0000004a   Code   RO         2295    i.USART_ITConfig    stm32f10x_usart.o
    0x0800405c   0x0800405c   0x000000d8   Code   RO         2296    i.USART_Init        stm32f10x_usart.o
    0x08004134   0x08004134   0x0000000a   Code   RO         2303    i.USART_ReceiveData  stm32f10x_usart.o
    0x0800413e   0x0800413e   0x00000008   Code   RO         2306    i.USART_SendData    stm32f10x_usart.o
    0x08004146   0x08004146   0x00000004   Code   RO         2972    i.UsageFault_Handler  stm32f10x_it.o
    0x0800414a   0x0800414a   0x00000002   PAD
    0x0800414c   0x0800414c   0x00000024   Code   RO         1077    i.Wait376Interrupt  filesys.o
    0x08004170   0x08004170   0x00000028   Code   RO         3232    i.__ARM_fpclassify  m_ws.l(fpclassify.o)
    0x08004198   0x08004198   0x0000000e   Code   RO         3051    i._is_digit         c_w.l(__printf_wp.o)
    0x080041a6   0x080041a6   0x00000006   Code   RO          308    i._sys_exit         usart.o
    0x080041ac   0x080041ac   0x0000001a   Code   RO            1    i.delay_ms          delay.o
    0x080041c6   0x080041c6   0x0000002e   Code   RO            3    i.delay_us          delay.o
    0x080041f4   0x080041f4   0x00000050   Code   RO          976    i.mInitCH376Host    ch376.o
    0x08004244   0x08004244   0x00001fec   Code   RO         2910    i.main              main.o
    0x08006230   0x08006230   0x00000014   Code   RO          977    i.xEndCH376Cmd      ch376.o
    0x08006244   0x08006244   0x00000014   Code   RO          978    i.xReadCH376Data    ch376.o
    0x08006258   0x08006258   0x00000034   Code   RO          979    i.xWriteCH376Cmd    ch376.o
    0x0800628c   0x0800628c   0x00000014   Code   RO          980    i.xWriteCH376Data   ch376.o
    0x080062a0   0x080062a0   0x0000002c   Code   RO         3219    locale$$code        c_w.l(lc_numeric_c.o)
    0x080062cc   0x080062cc   0x0000002c   Code   RO         3240    locale$$code        c_w.l(lc_ctype_c.o)
    0x080062f8   0x080062f8   0x00000004   Code   RO         3144    x$fpl$printf1       fz_ws.l(printf1.o)
    0x080062fc   0x080062fc   0x00000004   Code   RO         3146    x$fpl$printf2       fz_ws.l(printf2.o)
    0x08006300   0x08006300   0x00000000   Code   RO         3231    x$fpl$usenofp       fz_ws.l(usenofp.o)
    0x08006300   0x08006300   0x00000018   Data   RO          216    .constdata          rtc.o
    0x08006318   0x08006318   0x00001000   Data   RO          742    .constdata          oled0561.o
    0x08007318   0x08007318   0x00000011   Data   RO         3059    .constdata          c_w.l(__printf_flags_ss_wp.o)
    0x08007329   0x08007329   0x00000003   PAD
    0x0800732c   0x0800732c   0x00000008   Data   RO         3091    .constdata          c_w.l(_printf_wctomb.o)
    0x08007334   0x08007334   0x00000028   Data   RO         3120    .constdata          c_w.l(_printf_hex_int_ll_ptr.o)
    0x0800735c   0x0800735c   0x00000026   Data   RO         3174    .constdata          c_w.l(_printf_fp_hex.o)
    0x08007382   0x08007382   0x00000002   PAD
    0x08007384   0x08007384   0x00000094   Data   RO         3194    .constdata          c_w.l(bigflt0.o)
    0x08007418   0x08007418   0x00000020   Data   RO         3362    Region$$Table       anon$$obj.o
    0x08007438   0x08007438   0x0000001c   Data   RO         3218    locale$$data        c_w.l(lc_numeric_c.o)
    0x08007454   0x08007454   0x00000110   Data   RO         3239    locale$$data        c_w.l(lc_ctype_c.o)


    Execution Region RW_IRAM1 (Exec base: 0x20000000, Load base: 0x08007564, Size: 0x000006d0, Max: 0x00005000, ABSOLUTE)

    Exec Addr    Load Addr    Size         Type   Attr      Idx    E Section Name        Object

    0x20000000   0x08007564   0x0000000a   Data   RW          217    .data               rtc.o
    0x2000000a   0x0800756e   0x00000002   PAD
    0x2000000c   0x08007570   0x00000006   Data   RW          311    .data               usart.o
    0x20000012   0x08007576   0x00000006   Data   RW          374    .data               adc.o
    0x20000018   0x0800757c   0x00000002   Data   RW          406    .data               nvic.o
    0x2000001a   0x0800757e   0x00000014   Data   RW         2027    .data               stm32f10x_rcc.o
    0x2000002e   0x08007592   0x00000002   PAD
    0x20000030        -       0x0000003c   Zero   RW         2911    .bss                main.o
    0x2000006c        -       0x00000060   Zero   RW         3235    .bss                c_w.l(libspace.o)
    0x200000cc   0x08007592   0x00000004   PAD
    0x200000d0        -       0x00000200   Zero   RW         2904    HEAP                startup_stm32f10x_md.o
    0x200002d0        -       0x00000400   Zero   RW         2903    STACK               startup_stm32f10x_md.o


==============================================================================

Image component sizes


      Code (inc. data)   RO Data    RW Data    ZI Data      Debug   Object Name

       296         20          0          6          0       2032   adc.o
        20          0          0          0          0        408   bkp.o
       400         16          0          0          0       1999   buzzer.o
       228         18          0          0          0      14444   ch376.o
         0          0          0          0          0         32   core_cm3.o
        72          0          0          0          0     267282   delay.o
       440         22          0          0          0       4362   dht11.o
        60          8          0          0          0        467   encoder.o
       640          6          0          0          0       8388   filesys.o
       624         54          0          0          0       3284   i2c.o
        44          6          0          0          0        435   led.o
       176          0          0          0          0       1056   lm75a.o
      8172        160          0          0         60       5858   main.o
       132         22          0          0          0       1427   misc.o
       344         66          0          0          0       3532   my1690.o
       382         18          0          2          0       2235   nvic.o
       838         56       4096          0          0       6147   oled0561.o
       598         42         24         10          0       4092   rtc.o
       236         14          0          0          0       1064   spi.o
        64         26        236          0       1536        764   startup_stm32f10x_md.o
       414         10          0          0          0       7813   stm32f10x_adc.o
        72         10          0          0          0       2516   stm32f10x_bkp.o
       416          8          0          0          0       3238   stm32f10x_dma.o
       200         18          0          0          0       1936   stm32f10x_exti.o
        52         12          0          0          0        957   stm32f10x_flash.o
       378          4          0          0          0       4466   stm32f10x_gpio.o
       462         14          0          0          0       7020   stm32f10x_i2c.o
        26          0          0          0          0       3434   stm32f10x_it.o
        12          6          0          0          0        442   stm32f10x_pwr.o
       840        126          0         20          0      12182   stm32f10x_rcc.o
       148         30          0          0          0       2542   stm32f10x_rtc.o
       112          0          0          0          0       3518   stm32f10x_spi.o
       442          6          0          0          0       5717   stm32f10x_usart.o
       112          0          0          0          0        925   sys.o
       328         28          0          0          0       1817   system_stm32f10x.o
       318         24          0          6          0       4092   usart.o

    ----------------------------------------------------------------------
     18126        850       4388         48       1596     391923   Object Totals
         0          0         32          0          0          0   (incl. Generated)
        28          0          0          4          0          0   (incl. Padding)

    ----------------------------------------------------------------------

      Code (inc. data)   RO Data    RW Data    ZI Data      Debug   Library Member Name

        44          6          0          0          0         84   __2sprintf.o
         8          0          0          0          0         68   __main.o
       392          4         17          0          0         92   __printf_flags_ss_wp.o
        14          0          0          0          0         68   __printf_wp.o
         0          0          0          0          0          0   __rtentry.o
        12          0          0          0          0          0   __rtentry2.o
         6          0          0          0          0          0   __rtentry4.o
        52          8          0          0          0          0   __scatter.o
        26          0          0          0          0          0   __scatter_copy.o
        28          0          0          0          0          0   __scatter_zi.o
         6          0          0          0          0          0   _printf_a.o
         6          0          0          0          0          0   _printf_c.o
        44          0          0          0          0        108   _printf_char.o
        48          6          0          0          0         96   _printf_char_common.o
        40          0          0          0          0         68   _printf_charcount.o
         6          0          0          0          0          0   _printf_d.o
       120         16          0          0          0         92   _printf_dec.o
         6          0          0          0          0          0   _printf_e.o
         6          0          0          0          0          0   _printf_f.o
      1054          0          0          0          0        216   _printf_fp_dec.o
       764          8         38          0          0        100   _printf_fp_hex.o
       128         16          0          0          0         84   _printf_fp_infnan.o
         6          0          0          0          0          0   _printf_g.o
       148          4         40          0          0        160   _printf_hex_int_ll_ptr.o
         6          0          0          0          0          0   _printf_i.o
       178          0          0          0          0         88   _printf_intcommon.o
        10          0          0          0          0          0   _printf_l.o
         6          0          0          0          0          0   _printf_lc.o
        10          0          0          0          0          0   _printf_ll.o
         6          0          0          0          0          0   _printf_lld.o
         6          0          0          0          0          0   _printf_lli.o
         6          0          0          0          0          0   _printf_llo.o
         6          0          0          0          0          0   _printf_llu.o
         6          0          0          0          0          0   _printf_llx.o
       124         16          0          0          0         92   _printf_longlong_dec.o
         6          0          0          0          0          0   _printf_ls.o
         6          0          0          0          0          0   _printf_n.o
         6          0          0          0          0          0   _printf_o.o
       112         10          0          0          0        124   _printf_oct_int_ll.o
         6          0          0          0          0          0   _printf_p.o
        78          0          0          0          0        108   _printf_pad.o
         0          0          0          0          0          0   _printf_percent.o
         4          0          0          0          0          0   _printf_percent_end.o
         6          0          0          0          0          0   _printf_s.o
        82          0          0          0          0         80   _printf_str.o
        36          0          0          0          0         84   _printf_truncate.o
         6          0          0          0          0          0   _printf_u.o
        44          0          0          0          0        108   _printf_wchar.o
       188          6          8          0          0         92   _printf_wctomb.o
         6          0          0          0          0          0   _printf_x.o
        16          0          0          0          0         68   _snputc.o
        10          0          0          0          0         68   _sputc.o
        64          0          0          0          0         92   _wcrtomb.o
       228          4        148          0          0         96   bigflt0.o
      1936        128          0          0          0        672   btod.o
        18          0          0          0          0         80   exit.o
         6          0          0          0          0        152   heapauxi.o
        44         10        272          0          0         76   lc_ctype_c.o
        44         10         28          0          0         76   lc_numeric_c.o
         2          0          0          0          0          0   libinit.o
        30          0          0          0          0          0   libinit2.o
         2          0          0          0          0          0   libshutdown.o
         2          0          0          0          0          0   libshutdown2.o
         8          4          0          0         96         68   libspace.o
       138          0          0          0          0         80   lludiv10.o
        16          4          0          0          0         76   rt_ctype_table.o
         8          4          0          0          0         68   rt_locale_intlibspace.o
       100          0          0          0          0         80   rt_memcpy_w.o
         2          0          0          0          0          0   rtexit.o
        10          0          0          0          0          0   rtexit2.o
       128          0          0          0          0         68   strcmpv7m.o
        62          0          0          0          0         76   strlen.o
        74          0          0          0          0         80   sys_stackheap_outer.o
         2          0          0          0          0         68   use_no_semi.o
         2          0          0          0          0         68   use_no_semi_2.o
        52          4          0          0          0         80   vsnprintf.o
         4          0          0          0          0         68   printf1.o
         4          0          0          0          0         68   printf2.o
         0          0          0          0          0          0   usenofp.o
        40          0          0          0          0         68   fpclassify.o

    ----------------------------------------------------------------------
      6982        268        556          0        100       4408   Library Totals
        16          0          5          0          4          0   (incl. Padding)

    ----------------------------------------------------------------------

      Code (inc. data)   RO Data    RW Data    ZI Data      Debug   Library Name

      6918        268        551          0         96       4204   c_w.l
         8          0          0          0          0        136   fz_ws.l
        40          0          0          0          0         68   m_ws.l

    ----------------------------------------------------------------------
      6982        268        556          0        100       4408   Library Totals

    ----------------------------------------------------------------------

==============================================================================


      Code (inc. data)   RO Data    RW Data    ZI Data      Debug   

     25108       1118       4944         48       1696     385095   Grand Totals
     25108       1118       4944         48       1696     385095   ELF Image Totals
     25108       1118       4944         48          0          0   ROM Totals

==============================================================================

    Total RO  Size (Code + RO Data)                30052 (  29.35kB)
    Total RW  Size (RW Data + ZI Data)              1744 (   1.70kB)
    Total ROM Size (Code + RO Data + RW Data)      30100 (  29.39kB)

==============================================================================

